Component: ARM Compiler 5.06 (build 20) Tool: armlink [4d35a3]

==============================================================================

Section Cross References

    startup_stm32l412xx.o(RESET) refers to startup_stm32l412xx.o(STACK) for __initial_sp
    startup_stm32l412xx.o(RESET) refers to startup_stm32l412xx.o(.text) for Reset_Handler
    startup_stm32l412xx.o(RESET) refers to stm32l4xx_it.o(i.NMI_Handler) for NMI_Handler
    startup_stm32l412xx.o(RESET) refers to stm32l4xx_it.o(i.HardFault_Handler) for HardFault_Handler
    startup_stm32l412xx.o(RESET) refers to stm32l4xx_it.o(i.MemManage_Handler) for MemManage_Handler
    startup_stm32l412xx.o(RESET) refers to stm32l4xx_it.o(i.BusFault_Handler) for BusFault_Handler
    startup_stm32l412xx.o(RESET) refers to stm32l4xx_it.o(i.UsageFault_Handler) for UsageFault_Handler
    startup_stm32l412xx.o(RESET) refers to stm32l4xx_it.o(i.SVC_Handler) for SVC_Handler
    startup_stm32l412xx.o(RESET) refers to stm32l4xx_it.o(i.DebugMon_Handler) for DebugMon_Handler
    startup_stm32l412xx.o(RESET) refers to stm32l4xx_it.o(i.PendSV_Handler) for PendSV_Handler
    startup_stm32l412xx.o(RESET) refers to stm32l4xx_it.o(i.SysTick_Handler) for SysTick_Handler
    startup_stm32l412xx.o(RESET) refers to stm32l4xx_it.o(i.USB_IRQHandler) for USB_IRQHandler
    startup_stm32l412xx.o(.text) refers to system_stm32l4xx.o(i.SystemInit) for SystemInit
    startup_stm32l412xx.o(.text) refers to entry.o(.ARM.Collect$$$$00000000) for __main
    main.o(i.SystemClock_Config) refers to memseta.o(.text) for __aeabi_memclr4
    main.o(i.SystemClock_Config) refers to stm32l4xx_hal_pwr_ex.o(i.HAL_PWREx_ControlVoltageScaling) for HAL_PWREx_ControlVoltageScaling
    main.o(i.SystemClock_Config) refers to stm32l4xx_hal_rcc.o(i.HAL_RCC_OscConfig) for HAL_RCC_OscConfig
    main.o(i.SystemClock_Config) refers to stm32l4xx_hal_rcc.o(i.HAL_RCC_ClockConfig) for HAL_RCC_ClockConfig
    main.o(i.SystemClock_Config) refers to stm32l4xx_hal_rcc_ex.o(i.HAL_RCCEx_PeriphCLKConfig) for HAL_RCCEx_PeriphCLKConfig
    main.o(i.main) refers to stm32l4xx_hal.o(i.HAL_Init) for HAL_Init
    main.o(i.main) refers to main.o(i.SystemClock_Config) for SystemClock_Config
    main.o(i.main) refers to gpio.o(i.MX_GPIO_Init) for MX_GPIO_Init
    main.o(i.main) refers to usb_device.o(i.MX_USB_DEVICE_Init) for MX_USB_DEVICE_Init
    gpio.o(i.MX_GPIO_Init) refers to memseta.o(.text) for __aeabi_memclr4
    gpio.o(i.MX_GPIO_Init) refers to stm32l4xx_hal_gpio.o(i.HAL_GPIO_WritePin) for HAL_GPIO_WritePin
    gpio.o(i.MX_GPIO_Init) refers to stm32l4xx_hal_gpio.o(i.HAL_GPIO_Init) for HAL_GPIO_Init
    usb_device.o(i.MX_USB_DEVICE_Init) refers to usbd_core.o(i.USBD_Init) for USBD_Init
    usb_device.o(i.MX_USB_DEVICE_Init) refers to main.o(i.Error_Handler) for Error_Handler
    usb_device.o(i.MX_USB_DEVICE_Init) refers to usbd_core.o(i.USBD_RegisterClass) for USBD_RegisterClass
    usb_device.o(i.MX_USB_DEVICE_Init) refers to usbd_customhid.o(i.USBD_CUSTOM_HID_RegisterInterface) for USBD_CUSTOM_HID_RegisterInterface
    usb_device.o(i.MX_USB_DEVICE_Init) refers to usbd_core.o(i.USBD_Start) for USBD_Start
    usb_device.o(i.MX_USB_DEVICE_Init) refers to usbd_desc.o(.data) for FS_Desc
    usb_device.o(i.MX_USB_DEVICE_Init) refers to usb_device.o(.bss) for .bss
    usb_device.o(i.MX_USB_DEVICE_Init) refers to usbd_customhid.o(.data) for USBD_CUSTOM_HID
    usb_device.o(i.MX_USB_DEVICE_Init) refers to usbd_custom_hid_if.o(.data) for USBD_CustomHID_fops_FS
    usbd_conf.o(i.HAL_PCDEx_LPM_Callback) refers to usbd_core.o(i.USBD_LL_Suspend) for USBD_LL_Suspend
    usbd_conf.o(i.HAL_PCDEx_LPM_Callback) refers to main.o(i.SystemClock_Config) for SystemClock_Config
    usbd_conf.o(i.HAL_PCDEx_LPM_Callback) refers to usbd_core.o(i.USBD_LL_Resume) for USBD_LL_Resume
    usbd_conf.o(i.HAL_PCD_ConnectCallback) refers to usbd_core.o(i.USBD_LL_DevConnected) for USBD_LL_DevConnected
    usbd_conf.o(i.HAL_PCD_DataInStageCallback) refers to usbd_core.o(i.USBD_LL_DataInStage) for USBD_LL_DataInStage
    usbd_conf.o(i.HAL_PCD_DataOutStageCallback) refers to usbd_core.o(i.USBD_LL_DataOutStage) for USBD_LL_DataOutStage
    usbd_conf.o(i.HAL_PCD_DisconnectCallback) refers to usbd_core.o(i.USBD_LL_DevDisconnected) for USBD_LL_DevDisconnected
    usbd_conf.o(i.HAL_PCD_ISOINIncompleteCallback) refers to usbd_core.o(i.USBD_LL_IsoINIncomplete) for USBD_LL_IsoINIncomplete
    usbd_conf.o(i.HAL_PCD_ISOOUTIncompleteCallback) refers to usbd_core.o(i.USBD_LL_IsoOUTIncomplete) for USBD_LL_IsoOUTIncomplete
    usbd_conf.o(i.HAL_PCD_MspDeInit) refers to stm32l4xx_hal_gpio.o(i.HAL_GPIO_DeInit) for HAL_GPIO_DeInit
    usbd_conf.o(i.HAL_PCD_MspDeInit) refers to stm32l4xx_hal_cortex.o(i.HAL_NVIC_DisableIRQ) for HAL_NVIC_DisableIRQ
    usbd_conf.o(i.HAL_PCD_MspInit) refers to stm32l4xx_hal_gpio.o(i.HAL_GPIO_Init) for HAL_GPIO_Init
    usbd_conf.o(i.HAL_PCD_MspInit) refers to stm32l4xx_hal_cortex.o(i.HAL_NVIC_SetPriority) for HAL_NVIC_SetPriority
[...]
    Removing stm32l4xx_hal_i2c_ex.o(.revsh_text), (4 bytes).
    Removing stm32l4xx_hal_i2c_ex.o(.rrx_text), (6 bytes).
    Removing stm32l4xx_hal_i2c_ex.o(i.HAL_I2CEx_ConfigAnalogFilter), (86 bytes).
    Removing stm32l4xx_hal_i2c_ex.o(i.HAL_I2CEx_ConfigDigitalFilter), (82 bytes).
    Removing stm32l4xx_hal_i2c_ex.o(i.HAL_I2CEx_DisableFastModePlus), (40 bytes).
    Removing stm32l4xx_hal_i2c_ex.o(i.HAL_I2CEx_DisableWakeUp), (78 bytes).
    Removing stm32l4xx_hal_i2c_ex.o(i.HAL_I2CEx_EnableFastModePlus), (40 bytes).
    Removing stm32l4xx_hal_i2c_ex.o(i.HAL_I2CEx_EnableWakeUp), (78 bytes).
    Removing stm32l4xx_hal_rcc.o(.rev16_text), (4 bytes).
    Removing stm32l4xx_hal_rcc.o(.revsh_text), (4 bytes).
    Removing stm32l4xx_hal_rcc.o(.rrx_text), (6 bytes).
    Removing stm32l4xx_hal_rcc.o(i.HAL_RCC_CSSCallback), (2 bytes).
    Removing stm32l4xx_hal_rcc.o(i.HAL_RCC_DeInit), (204 bytes).
    Removing stm32l4xx_hal_rcc.o(i.HAL_RCC_EnableCSS), (16 bytes).
    Removing stm32l4xx_hal_rcc.o(i.HAL_RCC_GetClockConfig), (64 bytes).
    Removing stm32l4xx_hal_rcc.o(i.HAL_RCC_GetHCLKFreq), (12 bytes).
    Removing stm32l4xx_hal_rcc.o(i.HAL_RCC_GetOscConfig), (260 bytes).
    Removing stm32l4xx_hal_rcc.o(i.HAL_RCC_GetPCLK1Freq), (36 bytes).
    Removing stm32l4xx_hal_rcc.o(i.HAL_RCC_GetPCLK2Freq), (36 bytes).
    Removing stm32l4xx_hal_rcc.o(i.HAL_RCC_MCOConfig), (72 bytes).
    Removing stm32l4xx_hal_rcc.o(i.HAL_RCC_NMI_IRQHandler), (24 bytes).
    Removing stm32l4xx_hal_rcc_ex.o(.rev16_text), (4 bytes).
    Removing stm32l4xx_hal_rcc_ex.o(.revsh_text), (4 bytes).
    Removing stm32l4xx_hal_rcc_ex.o(.rrx_text), (6 bytes).
    Removing stm32l4xx_hal_rcc_ex.o(i.HAL_RCCEx_CRSConfig), (76 bytes).
    Removing stm32l4xx_hal_rcc_ex.o(i.HAL_RCCEx_CRSGetSynchronizationInfo), (36 bytes).
    Removing stm32l4xx_hal_rcc_ex.o(i.HAL_RCCEx_CRSSoftwareSynchronizationGenerate), (16 bytes).
    Removing stm32l4xx_hal_rcc_ex.o(i.HAL_RCCEx_CRSWaitSynchronization), (132 bytes).
    Removing stm32l4xx_hal_rcc_ex.o(i.HAL_RCCEx_CRS_ErrorCallback), (2 bytes).
    Removing stm32l4xx_hal_rcc_ex.o(i.HAL_RCCEx_CRS_ExpectedSyncCallback), (2 bytes).
    Removing stm32l4xx_hal_rcc_ex.o(i.HAL_RCCEx_CRS_IRQHandler), (108 bytes).
    Removing stm32l4xx_hal_rcc_ex.o(i.HAL_RCCEx_CRS_SyncOkCallback), (2 bytes).
    Removing stm32l4xx_hal_rcc_ex.o(i.HAL_RCCEx_CRS_SyncWarnCallback), (2 bytes).
    Removing stm32l4xx_hal_rcc_ex.o(i.HAL_RCCEx_DisableLSCO), (88 bytes).
    Removing stm32l4xx_hal_rcc_ex.o(i.HAL_RCCEx_DisableLSECSS), (28 bytes).
    Removing stm32l4xx_hal_rcc_ex.o(i.HAL_RCCEx_DisableMSIPLLMode), (16 bytes).
    Removing stm32l4xx_hal_rcc_ex.o(i.HAL_RCCEx_EnableLSCO), (140 bytes).
    Removing stm32l4xx_hal_rcc_ex.o(i.HAL_RCCEx_EnableLSECSS), (20 bytes).
    Removing stm32l4xx_hal_rcc_ex.o(i.HAL_RCCEx_EnableLSECSS_IT), (56 bytes).
    Removing stm32l4xx_hal_rcc_ex.o(i.HAL_RCCEx_EnableMSIPLLMode), (16 bytes).
    Removing stm32l4xx_hal_rcc_ex.o(i.HAL_RCCEx_GetPeriphCLKConfig), (116 bytes).
    Removing stm32l4xx_hal_rcc_ex.o(i.HAL_RCCEx_GetPeriphCLKFreq), (716 bytes).
    Removing stm32l4xx_hal_rcc_ex.o(i.HAL_RCCEx_LSECSS_Callback), (2 bytes).
    Removing stm32l4xx_hal_rcc_ex.o(i.HAL_RCCEx_LSECSS_IRQHandler), (24 bytes).
    Removing stm32l4xx_hal_rcc_ex.o(i.HAL_RCCEx_StandbyMSIRangeConfig), (24 bytes).
    Removing stm32l4xx_hal_rcc_ex.o(i.HAL_RCCEx_WakeUpStopCLKConfig), (20 bytes).
    Removing stm32l4xx_hal_flash.o(.rev16_text), (4 bytes).
    Removing stm32l4xx_hal_flash.o(.revsh_text), (4 bytes).
    Removing stm32l4xx_hal_flash.o(.rrx_text), (6 bytes).
    Removing stm32l4xx_hal_flash.o(i.FLASH_Program_DoubleWord), (24 bytes).
    Removing stm32l4xx_hal_flash.o(i.FLASH_Program_Fast), (36 bytes).
    Removing stm32l4xx_hal_flash.o(i.FLASH_WaitForLastOperation), (120 bytes).
    Removing stm32l4xx_hal_flash.o(i.HAL_FLASH_EndOfOperationCallback), (2 bytes).
    Removing stm32l4xx_hal_flash.o(i.HAL_FLASH_GetError), (12 bytes).
    Removing stm32l4xx_hal_flash.o(i.HAL_FLASH_IRQHandler), (256 bytes).
    Removing stm32l4xx_hal_flash.o(i.HAL_FLASH_Lock), (20 bytes).
    Removing stm32l4xx_hal_flash.o(i.HAL_FLASH_OB_Launch), (24 bytes).
    Removing stm32l4xx_hal_flash.o(i.HAL_FLASH_OB_Lock), (20 bytes).
    Removing stm32l4xx_hal_flash.o(i.HAL_FLASH_OB_Unlock), (36 bytes).
    Removing stm32l4xx_hal_flash.o(i.HAL_FLASH_OperationErrorCallback), (2 bytes).
    Removing stm32l4xx_hal_flash.o(i.HAL_FLASH_Program), (170 bytes).
    Removing stm32l4xx_hal_flash.o(i.HAL_FLASH_Program_IT), (120 bytes).
    Removing stm32l4xx_hal_flash.o(i.HAL_FLASH_Unlock), (40 bytes).
    Removing stm32l4xx_hal_flash.o(.data), (32 bytes).
    Removing stm32l4xx_hal_flash_ex.o(.rev16_text), (4 bytes).
    Removing stm32l4xx_hal_flash_ex.o(.revsh_text), (4 bytes).
    Removing stm32l4xx_hal_flash_ex.o(.rrx_text), (6 bytes).
    Removing stm32l4xx_hal_flash_ex.o(i.FLASH_FlushCaches), (84 bytes).
    Removing stm32l4xx_hal_flash_ex.o(i.FLASH_MassErase), (28 bytes).
    Removing stm32l4xx_hal_flash_ex.o(i.FLASH_OB_PCROPConfig), (104 bytes).
    Removing stm32l4xx_hal_flash_ex.o(i.FLASH_OB_UserConfig), (248 bytes).
    Removing stm32l4xx_hal_flash_ex.o(i.FLASH_PageErase), (40 bytes).
    Removing stm32l4xx_hal_flash_ex.o(i.HAL_FLASHEx_Erase), (230 bytes).
    Removing stm32l4xx_hal_flash_ex.o(i.HAL_FLASHEx_Erase_IT), (148 bytes).
    Removing stm32l4xx_hal_flash_ex.o(i.HAL_FLASHEx_OBGetConfig), (144 bytes).
    Removing stm32l4xx_hal_flash_ex.o(i.HAL_FLASHEx_OBProgram), (278 bytes).
    Removing stm32l4xx_hal_flash_ramfunc.o(.rev16_text), (4 bytes).
    Removing stm32l4xx_hal_flash_ramfunc.o(.revsh_text), (4 bytes).
    Removing stm32l4xx_hal_flash_ramfunc.o(.rrx_text), (6 bytes).
    Removing stm32l4xx_hal_flash_ramfunc.o(i.HAL_FLASHEx_DisableRunPowerDown), (36 bytes).
    Removing stm32l4xx_hal_flash_ramfunc.o(i.HAL_FLASHEx_EnableRunPowerDown), (36 bytes).
    Removing stm32l4xx_hal_gpio.o(.rev16_text), (4 bytes).
    Removing stm32l4xx_hal_gpio.o(.revsh_text), (4 bytes).
    Removing stm32l4xx_hal_gpio.o(.rrx_text), (6 bytes).
    Removing stm32l4xx_hal_gpio.o(i.HAL_GPIO_DeInit), (270 bytes).
    Removing stm32l4xx_hal_gpio.o(i.HAL_GPIO_EXTI_Callback), (2 bytes).
    Removing stm32l4xx_hal_gpio.o(i.HAL_GPIO_EXTI_IRQHandler), (24 bytes).
    Removing stm32l4xx_hal_gpio.o(i.HAL_GPIO_LockPin), (34 bytes).
    Removing stm32l4xx_hal_gpio.o(i.HAL_GPIO_ReadPin), (10 bytes).
    Removing stm32l4xx_hal_gpio.o(i.HAL_GPIO_TogglePin), (8 bytes).
    Removing stm32l4xx_hal_dma.o(.rev16_text), (4 bytes).
    Removing stm32l4xx_hal_dma.o(.revsh_text), (4 bytes).
    Removing stm32l4xx_hal_dma.o(.rrx_text), (6 bytes).
    Removing stm32l4xx_hal_dma.o(i.DMA_SetConfig), (46 bytes).
    Removing stm32l4xx_hal_dma.o(i.HAL_DMA_Abort), (58 bytes).
    Removing stm32l4xx_hal_dma.o(i.HAL_DMA_Abort_IT), (78 bytes).
    Removing stm32l4xx_hal_dma.o(i.HAL_DMA_DeInit), (156 bytes).
    Removing stm32l4xx_hal_dma.o(i.HAL_DMA_GetError), (4 bytes).
    Removing stm32l4xx_hal_dma.o(i.HAL_DMA_GetState), (6 bytes).
    Removing stm32l4xx_hal_dma.o(i.HAL_DMA_IRQHandler), (186 bytes).
    Removing stm32l4xx_hal_dma.o(i.HAL_DMA_Init), (192 bytes).
    Removing stm32l4xx_hal_dma.o(i.HAL_DMA_PollForTransfer), (222 bytes).
    Removing stm32l4xx_hal_dma.o(i.HAL_DMA_RegisterCallback), (74 bytes).
    Removing stm32l4xx_hal_dma.o(i.HAL_DMA_Start), (80 bytes).
    Removing stm32l4xx_hal_dma.o(i.HAL_DMA_Start_IT), (112 bytes).
    Removing stm32l4xx_hal_dma.o(i.HAL_DMA_UnRegisterCallback), (82 bytes).
    Removing stm32l4xx_hal_dma_ex.o(.rev16_text), (4 bytes).
    Removing stm32l4xx_hal_dma_ex.o(.revsh_text), (4 bytes).
    Removing stm32l4xx_hal_dma_ex.o(.rrx_text), (6 bytes).
    Removing stm32l4xx_hal_pwr.o(.rev16_text), (4 bytes).
    Removing stm32l4xx_hal_pwr.o(.revsh_text), (4 bytes).
    Removing stm32l4xx_hal_pwr.o(.rrx_text), (6 bytes).
    Removing stm32l4xx_hal_pwr.o(i.HAL_PWR_ConfigPVD), (128 bytes).
    Removing stm32l4xx_hal_pwr.o(i.HAL_PWR_DeInit), (24 bytes).
    Removing stm32l4xx_hal_pwr.o(i.HAL_PWR_DisableBkUpAccess), (16 bytes).
    Removing stm32l4xx_hal_pwr.o(i.HAL_PWR_DisablePVD), (16 bytes).
    Removing stm32l4xx_hal_pwr.o(i.HAL_PWR_DisableSEVOnPend), (16 bytes).
    Removing stm32l4xx_hal_pwr.o(i.HAL_PWR_DisableSleepOnExit), (16 bytes).
    Removing stm32l4xx_hal_pwr.o(i.HAL_PWR_DisableWakeUpPin), (20 bytes).
    Removing stm32l4xx_hal_pwr.o(i.HAL_PWR_EnableBkUpAccess), (16 bytes).
    Removing stm32l4xx_hal_pwr.o(i.HAL_PWR_EnablePVD), (16 bytes).
    Removing stm32l4xx_hal_pwr.o(i.HAL_PWR_EnableSEVOnPend), (16 bytes).
    Removing stm32l4xx_hal_pwr.o(i.HAL_PWR_EnableSleepOnExit), (16 bytes).
    Removing stm32l4xx_hal_pwr.o(i.HAL_PWR_EnableWakeUpPin), (28 bytes).
    Removing stm32l4xx_hal_pwr.o(i.HAL_PWR_EnterSLEEPMode), (72 bytes).
    Removing stm32l4xx_hal_pwr.o(i.HAL_PWR_EnterSTANDBYMode), (36 bytes).
    Removing stm32l4xx_hal_pwr.o(i.HAL_PWR_EnterSTOPMode), (16 bytes).
    Removing stm32l4xx_hal_pwr.o(i.HAL_PWR_PVDCallback), (2 bytes).
    Removing stm32l4xx_hal_pwr_ex.o(.rev16_text), (4 bytes).
    Removing stm32l4xx_hal_pwr_ex.o(.revsh_text), (4 bytes).
    Removing stm32l4xx_hal_pwr_ex.o(.rrx_text), (6 bytes).
    Removing stm32l4xx_hal_pwr_ex.o(i.HAL_PWREx_ConfigPVM), (304 bytes).
    Removing stm32l4xx_hal_pwr_ex.o(i.HAL_PWREx_DisableBORPVD_ULP), (16 bytes).
    Removing stm32l4xx_hal_pwr_ex.o(i.HAL_PWREx_DisableBatteryCharging), (16 bytes).
    Removing stm32l4xx_hal_pwr_ex.o(i.HAL_PWREx_DisableExtSMPS_0V95), (16 bytes).
    Removing stm32l4xx_hal_pwr_ex.o(i.HAL_PWREx_DisableGPIOPullDown), (84 bytes).
    Removing stm32l4xx_hal_pwr_ex.o(i.HAL_PWREx_DisableGPIOPullUp), (80 bytes).
    Removing stm32l4xx_hal_pwr_ex.o(i.HAL_PWREx_DisableInternalWakeUpLine), (16 bytes).
    Removing stm32l4xx_hal_pwr_ex.o(i.HAL_PWREx_DisableLowPowerRunMode), (68 bytes).
    Removing stm32l4xx_hal_pwr_ex.o(i.HAL_PWREx_DisablePVM1), (16 bytes).
    Removing stm32l4xx_hal_pwr_ex.o(i.HAL_PWREx_DisablePVM3), (16 bytes).
    Removing stm32l4xx_hal_pwr_ex.o(i.HAL_PWREx_DisablePVM4), (16 bytes).
    Removing stm32l4xx_hal_pwr_ex.o(i.HAL_PWREx_DisablePullUpPullDownConfig), (16 bytes).
    Removing stm32l4xx_hal_pwr_ex.o(i.HAL_PWREx_DisableSRAM2ContentRetention), (16 bytes).
    Removing stm32l4xx_hal_pwr_ex.o(i.HAL_PWREx_DisableVddUSB), (16 bytes).
    Removing stm32l4xx_hal_pwr_ex.o(i.HAL_PWREx_EnableBORPVD_ULP), (16 bytes).
    Removing stm32l4xx_hal_pwr_ex.o(i.HAL_PWREx_EnableBatteryCharging), (28 bytes).
    Removing stm32l4xx_hal_pwr_ex.o(i.HAL_PWREx_EnableExtSMPS_0V95), (16 bytes).
    Removing stm32l4xx_hal_pwr_ex.o(i.HAL_PWREx_EnableGPIOPullDown), (120 bytes).
    Removing stm32l4xx_hal_pwr_ex.o(i.HAL_PWREx_EnableGPIOPullUp), (120 bytes).
    Removing stm32l4xx_hal_pwr_ex.o(i.HAL_PWREx_EnableInternalWakeUpLine), (16 bytes).
    Removing stm32l4xx_hal_pwr_ex.o(i.HAL_PWREx_EnableLowPowerRunMode), (16 bytes).
    Removing stm32l4xx_hal_pwr_ex.o(i.HAL_PWREx_EnablePVM1), (16 bytes).
    Removing stm32l4xx_hal_pwr_ex.o(i.HAL_PWREx_EnablePVM3), (16 bytes).
    Removing stm32l4xx_hal_pwr_ex.o(i.HAL_PWREx_EnablePVM4), (16 bytes).
    Removing stm32l4xx_hal_pwr_ex.o(i.HAL_PWREx_EnablePullUpPullDownConfig), (16 bytes).
    Removing stm32l4xx_hal_pwr_ex.o(i.HAL_PWREx_EnableSRAM2ContentRetention), (16 bytes).
    Removing stm32l4xx_hal_pwr_ex.o(i.HAL_PWREx_EnterSHUTDOWNMode), (36 bytes).
    Removing stm32l4xx_hal_pwr_ex.o(i.HAL_PWREx_EnterSTOP0Mode), (52 bytes).
    Removing stm32l4xx_hal_pwr_ex.o(i.HAL_PWREx_EnterSTOP1Mode), (56 bytes).
    Removing stm32l4xx_hal_pwr_ex.o(i.HAL_PWREx_EnterSTOP2Mode), (56 bytes).
    Removing stm32l4xx_hal_pwr_ex.o(i.HAL_PWREx_PVD_PVM_IRQHandler), (72 bytes).
    Removing stm32l4xx_hal_pwr_ex.o(i.HAL_PWREx_PVM1Callback), (2 bytes).
    Removing stm32l4xx_hal_pwr_ex.o(i.HAL_PWREx_PVM3Callback), (2 bytes).
    Removing stm32l4xx_hal_pwr_ex.o(i.HAL_PWREx_PVM4Callback), (2 bytes).
    Removing stm32l4xx_hal_cortex.o(.rev16_text), (4 bytes).
    Removing stm32l4xx_hal_cortex.o(.revsh_text), (4 bytes).
    Removing stm32l4xx_hal_cortex.o(.rrx_text), (6 bytes).
    Removing stm32l4xx_hal_cortex.o(i.HAL_MPU_ConfigRegion), (84 bytes).
    Removing stm32l4xx_hal_cortex.o(i.HAL_MPU_Disable), (28 bytes).
    Removing stm32l4xx_hal_cortex.o(i.HAL_MPU_Enable), (36 bytes).
    Removing stm32l4xx_hal_cortex.o(i.HAL_NVIC_ClearPendingIRQ), (22 bytes).
    Removing stm32l4xx_hal_cortex.o(i.HAL_NVIC_DisableIRQ), (22 bytes).
    Removing stm32l4xx_hal_cortex.o(i.HAL_NVIC_GetActive), (32 bytes).
    Removing stm32l4xx_hal_cortex.o(i.HAL_NVIC_GetPendingIRQ), (32 bytes).
    Removing stm32l4xx_hal_cortex.o(i.HAL_NVIC_GetPriority), (82 bytes).
    Removing stm32l4xx_hal_cortex.o(i.HAL_NVIC_GetPriorityGrouping), (16 bytes).
    Removing stm32l4xx_hal_cortex.o(i.HAL_NVIC_SetPendingIRQ), (22 bytes).
    Removing stm32l4xx_hal_cortex.o(i.HAL_NVIC_SystemReset), (36 bytes).
    Removing stm32l4xx_hal_cortex.o(i.HAL_SYSTICK_CLKSourceConfig), (24 bytes).
    Removing stm32l4xx_hal_cortex.o(i.HAL_SYSTICK_Callback), (2 bytes).
    Removing stm32l4xx_hal_cortex.o(i.HAL_SYSTICK_IRQHandler), (8 bytes).
    Removing stm32l4xx_hal_exti.o(.rev16_text), (4 bytes).
    Removing stm32l4xx_hal_exti.o(.revsh_text), (4 bytes).
    Removing stm32l4xx_hal_exti.o(.rrx_text), (6 bytes).
    Removing stm32l4xx_hal_exti.o(i.HAL_EXTI_ClearConfigLine), (128 bytes).
    Removing stm32l4xx_hal_exti.o(i.HAL_EXTI_ClearPending), (28 bytes).
    Removing stm32l4xx_hal_exti.o(i.HAL_EXTI_GenerateSWI), (28 bytes).
    Removing stm32l4xx_hal_exti.o(i.HAL_EXTI_GetConfigLine), (172 bytes).
    Removing stm32l4xx_hal_exti.o(i.HAL_EXTI_GetHandle), (12 bytes).
    Removing stm32l4xx_hal_exti.o(i.HAL_EXTI_GetPending), (32 bytes).
    Removing stm32l4xx_hal_exti.o(i.HAL_EXTI_IRQHandler), (44 bytes).
    Removing stm32l4xx_hal_exti.o(i.HAL_EXTI_RegisterCallback), (14 bytes).
    Removing stm32l4xx_hal_exti.o(i.HAL_EXTI_SetConfigLine), (176 bytes).
    Removing usbd_core.o(.rev16_text), (4 bytes).
    Removing usbd_core.o(.revsh_text), (4 bytes).
    Removing usbd_core.o(.rrx_text), (6 bytes).
    Removing usbd_core.o(i.USBD_DeInit), (38 bytes).
    Removing usbd_core.o(i.USBD_LL_DevConnected), (4 bytes).
    Removing usbd_core.o(i.USBD_LL_DevDisconnected), (22 bytes).
    Removing usbd_core.o(i.USBD_LL_IsoINIncomplete), (4 bytes).
    Removing usbd_core.o(i.USBD_LL_IsoOUTIncomplete), (4 bytes).
    Removing usbd_core.o(i.USBD_RunTestMode), (4 bytes).
    Removing usbd_core.o(i.USBD_Stop), (26 bytes).
    Removing usbd_ctlreq.o(.rev16_text), (4 bytes).
    Removing usbd_ctlreq.o(.revsh_text), (4 bytes).
    Removing usbd_ctlreq.o(.rrx_text), (6 bytes).
    Removing usbd_ioreq.o(.rev16_text), (4 bytes).
    Removing usbd_ioreq.o(.revsh_text), (4 bytes).
    Removing usbd_ioreq.o(.rrx_text), (6 bytes).
    Removing usbd_ioreq.o(i.USBD_GetRxCount), (4 bytes).
    Removing usbd_customhid.o(.rev16_text), (4 bytes).
    Removing usbd_customhid.o(.revsh_text), (4 bytes).
    Removing usbd_customhid.o(.rrx_text), (6 bytes).
    Removing usbd_customhid.o(i.USBD_CUSTOM_HID_SendReport), (40 bytes).

417 unused section(s) (total 22880 bytes) removed from the image.

==============================================================================

Image Symbol Table

    Local Symbols

    Symbol Name                              Value     Ov Type        Size  Object(Section)

    ../Drivers/STM32L4xx_HAL_Driver/Src/stm32l4xx_hal.c 0x00000000   Number         0  stm32l4xx_hal.o ABSOLUTE
    ../Drivers/STM32L4xx_HAL_Driver/Src/stm32l4xx_hal_cortex.c 0x00000000   Number         0  stm32l4xx_hal_cortex.o ABSOLUTE
    ../Drivers/STM32L4xx_HAL_Driver/Src/stm32l4xx_hal_dma.c 0x00000000   Number         0  stm32l4xx_hal_dma.o ABSOLUTE
    ../Drivers/STM32L4xx_HAL_Driver/Src/stm32l4xx_hal_dma_ex.c 0x00000000   Number         0  stm32l4xx_hal_dma_ex.o ABSOLUTE
    ../Drivers/STM32L4xx_HAL_Driver/Src/stm32l4xx_hal_exti.c 0x00000000   Number         0  stm32l4xx_hal_exti.o ABSOLUTE
    ../Drivers/STM32L4xx_HAL_Driver/Src/stm32l4xx_hal_flash.c 0x00000000   Number         0  stm32l4xx_hal_flash.o ABSOLUTE
    ../Drivers/STM32L4xx_HAL_Driver/Src/stm32l4xx_hal_flash_ex.c 0x00000000   Number         0  stm32l4xx_hal_flash_ex.o ABSOLUTE
    ../Drivers/STM32L4xx_HAL_Driver/Src/stm32l4xx_hal_flash_ramfunc.c 0x00000000   Number         0  stm32l4xx_hal_flash_ramfunc.o ABSOLUTE
    ../Drivers/STM32L4xx_HAL_Driver/Src/stm32l4xx_hal_gpio.c 0x00000000   Number         0  stm32l4xx_hal_gpio.o ABSOLUTE
    ../Drivers/STM32L4xx_HAL_Driver/Src/stm32l4xx_hal_i2c.c 0x00000000   Number         0  stm32l4xx_hal_i2c.o ABSOLUTE
    ../Drivers/STM32L4xx_HAL_Driver/Src/stm32l4xx_hal_i2c_ex.c 0x00000000   Number         0  stm32l4xx_hal_i2c_ex.o ABSOLUTE
    ../Drivers/STM32L4xx_HAL_Driver/Src/stm32l4xx_hal_pcd.c 0x00000000   Number         0  stm32l4xx_hal_pcd.o ABSOLUTE
    ../Drivers/STM32L4xx_HAL_Driver/Src/stm32l4xx_hal_pcd_ex.c 0x00000000   Number         0  stm32l4xx_hal_pcd_ex.o ABSOLUTE
    ../Drivers/STM32L4xx_HAL_Driver/Src/stm32l4xx_hal_pwr.c 0x00000000   Number         0  stm32l4xx_hal_pwr.o ABSOLUTE
    ../Drivers/STM32L4xx_HAL_Driver/Src/stm32l4xx_hal_pwr_ex.c 0x00000000   Number         0  stm32l4xx_hal_pwr_ex.o ABSOLUTE
    ../Drivers/STM32L4xx_HAL_Driver/Src/stm32l4xx_hal_rcc.c 0x00000000   Number         0  stm32l4xx_hal_rcc.o ABSOLUTE
    ../Drivers/STM32L4xx_HAL_Driver/Src/stm32l4xx_hal_rcc_ex.c 0x00000000   Number         0  stm32l4xx_hal_rcc_ex.o ABSOLUTE
    ../Drivers/STM32L4xx_HAL_Driver/Src/stm32l4xx_hal_tim.c 0x00000000   Number         0  stm32l4xx_hal_tim.o ABSOLUTE
    ../Drivers/STM32L4xx_HAL_Driver/Src/stm32l4xx_hal_tim_ex.c 0x00000000   Number         0  stm32l4xx_hal_tim_ex.o ABSOLUTE
    ../Drivers/STM32L4xx_HAL_Driver/Src/stm32l4xx_ll_usb.c 0x00000000   Number         0  stm32l4xx_ll_usb.o ABSOLUTE
    ../Middlewares/ST/STM32_USB_Device_Library/Class/CustomHID/Src/usbd_customhid.c 0x00000000   Number         0  usbd_customhid.o ABSOLUTE
    ../Middlewares/ST/STM32_USB_Device_Library/Core/Src/usbd_core.c 0x00000000   Number         0  usbd_core.o ABSOLUTE
    ../Middlewares/ST/STM32_USB_Device_Library/Core/Src/usbd_ctlreq.c 0x00000000   Number         0  usbd_ctlreq.o ABSOLUTE
    ../Middlewares/ST/STM32_USB_Device_Library/Core/Src/usbd_ioreq.c 0x00000000   Number         0  usbd_ioreq.o ABSOLUTE
    ../Src/gpio.c                            0x00000000   Number         0  gpio.o ABSOLUTE
    ../Src/main.c                            0x00000000   Number         0  main.o ABSOLUTE
    ../Src/stm32l4xx_hal_msp.c               0x00000000   Number         0  stm32l4xx_hal_msp.o ABSOLUTE
    ../Src/stm32l4xx_it.c                    0x00000000   Number         0  stm32l4xx_it.o ABSOLUTE
    ../Src/system_stm32l4xx.c                0x00000000   Number         0  system_stm32l4xx.o ABSOLUTE
    ../Src/usb_device.c                      0x00000000   Number         0  usb_device.o ABSOLUTE
    ../Src/usbd_conf.c                       0x00000000   Number         0  usbd_conf.o ABSOLUTE
    ../Src/usbd_custom_hid_if.c              0x00000000   Number         0  usbd_custom_hid_if.o ABSOLUTE
    ../Src/usbd_desc.c                       0x00000000   Number         0  usbd_desc.o ABSOLUTE
    ../clib/../cmprslib/zerorunl2.c          0x00000000   Number         0  __dczerorl2.o ABSOLUTE
    ../clib/microlib/init/entry.s            0x00000000   Number         0  entry9a.o ABSOLUTE
    ../clib/microlib/init/entry.s            0x00000000   Number         0  entry11a.o ABSOLUTE
    ../clib/microlib/init/entry.s            0x00000000   Number         0  entry10b.o ABSOLUTE
    ../clib/microlib/init/entry.s            0x00000000   Number         0  entry8b.o ABSOLUTE
    ../clib/microlib/init/entry.s            0x00000000   Number         0  entry8a.o ABSOLUTE
    ../clib/microlib/init/entry.s            0x00000000   Number         0  entry7b.o ABSOLUTE
    ../clib/microlib/init/entry.s            0x00000000   Number         0  entry11b.o ABSOLUTE
    ../clib/microlib/init/entry.s            0x00000000   Number         0  entry5.o ABSOLUTE
    ../clib/microlib/init/entry.s            0x00000000   Number         0  entry10a.o ABSOLUTE
    ../clib/microlib/init/entry.s            0x00000000   Number         0  entry2.o ABSOLUTE
    ../clib/microlib/init/entry.s            0x00000000   Number         0  entry7a.o ABSOLUTE
    ../clib/microlib/init/entry.s            0x00000000   Number         0  entry.o ABSOLUTE
    ../clib/microlib/init/entry.s            0x00000000   Number         0  entry9b.o ABSOLUTE
    ../clib/microlib/string/memcpy.c         0x00000000   Number         0  memcpya.o ABSOLUTE
    ../clib/microlib/string/memcpy.c         0x00000000   Number         0  memcpyb.o ABSOLUTE
    ../clib/microlib/string/memset.c         0x00000000   Number         0  memseta.o ABSOLUTE
    ..\Drivers\STM32L4xx_HAL_Driver\Src\stm32l4xx_hal.c 0x00000000   Number         0  stm32l4xx_hal.o ABSOLUTE
    ..\Drivers\STM32L4xx_HAL_Driver\Src\stm32l4xx_hal_cortex.c 0x00000000   Number         0  stm32l4xx_hal_cortex.o ABSOLUTE
    ..\Drivers\STM32L4xx_HAL_Driver\Src\stm32l4xx_hal_dma.c 0x00000000   Number         0  stm32l4xx_hal_dma.o ABSOLUTE
    ..\Drivers\STM32L4xx_HAL_Driver\Src\stm32l4xx_hal_dma_ex.c 0x00000000   Number         0  stm32l4xx_hal_dma_ex.o ABSOLUTE
    ..\Drivers\STM32L4xx_HAL_Driver\Src\stm32l4xx_hal_exti.c 0x00000000   Number         0  stm32l4xx_hal_exti.o ABSOLUTE
    ..\Drivers\STM32L4xx_HAL_Driver\Src\stm32l4xx_hal_flash.c 0x00000000   Number         0  stm32l4xx_hal_flash.o ABSOLUTE
    ..\Drivers\STM32L4xx_HAL_Driver\Src\stm32l4xx_hal_flash_ex.c 0x00000000   Number         0  stm32l4xx_hal_flash_ex.o ABSOLUTE
    ..\Drivers\STM32L4xx_HAL_Driver\Src\stm32l4xx_hal_flash_ramfunc.c 0x00000000   Number         0  stm32l4xx_hal_flash_ramfunc.o ABSOLUTE
    ..\Drivers\STM32L4xx_HAL_Driver\Src\stm32l4xx_hal_gpio.c 0x00000000   Number         0  stm32l4xx_hal_gpio.o ABSOLUTE
    ..\Drivers\STM32L4xx_HAL_Driver\Src\stm32l4xx_hal_i2c.c 0x00000000   Number         0  stm32l4xx_hal_i2c.o ABSOLUTE
    ..\Drivers\STM32L4xx_HAL_Driver\Src\stm32l4xx_hal_i2c_ex.c 0x00000000   Number         0  stm32l4xx_hal_i2c_ex.o ABSOLUTE
    ..\Drivers\STM32L4xx_HAL_Driver\Src\stm32l4xx_hal_pcd.c 0x00000000   Number         0  stm32l4xx_hal_pcd.o ABSOLUTE
    ..\Drivers\STM32L4xx_HAL_Driver\Src\stm32l4xx_hal_pcd_ex.c 0x00000000   Number         0  stm32l4xx_hal_pcd_ex.o ABSOLUTE
    ..\Drivers\STM32L4xx_HAL_Driver\Src\stm32l4xx_hal_pwr.c 0x00000000   Number         0  stm32l4xx_hal_pwr.o ABSOLUTE
    ..\Drivers\STM32L4xx_HAL_Driver\Src\stm32l4xx_hal_pwr_ex.c 0x00000000   Number         0  stm32l4xx_hal_pwr_ex.o ABSOLUTE
    ..\Drivers\STM32L4xx_HAL_Driver\Src\stm32l4xx_hal_rcc.c 0x00000000   Number         0  stm32l4xx_hal_rcc.o ABSOLUTE
    ..\Drivers\STM32L4xx_HAL_Driver\Src\stm32l4xx_hal_rcc_ex.c 0x00000000   Number         0  stm32l4xx_hal_rcc_ex.o ABSOLUTE
    ..\Drivers\STM32L4xx_HAL_Driver\Src\stm32l4xx_hal_tim.c 0x00000000   Number         0  stm32l4xx_hal_tim.o ABSOLUTE
    ..\Drivers\STM32L4xx_HAL_Driver\Src\stm32l4xx_hal_tim_ex.c 0x00000000   Number         0  stm32l4xx_hal_tim_ex.o ABSOLUTE
    ..\Drivers\STM32L4xx_HAL_Driver\Src\stm32l4xx_ll_usb.c 0x00000000   Number         0  stm32l4xx_ll_usb.o ABSOLUTE
    ..\Middlewares\ST\STM32_USB_Device_Library\Class\CustomHID\Src\usbd_customhid.c 0x00000000   Number         0  usbd_customhid.o ABSOLUTE
    ..\Middlewares\ST\STM32_USB_Device_Library\Core\Src\usbd_core.c 0x00000000   Number         0  usbd_core.o ABSOLUTE
    ..\Middlewares\ST\STM32_USB_Device_Library\Core\Src\usbd_ctlreq.c 0x00000000   Number         0  usbd_ctlreq.o ABSOLUTE
    ..\Middlewares\ST\STM32_USB_Device_Library\Core\Src\usbd_ioreq.c 0x00000000   Number         0  usbd_ioreq.o ABSOLUTE
    ..\Src\gpio.c                            0x00000000   Number         0  gpio.o ABSOLUTE
    ..\Src\main.c                            0x00000000   Number         0  main.o ABSOLUTE
    ..\Src\stm32l4xx_hal_msp.c               0x00000000   Number         0  stm32l4xx_hal_msp.o ABSOLUTE
    ..\Src\stm32l4xx_it.c                    0x00000000   Number         0  stm32l4xx_it.o ABSOLUTE
    ..\Src\system_stm32l4xx.c                0x00000000   Number         0  system_stm32l4xx.o ABSOLUTE
    ..\Src\usb_device.c                      0x00000000   Number         0  usb_device.o ABSOLUTE
    ..\Src\usbd_conf.c                       0x00000000   Number         0  usbd_conf.o ABSOLUTE
    ..\Src\usbd_custom_hid_if.c              0x00000000   Number         0  usbd_custom_hid_if.o ABSOLUTE
    ..\Src\usbd_desc.c                       0x00000000   Number         0  usbd_desc.o ABSOLUTE
    dc.s                                     0x00000000   Number         0  dc.o ABSOLUTE
    handlers.s                               0x00000000   Number         0  handlers.o ABSOLUTE
    init.s                                   0x00000000   Number         0  init.o ABSOLUTE
    startup_stm32l412xx.s                    0x00000000   Number         0  startup_stm32l412xx.o ABSOLUTE
    RESET                                    0x08000000   Section      396  startup_stm32l412xx.o(RESET)
    .ARM.Collect$$$$00000000                 0x0800018c   Section        0  entry.o(.ARM.Collect$$$$00000000)
    .ARM.Collect$$$$00000001                 0x0800018c   Section        4  entry2.o(.ARM.Collect$$$$00000001)
    .ARM.Collect$$$$00000004                 0x08000190   Section        4  entry5.o(.ARM.Collect$$$$00000004)
    .ARM.Collect$$$$00000008                 0x08000194   Section        0  entry7b.o(.ARM.Collect$$$$00000008)
    .ARM.Collect$$$$0000000A                 0x08000194   Section        0  entry8b.o(.ARM.Collect$$$$0000000A)
    .ARM.Collect$$$$0000000B                 0x08000194   Section        8  entry9a.o(.ARM.Collect$$$$0000000B)
    .ARM.Collect$$$$0000000D                 0x0800019c   Section        0  entry10a.o(.ARM.Collect$$$$0000000D)
    .ARM.Collect$$$$0000000F                 0x0800019c   Section        0  entry11a.o(.ARM.Collect$$$$0000000F)
    .ARM.Collect$$$$00002712                 0x0800019c   Section        4  entry2.o(.ARM.Collect$$$$00002712)
    __lit__00000000                          0x0800019c   Data           4  entry2.o(.ARM.Collect$$$$00002712)
    .text                                    0x080001a0   Section       36  startup_stm32l412xx.o(.text)
    $v0                                      0x080001a0   Number         0  startup_stm32l412xx.o(.text)
    .text                                    0x080001c4   Section        0  memcpya.o(.text)
    .text                                    0x080001e8   Section        0  memseta.o(.text)
    .text                                    0x0800020c   Section       36  init.o(.text)
    .text                                    0x08000230   Section        0  __dczerorl2.o(.text)
    i.BusFault_Handler                       0x08000286   Section        0  stm32l4xx_it.o(i.BusFault_Handler)
    i.CUSTOM_HID_DeInit_FS                   0x08000288   Section        0  usbd_custom_hid_if.o(i.CUSTOM_HID_DeInit_FS)
    CUSTOM_HID_DeInit_FS                     0x08000289   Thumb Code     4  usbd_custom_hid_if.o(i.CUSTOM_HID_DeInit_FS)
    i.CUSTOM_HID_Init_FS                     0x0800028c   Section        0  usbd_custom_hid_if.o(i.CUSTOM_HID_Init_FS)
    CUSTOM_HID_Init_FS                       0x0800028d   Thumb Code     4  usbd_custom_hid_if.o(i.CUSTOM_HID_Init_FS)
    i.CUSTOM_HID_OutEvent_FS                 0x08000290   Section        0  usbd_custom_hid_if.o(i.CUSTOM_HID_OutEvent_FS)
    CUSTOM_HID_OutEvent_FS                   0x08000291   Thumb Code     4  usbd_custom_hid_if.o(i.CUSTOM_HID_OutEvent_FS)
    i.DebugMon_Handler                       0x08000294   Section        0  stm32l4xx_it.o(i.DebugMon_Handler)
    i.Error_Handler                          0x08000296   Section        0  main.o(i.Error_Handler)
    i.HAL_GPIO_Init                          0x08000298   Section        0  stm32l4xx_hal_gpio.o(i.HAL_GPIO_Init)
    i.HAL_GPIO_WritePin                      0x0800041e   Section        0  stm32l4xx_hal_gpio.o(i.HAL_GPIO_WritePin)
    i.HAL_GetTick                            0x08000428   Section        0  stm32l4xx_hal.o(i.HAL_GetTick)
    i.HAL_IncTick                            0x08000434   Section        0  stm32l4xx_hal.o(i.HAL_IncTick)
    i.HAL_Init                               0x08000444   Section        0  stm32l4xx_hal.o(i.HAL_Init)
    i.HAL_InitTick                           0x08000464   Section        0  stm32l4xx_hal.o(i.HAL_InitTick)
    i.HAL_MspInit                            0x08000494   Section        0  stm32l4xx_hal_msp.o(i.HAL_MspInit)
    i.HAL_NVIC_EnableIRQ                     0x080004c0   Section        0  stm32l4xx_hal_cortex.o(i.HAL_NVIC_EnableIRQ)
    i.HAL_NVIC_SetPriority                   0x080004d8   Section        0  stm32l4xx_hal_cortex.o(i.HAL_NVIC_SetPriority)
    i.HAL_NVIC_SetPriorityGrouping           0x08000518   Section        0  stm32l4xx_hal_cortex.o(i.HAL_NVIC_SetPriorityGrouping)
    i.HAL_PCDEx_ActivateBCD                  0x0800053c   Section        0  stm32l4xx_hal_pcd_ex.o(i.HAL_PCDEx_ActivateBCD)
    i.HAL_PCDEx_ActivateLPM                  0x0800055a   Section        0  stm32l4xx_hal_pcd_ex.o(i.HAL_PCDEx_ActivateLPM)
    i.HAL_PCDEx_LPM_Callback                 0x08000580   Section        0  usbd_conf.o(i.HAL_PCDEx_LPM_Callback)
    i.HAL_PCDEx_PMAConfig                    0x080005c4   Section        0  stm32l4xx_hal_pcd_ex.o(i.HAL_PCDEx_PMAConfig)
    i.HAL_PCD_DataInStageCallback            0x080005f8   Section        0  usbd_conf.o(i.HAL_PCD_DataInStageCallback)
    i.HAL_PCD_DataOutStageCallback           0x08000606   Section        0  usbd_conf.o(i.HAL_PCD_DataOutStageCallback)
    i.HAL_PCD_EP_Close                       0x08000616   Section        0  stm32l4xx_hal_pcd.o(i.HAL_PCD_EP_Close)
    i.HAL_PCD_EP_ClrStall                    0x0800065e   Section        0  stm32l4xx_hal_pcd.o(i.HAL_PCD_EP_ClrStall)
    i.HAL_PCD_EP_Open                        0x080006b6   Section        0  stm32l4xx_hal_pcd.o(i.HAL_PCD_EP_Open)
    i.HAL_PCD_EP_Receive                     0x08000712   Section        0  stm32l4xx_hal_pcd.o(i.HAL_PCD_EP_Receive)
    i.HAL_PCD_EP_SetStall                    0x08000740   Section        0  stm32l4xx_hal_pcd.o(i.HAL_PCD_EP_SetStall)
    i.HAL_PCD_EP_Transmit                    0x080007aa   Section        0  stm32l4xx_hal_pcd.o(i.HAL_PCD_EP_Transmit)
    i.HAL_PCD_IRQHandler                     0x080007d4   Section        0  stm32l4xx_hal_pcd.o(i.HAL_PCD_IRQHandler)
    i.HAL_PCD_Init                           0x08000950   Section        0  stm32l4xx_hal_pcd.o(i.HAL_PCD_Init)
    i.HAL_PCD_MspInit                        0x08000a20   Section        0  usbd_conf.o(i.HAL_PCD_MspInit)
    i.HAL_PCD_ResetCallback                  0x08000a8c   Section        0  usbd_conf.o(i.HAL_PCD_ResetCallback)
    i.HAL_PCD_ResumeCallback                 0x08000ab4   Section        0  usbd_conf.o(i.HAL_PCD_ResumeCallback)
    i.HAL_PCD_SOFCallback                    0x08000adc   Section        0  usbd_conf.o(i.HAL_PCD_SOFCallback)
    i.HAL_PCD_SetAddress                     0x08000ae4   Section        0  stm32l4xx_hal_pcd.o(i.HAL_PCD_SetAddress)
    i.HAL_PCD_SetupStageCallback             0x08000b0c   Section        0  usbd_conf.o(i.HAL_PCD_SetupStageCallback)
    i.HAL_PCD_Start                          0x08000b1a   Section        0  stm32l4xx_hal_pcd.o(i.HAL_PCD_Start)
    i.HAL_PCD_SuspendCallback                0x08000b44   Section        0  usbd_conf.o(i.HAL_PCD_SuspendCallback)
    i.HAL_PWREx_ControlVoltageScaling        0x08000b68   Section        0  stm32l4xx_hal_pwr_ex.o(i.HAL_PWREx_ControlVoltageScaling)
    i.HAL_PWREx_EnableVddUSB                 0x08000bd0   Section        0  stm32l4xx_hal_pwr_ex.o(i.HAL_PWREx_EnableVddUSB)
    i.HAL_PWREx_GetVoltageRange              0x08000be0   Section        0  stm32l4xx_hal_pwr_ex.o(i.HAL_PWREx_GetVoltageRange)
    i.HAL_RCCEx_PeriphCLKConfig              0x08000bf0   Section        0  stm32l4xx_hal_rcc_ex.o(i.HAL_RCCEx_PeriphCLKConfig)
    i.HAL_RCC_ClockConfig                    0x08000de0   Section        0  stm32l4xx_hal_rcc.o(i.HAL_RCC_ClockConfig)
    i.HAL_RCC_GetSysClockFreq                0x08000ef8   Section        0  stm32l4xx_hal_rcc.o(i.HAL_RCC_GetSysClockFreq)
    i.HAL_RCC_OscConfig                      0x08000f9c   Section        0  stm32l4xx_hal_rcc.o(i.HAL_RCC_OscConfig)
    i.HAL_SYSTICK_Config                     0x080014bc   Section        0  stm32l4xx_hal_cortex.o(i.HAL_SYSTICK_Config)
    i.HardFault_Handler                      0x080014e4   Section        0  stm32l4xx_it.o(i.HardFault_Handler)
    i.IntToUnicode                           0x080014e8   Section        0  usbd_desc.o(i.IntToUnicode)
    IntToUnicode                             0x080014e9   Thumb Code    56  usbd_desc.o(i.IntToUnicode)
    i.MX_GPIO_Init                           0x08001520   Section        0  gpio.o(i.MX_GPIO_Init)
    i.MX_USB_DEVICE_Init                     0x08001580   Section        0  usb_device.o(i.MX_USB_DEVICE_Init)
    i.MemManage_Handler                      0x080015d4   Section        0  stm32l4xx_it.o(i.MemManage_Handler)
    i.NMI_Handler                            0x080015d6   Section        0  stm32l4xx_it.o(i.NMI_Handler)
    i.NVIC_SetPriority                       0x080015d8   Section        0  stm32l4xx_hal_cortex.o(i.NVIC_SetPriority)
    NVIC_SetPriority                         0x080015d9   Thumb Code    32  stm32l4xx_hal_cortex.o(i.NVIC_SetPriority)
    i.PCD_EP_ISR_Handler                     0x080015f8   Section        0  stm32l4xx_hal_pcd.o(i.PCD_EP_ISR_Handler)
    PCD_EP_ISR_Handler                       0x080015f9   Thumb Code   648  stm32l4xx_hal_pcd.o(i.PCD_EP_ISR_Handler)
    i.PendSV_Handler                         0x08001886   Section        0  stm32l4xx_it.o(i.PendSV_Handler)
    i.RCC_SetFlashLatencyFromMSIRange        0x08001888   Section        0  stm32l4xx_hal_rcc.o(i.RCC_SetFlashLatencyFromMSIRange)
    RCC_SetFlashLatencyFromMSIRange          0x08001889   Thumb Code   116  stm32l4xx_hal_rcc.o(i.RCC_SetFlashLatencyFromMSIRange)
    i.SVC_Handler                            0x08001904   Section        0  stm32l4xx_it.o(i.SVC_Handler)
    i.SysTick_Handler                        0x08001906   Section        0  stm32l4xx_it.o(i.SysTick_Handler)
    i.SystemClock_Config                     0x0800190a   Section        0  main.o(i.SystemClock_Config)
    i.SystemInit                             0x08001980   Section        0  system_stm32l4xx.o(i.SystemInit)
    i.USBD_CUSTOM_HID_DataIn                 0x080019c4   Section        0  usbd_customhid.o(i.USBD_CUSTOM_HID_DataIn)
    USBD_CUSTOM_HID_DataIn                   0x080019c5   Thumb Code    12  usbd_customhid.o(i.USBD_CUSTOM_HID_DataIn)
    i.USBD_CUSTOM_HID_DataOut                0x080019d0   Section        0  usbd_customhid.o(i.USBD_CUSTOM_HID_DataOut)
    USBD_CUSTOM_HID_DataOut                  0x080019d1   Thumb Code    36  usbd_customhid.o(i.USBD_CUSTOM_HID_DataOut)
    i.USBD_CUSTOM_HID_DeInit                 0x080019f4   Section        0  usbd_customhid.o(i.USBD_CUSTOM_HID_DeInit)
    USBD_CUSTOM_HID_DeInit                   0x080019f5   Thumb Code    56  usbd_customhid.o(i.USBD_CUSTOM_HID_DeInit)
    i.USBD_CUSTOM_HID_EP0_RxReady            0x08001a2c   Section        0  usbd_customhid.o(i.USBD_CUSTOM_HID_EP0_RxReady)
    USBD_CUSTOM_HID_EP0_RxReady              0x08001a2d   Thumb Code    34  usbd_customhid.o(i.USBD_CUSTOM_HID_EP0_RxReady)
    i.USBD_CUSTOM_HID_GetDeviceQualifierDesc 0x08001a50   Section        0  usbd_customhid.o(i.USBD_CUSTOM_HID_GetDeviceQualifierDesc)
    USBD_CUSTOM_HID_GetDeviceQualifierDesc   0x08001a51   Thumb Code     8  usbd_customhid.o(i.USBD_CUSTOM_HID_GetDeviceQualifierDesc)
    i.USBD_CUSTOM_HID_GetFSCfgDesc           0x08001a5c   Section        0  usbd_customhid.o(i.USBD_CUSTOM_HID_GetFSCfgDesc)
    USBD_CUSTOM_HID_GetFSCfgDesc             0x08001a5d   Thumb Code     8  usbd_customhid.o(i.USBD_CUSTOM_HID_GetFSCfgDesc)
    i.USBD_CUSTOM_HID_GetHSCfgDesc           0x08001a68   Section        0  usbd_customhid.o(i.USBD_CUSTOM_HID_GetHSCfgDesc)
    USBD_CUSTOM_HID_GetHSCfgDesc             0x08001a69   Thumb Code     8  usbd_customhid.o(i.USBD_CUSTOM_HID_GetHSCfgDesc)
    i.USBD_CUSTOM_HID_GetOtherSpeedCfgDesc   0x08001a74   Section        0  usbd_customhid.o(i.USBD_CUSTOM_HID_GetOtherSpeedCfgDesc)
    USBD_CUSTOM_HID_GetOtherSpeedCfgDesc     0x08001a75   Thumb Code     8  usbd_customhid.o(i.USBD_CUSTOM_HID_GetOtherSpeedCfgDesc)
    i.USBD_CUSTOM_HID_Init                   0x08001a80   Section        0  usbd_customhid.o(i.USBD_CUSTOM_HID_Init)
    USBD_CUSTOM_HID_Init                     0x08001a81   Thumb Code    82  usbd_customhid.o(i.USBD_CUSTOM_HID_Init)
    i.USBD_CUSTOM_HID_RegisterInterface      0x08001ad2   Section        0  usbd_customhid.o(i.USBD_CUSTOM_HID_RegisterInterface)
    i.USBD_CUSTOM_HID_Setup                  0x08001ae4   Section        0  usbd_customhid.o(i.USBD_CUSTOM_HID_Setup)
    USBD_CUSTOM_HID_Setup                    0x08001ae5   Thumb Code   216  usbd_customhid.o(i.USBD_CUSTOM_HID_Setup)
    i.USBD_ClrClassConfig                    0x08001bc0   Section        0  usbd_core.o(i.USBD_ClrClassConfig)
    i.USBD_CtlContinueRx                     0x08001bce   Section        0  usbd_ioreq.o(i.USBD_CtlContinueRx)
    i.USBD_CtlContinueSendData               0x08001bde   Section        0  usbd_ioreq.o(i.USBD_CtlContinueSendData)
    i.USBD_CtlError                          0x08001bee   Section        0  usbd_ctlreq.o(i.USBD_CtlError)
    i.USBD_CtlPrepareRx                      0x08001c04   Section        0  usbd_ioreq.o(i.USBD_CtlPrepareRx)
    i.USBD_CtlReceiveStatus                  0x08001c22   Section        0  usbd_ioreq.o(i.USBD_CtlReceiveStatus)
    i.USBD_CtlSendData                       0x08001c38   Section        0  usbd_ioreq.o(i.USBD_CtlSendData)
    i.USBD_CtlSendStatus                     0x08001c52   Section        0  usbd_ioreq.o(i.USBD_CtlSendStatus)
    i.USBD_FS_ConfigStrDescriptor            0x08001c68   Section        0  usbd_desc.o(i.USBD_FS_ConfigStrDescriptor)
    i.USBD_FS_DeviceDescriptor               0x08001c90   Section        0  usbd_desc.o(i.USBD_FS_DeviceDescriptor)
    i.USBD_FS_InterfaceStrDescriptor         0x08001c9c   Section        0  usbd_desc.o(i.USBD_FS_InterfaceStrDescriptor)
    i.USBD_FS_LangIDStrDescriptor            0x08001cc8   Section        0  usbd_desc.o(i.USBD_FS_LangIDStrDescriptor)
    i.USBD_FS_ManufacturerStrDescriptor      0x08001cd4   Section        0  usbd_desc.o(i.USBD_FS_ManufacturerStrDescriptor)
    i.USBD_FS_ProductStrDescriptor           0x08001cfc   Section        0  usbd_desc.o(i.USBD_FS_ProductStrDescriptor)
    i.USBD_FS_SerialStrDescriptor            0x08001d30   Section        0  usbd_desc.o(i.USBD_FS_SerialStrDescriptor)
    i.USBD_FS_USR_BOSDescriptor              0x08001d68   Section        0  usbd_desc.o(i.USBD_FS_USR_BOSDescriptor)
    i.USBD_GetDescriptor                     0x08001d74   Section        0  usbd_ctlreq.o(i.USBD_GetDescriptor)
    USBD_GetDescriptor                       0x08001d75   Thumb Code   272  usbd_ctlreq.o(i.USBD_GetDescriptor)
    i.USBD_GetString                         0x08001e84   Section        0  usbd_ctlreq.o(i.USBD_GetString)
    i.USBD_Init                              0x08001ecc   Section        0  usbd_core.o(i.USBD_Init)
    i.USBD_LL_ClearStallEP                   0x08001ef6   Section        0  usbd_conf.o(i.USBD_LL_ClearStallEP)
    i.USBD_LL_CloseEP                        0x08001f16   Section        0  usbd_conf.o(i.USBD_LL_CloseEP)
    i.USBD_LL_DataInStage                    0x08001f36   Section        0  usbd_core.o(i.USBD_LL_DataInStage)
    i.USBD_LL_DataOutStage                   0x08001ffc   Section        0  usbd_core.o(i.USBD_LL_DataOutStage)
    i.USBD_LL_Init                           0x08002078   Section        0  usbd_conf.o(i.USBD_LL_Init)
    i.USBD_LL_IsStallEP                      0x080020f0   Section        0  usbd_conf.o(i.USBD_LL_IsStallEP)
    i.USBD_LL_OpenEP                         0x0800210c   Section        0  usbd_conf.o(i.USBD_LL_OpenEP)
    i.USBD_LL_PrepareReceive                 0x08002132   Section        0  usbd_conf.o(i.USBD_LL_PrepareReceive)
    i.USBD_LL_Reset                          0x08002152   Section        0  usbd_core.o(i.USBD_LL_Reset)
    i.USBD_LL_Resume                         0x080021a2   Section        0  usbd_core.o(i.USBD_LL_Resume)
    i.USBD_LL_SOF                            0x080021ae   Section        0  usbd_core.o(i.USBD_LL_SOF)
    i.USBD_LL_SetSpeed                       0x080021c6   Section        0  usbd_core.o(i.USBD_LL_SetSpeed)
    i.USBD_LL_SetUSBAddress                  0x080021cc   Section        0  usbd_conf.o(i.USBD_LL_SetUSBAddress)
    i.USBD_LL_SetupStage                     0x080021ec   Section        0  usbd_core.o(i.USBD_LL_SetupStage)
    i.USBD_LL_StallEP                        0x08002246   Section        0  usbd_conf.o(i.USBD_LL_StallEP)
    i.USBD_LL_Start                          0x08002266   Section        0  usbd_conf.o(i.USBD_LL_Start)
    i.USBD_LL_Suspend                        0x08002286   Section        0  usbd_core.o(i.USBD_LL_Suspend)
    i.USBD_LL_Transmit                       0x08002298   Section        0  usbd_conf.o(i.USBD_LL_Transmit)
    i.USBD_ParseSetupRequest                 0x080022b8   Section        0  usbd_ctlreq.o(i.USBD_ParseSetupRequest)
    i.USBD_RegisterClass                     0x080022e0   Section        0  usbd_core.o(i.USBD_RegisterClass)
    i.USBD_SetClassConfig                    0x080022f0   Section        0  usbd_core.o(i.USBD_SetClassConfig)
    i.USBD_SetConfig                         0x08002308   Section        0  usbd_ctlreq.o(i.USBD_SetConfig)
    USBD_SetConfig                           0x08002309   Thumb Code   128  usbd_ctlreq.o(i.USBD_SetConfig)
    i.USBD_Start                             0x0800238c   Section        0  usbd_core.o(i.USBD_Start)
    i.USBD_StdDevReq                         0x08002396   Section        0  usbd_ctlreq.o(i.USBD_StdDevReq)
    i.USBD_StdEPReq                          0x080024a8   Section        0  usbd_ctlreq.o(i.USBD_StdEPReq)
    i.USBD_StdItfReq                         0x080025f8   Section        0  usbd_ctlreq.o(i.USBD_StdItfReq)
    i.USBD_static_free                       0x08002646   Section        0  usbd_conf.o(i.USBD_static_free)
    i.USBD_static_malloc                     0x08002648   Section        0  usbd_conf.o(i.USBD_static_malloc)
    i.USB_ActivateEndpoint                   0x08002650   Section        0  stm32l4xx_ll_usb.o(i.USB_ActivateEndpoint)
    i.USB_CoreInit                           0x080028b0   Section        0  stm32l4xx_ll_usb.o(i.USB_CoreInit)
    i.USB_DeactivateEndpoint                 0x080028b4   Section        0  stm32l4xx_ll_usb.o(i.USB_DeactivateEndpoint)
    i.USB_DevConnect                         0x080029c2   Section        0  stm32l4xx_ll_usb.o(i.USB_DevConnect)
    i.USB_DevDisconnect                      0x080029d0   Section        0  stm32l4xx_ll_usb.o(i.USB_DevDisconnect)
    i.USB_DevInit                            0x080029de   Section        0  stm32l4xx_ll_usb.o(i.USB_DevInit)
    i.USB_DisableGlobalInt                   0x080029fc   Section        0  stm32l4xx_ll_usb.o(i.USB_DisableGlobalInt)
    i.USB_EP0_OutStart                       0x08002a0c   Section        0  stm32l4xx_ll_usb.o(i.USB_EP0_OutStart)
    i.USB_EPClearStall                       0x08002a10   Section        0  stm32l4xx_ll_usb.o(i.USB_EPClearStall)
    i.USB_EPSetStall                         0x08002a7a   Section        0  stm32l4xx_ll_usb.o(i.USB_EPSetStall)
    i.USB_EPStartXfer                        0x08002aac   Section        0  stm32l4xx_ll_usb.o(i.USB_EPStartXfer)
    i.USB_EnableGlobalInt                    0x08002c3a   Section        0  stm32l4xx_ll_usb.o(i.USB_EnableGlobalInt)
    i.USB_IRQHandler                         0x08002c4c   Section        0  stm32l4xx_it.o(i.USB_IRQHandler)
    i.USB_ReadInterrupts                     0x08002c58   Section        0  stm32l4xx_ll_usb.o(i.USB_ReadInterrupts)
    i.USB_ReadPMA                            0x08002c5e   Section        0  stm32l4xx_ll_usb.o(i.USB_ReadPMA)
    i.USB_SetCurrentMode                     0x08002c86   Section        0  stm32l4xx_ll_usb.o(i.USB_SetCurrentMode)
    i.USB_SetDevAddress                      0x08002c8a   Section        0  stm32l4xx_ll_usb.o(i.USB_SetDevAddress)
    i.USB_WritePMA                           0x08002c98   Section        0  stm32l4xx_ll_usb.o(i.USB_WritePMA)
    i.UsageFault_Handler                     0x08002cbe   Section        0  stm32l4xx_it.o(i.UsageFault_Handler)
    i.__scatterload_copy                     0x08002cc0   Section       14  handlers.o(i.__scatterload_copy)
    i.__scatterload_null                     0x08002cce   Section        2  handlers.o(i.__scatterload_null)
    i.__scatterload_zeroinit                 0x08002cd0   Section       14  handlers.o(i.__scatterload_zeroinit)
    i.main                                   0x08002cde   Section        0  main.o(i.main)
    .constdata                               0x08002cf0   Section       64  system_stm32l4xx.o(.constdata)
    .data                                    0x20000000   Section       32  usbd_desc.o(.data)
    .data                                    0x20000020   Section       62  usbd_desc.o(.data)
    .data                                    0x20000060   Section        2  usbd_custom_hid_if.o(.data)
    CUSTOM_HID_ReportDesc_FS                 0x20000060   Data           2  usbd_custom_hid_if.o(.data)
    .data                                    0x20000064   Section       16  usbd_custom_hid_if.o(.data)
    .data                                    0x20000074   Section        4  system_stm32l4xx.o(.data)
    .data                                    0x20000078   Section        4  stm32l4xx_hal.o(.data)
    .data                                    0x2000007c   Section        1  usbd_ctlreq.o(.data)
    cfgidx                                   0x2000007c   Data           1  usbd_ctlreq.o(.data)
    .data                                    0x20000080   Section       60  usbd_customhid.o(.data)
    .data                                    0x200000bc   Section      154  usbd_customhid.o(.data)
    USBD_CUSTOM_HID_CfgFSDesc                0x200000bc   Data          41  usbd_customhid.o(.data)
    USBD_CUSTOM_HID_CfgHSDesc                0x200000e8   Data          41  usbd_customhid.o(.data)
    USBD_CUSTOM_HID_OtherSpeedCfgDesc        0x20000114   Data          41  usbd_customhid.o(.data)
    USBD_CUSTOM_HID_Desc                     0x20000140   Data           9  usbd_customhid.o(.data)
    USBD_CUSTOM_HID_DeviceQualifierDesc      0x2000014c   Data          10  usbd_customhid.o(.data)
    .bss                                     0x20000158   Section      668  usb_device.o(.bss)
    .bss                                     0x200003f4   Section     1168  usbd_conf.o(.bss)
    mem                                      0x200003f4   Data          28  usbd_conf.o(.bss)
    .bss                                     0x20000884   Section      512  usbd_desc.o(.bss)
    STACK                                    0x20000a88   Section     1024  startup_stm32l412xx.o(STACK)

    Global Symbols

    Symbol Name                              Value     Ov Type        Size  Object(Section)

    BuildAttributes$$THM_ISAv4$E$P$D$K$B$S$7EM$VFPi3$EXTD16$VFPS$VFMA$PE$A:L22UL41UL21$X:L11$S22US41US21$IEEE1$IW$USESV6$~STKCKD$USESV7$~SHL$OSPACE$EBA8$MICROLIB$REQ8$PRES8$EABIv2 0x00000000   Number         0  anon$$obj.o ABSOLUTE
    __ARM_use_no_argv                        0x00000000   Number         0  main.o ABSOLUTE
    __cpp_initialize__aeabi_                  - Undefined Weak Reference
    __cxa_finalize                            - Undefined Weak Reference
    _clock_init                               - Undefined Weak Reference
    _microlib_exit                            - Undefined Weak Reference
    __Vectors_Size                           0x0000018c   Number         0  startup_stm32l412xx.o ABSOLUTE
    __Vectors                                0x08000000   Data           4  startup_stm32l412xx.o(RESET)
    __Vectors_End                            0x0800018c   Data           0  startup_stm32l412xx.o(RESET)
    __main                                   0x0800018d   Thumb Code     0  entry.o(.ARM.Collect$$$$00000000)
    _main_stk                                0x0800018d   Thumb Code     0  entry2.o(.ARM.Collect$$$$00000001)
    _main_scatterload                        0x08000191   Thumb Code     0  entry5.o(.ARM.Collect$$$$00000004)
    __main_after_scatterload                 0x08000195   Thumb Code     0  entry5.o(.ARM.Collect$$$$00000004)
    _main_clock                              0x08000195   Thumb Code     0  entry7b.o(.ARM.Collect$$$$00000008)
    _main_cpp_init                           0x08000195   Thumb Code     0  entry8b.o(.ARM.Collect$$$$0000000A)
    _main_init                               0x08000195   Thumb Code     0  entry9a.o(.ARM.Collect$$$$0000000B)
    __rt_final_cpp                           0x0800019d   Thumb Code     0  entry10a.o(.ARM.Collect$$$$0000000D)
    __rt_final_exit                          0x0800019d   Thumb Code     0  entry11a.o(.ARM.Collect$$$$0000000F)
    Reset_Handler                            0x080001a1   Thumb Code     8  startup_stm32l412xx.o(.text)
    ADC1_2_IRQHandler                        0x080001bb   Thumb Code     0  startup_stm32l412xx.o(.text)
    COMP_IRQHandler                          0x080001bb   Thumb Code     0  startup_stm32l412xx.o(.text)
    CRS_IRQHandler                           0x080001bb   Thumb Code     0  startup_stm32l412xx.o(.text)
    DMA1_Channel1_IRQHandler                 0x080001bb   Thumb Code     0  startup_stm32l412xx.o(.text)
    DMA1_Channel2_IRQHandler                 0x080001bb   Thumb Code     0  startup_stm32l412xx.o(.text)
    DMA1_Channel3_IRQHandler                 0x080001bb   Thumb Code     0  startup_stm32l412xx.o(.text)
    DMA1_Channel4_IRQHandler                 0x080001bb   Thumb Code     0  startup_stm32l412xx.o(.text)
    DMA1_Channel5_IRQHandler                 0x080001bb   Thumb Code     0  startup_stm32l412xx.o(.text)
    DMA1_Channel6_IRQHandler                 0x080001bb   Thumb Code     0  startup_stm32l412xx.o(.text)
    DMA1_Channel7_IRQHandler                 0x080001bb   Thumb Code     0  startup_stm32l412xx.o(.text)
    DMA2_Channel1_IRQHandler                 0x080001bb   Thumb Code     0  startup_stm32l412xx.o(.text)
    DMA2_Channel2_IRQHandler                 0x080001bb   Thumb Code     0  startup_stm32l412xx.o(.text)
    DMA2_Channel3_IRQHandler                 0x080001bb   Thumb Code     0  startup_stm32l412xx.o(.text)
    DMA2_Channel4_IRQHandler                 0x080001bb   Thumb Code     0  startup_stm32l412xx.o(.text)
    DMA2_Channel5_IRQHandler                 0x080001bb   Thumb Code     0  startup_stm32l412xx.o(.text)
    DMA2_Channel6_IRQHandler                 0x080001bb   Thumb Code     0  startup_stm32l412xx.o(.text)
    DMA2_Channel7_IRQHandler                 0x080001bb   Thumb Code     0  startup_stm32l412xx.o(.text)
    EXTI0_IRQHandler                         0x080001bb   Thumb Code     0  startup_stm32l412xx.o(.text)
    EXTI15_10_IRQHandler                     0x080001bb   Thumb Code     0  startup_stm32l412xx.o(.text)
    EXTI1_IRQHandler                         0x080001bb   Thumb Code     0  startup_stm32l412xx.o(.text)
    EXTI2_IRQHandler                         0x080001bb   Thumb Code     0  startup_stm32l412xx.o(.text)
    EXTI3_IRQHandler                         0x080001bb   Thumb Code     0  startup_stm32l412xx.o(.text)
    EXTI4_IRQHandler                         0x080001bb   Thumb Code     0  startup_stm32l412xx.o(.text)
    EXTI9_5_IRQHandler                       0x080001bb   Thumb Code     0  startup_stm32l412xx.o(.text)
    FLASH_IRQHandler                         0x080001bb   Thumb Code     0  startup_stm32l412xx.o(.text)
    FPU_IRQHandler                           0x080001bb   Thumb Code     0  startup_stm32l412xx.o(.text)
    I2C1_ER_IRQHandler                       0x080001bb   Thumb Code     0  startup_stm32l412xx.o(.text)
    I2C1_EV_IRQHandler                       0x080001bb   Thumb Code     0  startup_stm32l412xx.o(.text)
    I2C2_ER_IRQHandler                       0x080001bb   Thumb Code     0  startup_stm32l412xx.o(.text)
    I2C2_EV_IRQHandler                       0x080001bb   Thumb Code     0  startup_stm32l412xx.o(.text)
    I2C3_ER_IRQHandler                       0x080001bb   Thumb Code     0  startup_stm32l412xx.o(.text)
    I2C3_EV_IRQHandler                       0x080001bb   Thumb Code     0  startup_stm32l412xx.o(.text)
    LPTIM1_IRQHandler                        0x080001bb   Thumb Code     0  startup_stm32l412xx.o(.text)
    LPTIM2_IRQHandler                        0x080001bb   Thumb Code     0  startup_stm32l412xx.o(.text)
    LPUART1_IRQHandler                       0x080001bb   Thumb Code     0  startup_stm32l412xx.o(.text)
    PVD_PVM_IRQHandler                       0x080001bb   Thumb Code     0  startup_stm32l412xx.o(.text)
    QUADSPI_IRQHandler                       0x080001bb   Thumb Code     0  startup_stm32l412xx.o(.text)
    RCC_IRQHandler                           0x080001bb   Thumb Code     0  startup_stm32l412xx.o(.text)
    RNG_IRQHandler                           0x080001bb   Thumb Code     0  startup_stm32l412xx.o(.text)
    RTC_Alarm_IRQHandler                     0x080001bb   Thumb Code     0  startup_stm32l412xx.o(.text)
    RTC_WKUP_IRQHandler                      0x080001bb   Thumb Code     0  startup_stm32l412xx.o(.text)
    SPI1_IRQHandler                          0x080001bb   Thumb Code     0  startup_stm32l412xx.o(.text)
    SPI2_IRQHandler                          0x080001bb   Thumb Code     0  startup_stm32l412xx.o(.text)
    TAMP_STAMP_IRQHandler                    0x080001bb   Thumb Code     0  startup_stm32l412xx.o(.text)
    TIM1_BRK_TIM15_IRQHandler                0x080001bb   Thumb Code     0  startup_stm32l412xx.o(.text)
    TIM1_CC_IRQHandler                       0x080001bb   Thumb Code     0  startup_stm32l412xx.o(.text)
    TIM1_TRG_COM_IRQHandler                  0x080001bb   Thumb Code     0  startup_stm32l412xx.o(.text)
    TIM1_UP_TIM16_IRQHandler                 0x080001bb   Thumb Code     0  startup_stm32l412xx.o(.text)
    TIM2_IRQHandler                          0x080001bb   Thumb Code     0  startup_stm32l412xx.o(.text)
    TIM6_IRQHandler                          0x080001bb   Thumb Code     0  startup_stm32l412xx.o(.text)
    TSC_IRQHandler                           0x080001bb   Thumb Code     0  startup_stm32l412xx.o(.text)
    USART1_IRQHandler                        0x080001bb   Thumb Code     0  startup_stm32l412xx.o(.text)
    USART2_IRQHandler                        0x080001bb   Thumb Code     0  startup_stm32l412xx.o(.text)
    USART3_IRQHandler                        0x080001bb   Thumb Code     0  startup_stm32l412xx.o(.text)
    WWDG_IRQHandler                          0x080001bb   Thumb Code     0  startup_stm32l412xx.o(.text)
    __aeabi_memcpy                           0x080001c5   Thumb Code    36  memcpya.o(.text)
    __aeabi_memcpy4                          0x080001c5   Thumb Code     0  memcpya.o(.text)
    __aeabi_memcpy8                          0x080001c5   Thumb Code     0  memcpya.o(.text)
    __aeabi_memset                           0x080001e9   Thumb Code    14  memseta.o(.text)
    __aeabi_memset4                          0x080001e9   Thumb Code     0  memseta.o(.text)
    __aeabi_memset8                          0x080001e9   Thumb Code     0  memseta.o(.text)
    __aeabi_memclr                           0x080001f7   Thumb Code     4  memseta.o(.text)
    __aeabi_memclr4                          0x080001f7   Thumb Code     0  memseta.o(.text)
    __aeabi_memclr8                          0x080001f7   Thumb Code     0  memseta.o(.text)
    _memset$wrapper                          0x080001fb   Thumb Code    18  memseta.o(.text)
    __scatterload                            0x0800020d   Thumb Code    28  init.o(.text)
    __scatterload_rt2                        0x0800020d   Thumb Code     0  init.o(.text)
    __decompress                             0x08000231   Thumb Code     0  __dczerorl2.o(.text)
    __decompress1                            0x08000231   Thumb Code    86  __dczerorl2.o(.text)
    BusFault_Handler                         0x08000287   Thumb Code     2  stm32l4xx_it.o(i.BusFault_Handler)
    DebugMon_Handler                         0x08000295   Thumb Code     2  stm32l4xx_it.o(i.DebugMon_Handler)
    Error_Handler                            0x08000297   Thumb Code     2  main.o(i.Error_Handler)
    HAL_GPIO_Init                            0x08000299   Thumb Code   358  stm32l4xx_hal_gpio.o(i.HAL_GPIO_Init)
    HAL_GPIO_WritePin                        0x0800041f   Thumb Code    10  stm32l4xx_hal_gpio.o(i.HAL_GPIO_WritePin)
    HAL_GetTick                              0x08000429   Thumb Code     6  stm32l4xx_hal.o(i.HAL_GetTick)
    HAL_IncTick                              0x08000435   Thumb Code    10  stm32l4xx_hal.o(i.HAL_IncTick)
    HAL_Init                                 0x08000445   Thumb Code    30  stm32l4xx_hal.o(i.HAL_Init)
    HAL_InitTick                             0x08000465   Thumb Code    42  stm32l4xx_hal.o(i.HAL_InitTick)
    HAL_MspInit                              0x08000495   Thumb Code    38  stm32l4xx_hal_msp.o(i.HAL_MspInit)
    HAL_NVIC_EnableIRQ                       0x080004c1   Thumb Code    22  stm32l4xx_hal_cortex.o(i.HAL_NVIC_EnableIRQ)
    HAL_NVIC_SetPriority                     0x080004d9   Thumb Code    60  stm32l4xx_hal_cortex.o(i.HAL_NVIC_SetPriority)
    HAL_NVIC_SetPriorityGrouping             0x08000519   Thumb Code    26  stm32l4xx_hal_cortex.o(i.HAL_NVIC_SetPriorityGrouping)
    HAL_PCDEx_ActivateBCD                    0x0800053d   Thumb Code    30  stm32l4xx_hal_pcd_ex.o(i.HAL_PCDEx_ActivateBCD)
    HAL_PCDEx_ActivateLPM                    0x0800055b   Thumb Code    36  stm32l4xx_hal_pcd_ex.o(i.HAL_PCDEx_ActivateLPM)
    HAL_PCDEx_LPM_Callback                   0x08000581   Thumb Code    64  usbd_conf.o(i.HAL_PCDEx_LPM_Callback)
    HAL_PCDEx_PMAConfig                      0x080005c5   Thumb Code    52  stm32l4xx_hal_pcd_ex.o(i.HAL_PCDEx_PMAConfig)
    HAL_PCD_DataInStageCallback              0x080005f9   Thumb Code    14  usbd_conf.o(i.HAL_PCD_DataInStageCallback)
    HAL_PCD_DataOutStageCallback             0x08000607   Thumb Code    16  usbd_conf.o(i.HAL_PCD_DataOutStageCallback)
    HAL_PCD_EP_Close                         0x08000617   Thumb Code    72  stm32l4xx_hal_pcd.o(i.HAL_PCD_EP_Close)
    HAL_PCD_EP_ClrStall                      0x0800065f   Thumb Code    88  stm32l4xx_hal_pcd.o(i.HAL_PCD_EP_ClrStall)
    HAL_PCD_EP_Open                          0x080006b7   Thumb Code    92  stm32l4xx_hal_pcd.o(i.HAL_PCD_EP_Open)
    HAL_PCD_EP_Receive                       0x08000713   Thumb Code    46  stm32l4xx_hal_pcd.o(i.HAL_PCD_EP_Receive)
    HAL_PCD_EP_SetStall                      0x08000741   Thumb Code   106  stm32l4xx_hal_pcd.o(i.HAL_PCD_EP_SetStall)
    HAL_PCD_EP_Transmit                      0x080007ab   Thumb Code    42  stm32l4xx_hal_pcd.o(i.HAL_PCD_EP_Transmit)
    HAL_PCD_IRQHandler                       0x080007d5   Thumb Code   380  stm32l4xx_hal_pcd.o(i.HAL_PCD_IRQHandler)
    HAL_PCD_Init                             0x08000951   Thumb Code   208  stm32l4xx_hal_pcd.o(i.HAL_PCD_Init)
    HAL_PCD_MspInit                          0x08000a21   Thumb Code    98  usbd_conf.o(i.HAL_PCD_MspInit)
    HAL_PCD_ResetCallback                    0x08000a8d   Thumb Code    38  usbd_conf.o(i.HAL_PCD_ResetCallback)
    HAL_PCD_ResumeCallback                   0x08000ab5   Thumb Code    34  usbd_conf.o(i.HAL_PCD_ResumeCallback)
    HAL_PCD_SOFCallback                      0x08000add   Thumb Code     8  usbd_conf.o(i.HAL_PCD_SOFCallback)
    HAL_PCD_SetAddress                       0x08000ae5   Thumb Code    40  stm32l4xx_hal_pcd.o(i.HAL_PCD_SetAddress)
    HAL_PCD_SetupStageCallback               0x08000b0d   Thumb Code    14  usbd_conf.o(i.HAL_PCD_SetupStageCallback)
    HAL_PCD_Start                            0x08000b1b   Thumb Code    42  stm32l4xx_hal_pcd.o(i.HAL_PCD_Start)
    HAL_PCD_SuspendCallback                  0x08000b45   Thumb Code    30  usbd_conf.o(i.HAL_PCD_SuspendCallback)
    HAL_PWREx_ControlVoltageScaling          0x08000b69   Thumb Code    90  stm32l4xx_hal_pwr_ex.o(i.HAL_PWREx_ControlVoltageScaling)
    HAL_PWREx_EnableVddUSB                   0x08000bd1   Thumb Code    12  stm32l4xx_hal_pwr_ex.o(i.HAL_PWREx_EnableVddUSB)
    HAL_PWREx_GetVoltageRange                0x08000be1   Thumb Code    10  stm32l4xx_hal_pwr_ex.o(i.HAL_PWREx_GetVoltageRange)
    HAL_RCCEx_PeriphCLKConfig                0x08000bf1   Thumb Code   486  stm32l4xx_hal_rcc_ex.o(i.HAL_RCCEx_PeriphCLKConfig)
    HAL_RCC_ClockConfig                      0x08000de1   Thumb Code   264  stm32l4xx_hal_rcc.o(i.HAL_RCC_ClockConfig)
    HAL_RCC_GetSysClockFreq                  0x08000ef9   Thumb Code   152  stm32l4xx_hal_rcc.o(i.HAL_RCC_GetSysClockFreq)
    HAL_RCC_OscConfig                        0x08000f9d   Thumb Code  1306  stm32l4xx_hal_rcc.o(i.HAL_RCC_OscConfig)
    HAL_SYSTICK_Config                       0x080014bd   Thumb Code    40  stm32l4xx_hal_cortex.o(i.HAL_SYSTICK_Config)
    HardFault_Handler                        0x080014e5   Thumb Code     2  stm32l4xx_it.o(i.HardFault_Handler)
    MX_GPIO_Init                             0x08001521   Thumb Code    86  gpio.o(i.MX_GPIO_Init)
    MX_USB_DEVICE_Init                       0x08001581   Thumb Code    66  usb_device.o(i.MX_USB_DEVICE_Init)
    MemManage_Handler                        0x080015d5   Thumb Code     2  stm32l4xx_it.o(i.MemManage_Handler)
    NMI_Handler                              0x080015d7   Thumb Code     2  stm32l4xx_it.o(i.NMI_Handler)
    PendSV_Handler                           0x08001887   Thumb Code     2  stm32l4xx_it.o(i.PendSV_Handler)
    SVC_Handler                              0x08001905   Thumb Code     2  stm32l4xx_it.o(i.SVC_Handler)
    SysTick_Handler                          0x08001907   Thumb Code     4  stm32l4xx_it.o(i.SysTick_Handler)
    SystemClock_Config                       0x0800190b   Thumb Code   116  main.o(i.SystemClock_Config)
    SystemInit                               0x08001981   Thumb Code    56  system_stm32l4xx.o(i.SystemInit)
    USBD_CUSTOM_HID_RegisterInterface        0x08001ad3   Thumb Code    16  usbd_customhid.o(i.USBD_CUSTOM_HID_RegisterInterface)
    USBD_ClrClassConfig                      0x08001bc1   Thumb Code    14  usbd_core.o(i.USBD_ClrClassConfig)
    USBD_CtlContinueRx                       0x08001bcf   Thumb Code    16  usbd_ioreq.o(i.USBD_CtlContinueRx)
    USBD_CtlContinueSendData                 0x08001bdf   Thumb Code    16  usbd_ioreq.o(i.USBD_CtlContinueSendData)
    USBD_CtlError                            0x08001bef   Thumb Code    22  usbd_ctlreq.o(i.USBD_CtlError)
    USBD_CtlPrepareRx                        0x08001c05   Thumb Code    30  usbd_ioreq.o(i.USBD_CtlPrepareRx)
    USBD_CtlReceiveStatus                    0x08001c23   Thumb Code    22  usbd_ioreq.o(i.USBD_CtlReceiveStatus)
    USBD_CtlSendData                         0x08001c39   Thumb Code    26  usbd_ioreq.o(i.USBD_CtlSendData)
    USBD_CtlSendStatus                       0x08001c53   Thumb Code    22  usbd_ioreq.o(i.USBD_CtlSendStatus)
    USBD_FS_ConfigStrDescriptor              0x08001c69   Thumb Code    16  usbd_desc.o(i.USBD_FS_ConfigStrDescriptor)
    USBD_FS_DeviceDescriptor                 0x08001c91   Thumb Code     8  usbd_desc.o(i.USBD_FS_DeviceDescriptor)
    USBD_FS_InterfaceStrDescriptor           0x08001c9d   Thumb Code    16  usbd_desc.o(i.USBD_FS_InterfaceStrDescriptor)
    USBD_FS_LangIDStrDescriptor              0x08001cc9   Thumb Code     8  usbd_desc.o(i.USBD_FS_LangIDStrDescriptor)
    USBD_FS_ManufacturerStrDescriptor        0x08001cd5   Thumb Code    16  usbd_desc.o(i.USBD_FS_ManufacturerStrDescriptor)
    USBD_FS_ProductStrDescriptor             0x08001cfd   Thumb Code    16  usbd_desc.o(i.USBD_FS_ProductStrDescriptor)
    USBD_FS_SerialStrDescriptor              0x08001d31   Thumb Code    48  usbd_desc.o(i.USBD_FS_SerialStrDescriptor)
    USBD_FS_USR_BOSDescriptor                0x08001d69   Thumb Code     8  usbd_desc.o(i.USBD_FS_USR_BOSDescriptor)
    USBD_GetString                           0x08001e85   Thumb Code    72  usbd_ctlreq.o(i.USBD_GetString)
    USBD_Init                                0x08001ecd   Thumb Code    42  usbd_core.o(i.USBD_Init)
    USBD_LL_ClearStallEP                     0x08001ef7   Thumb Code    32  usbd_conf.o(i.USBD_LL_ClearStallEP)
    USBD_LL_CloseEP                          0x08001f17   Thumb Code    32  usbd_conf.o(i.USBD_LL_CloseEP)
    USBD_LL_DataInStage                      0x08001f37   Thumb Code   198  usbd_core.o(i.USBD_LL_DataInStage)
    USBD_LL_DataOutStage                     0x08001ffd   Thumb Code   124  usbd_core.o(i.USBD_LL_DataOutStage)
    USBD_LL_Init                             0x08002079   Thumb Code   112  usbd_conf.o(i.USBD_LL_Init)
    USBD_LL_IsStallEP                        0x080020f1   Thumb Code    28  usbd_conf.o(i.USBD_LL_IsStallEP)
    USBD_LL_OpenEP                           0x0800210d   Thumb Code    38  usbd_conf.o(i.USBD_LL_OpenEP)
    USBD_LL_PrepareReceive                   0x08002133   Thumb Code    32  usbd_conf.o(i.USBD_LL_PrepareReceive)
    USBD_LL_Reset                            0x08002153   Thumb Code    80  usbd_core.o(i.USBD_LL_Reset)
    USBD_LL_Resume                           0x080021a3   Thumb Code    12  usbd_core.o(i.USBD_LL_Resume)
    USBD_LL_SOF                              0x080021af   Thumb Code    24  usbd_core.o(i.USBD_LL_SOF)
    USBD_LL_SetSpeed                         0x080021c7   Thumb Code     6  usbd_core.o(i.USBD_LL_SetSpeed)
    USBD_LL_SetUSBAddress                    0x080021cd   Thumb Code    32  usbd_conf.o(i.USBD_LL_SetUSBAddress)
    USBD_LL_SetupStage                       0x080021ed   Thumb Code    90  usbd_core.o(i.USBD_LL_SetupStage)
    USBD_LL_StallEP                          0x08002247   Thumb Code    32  usbd_conf.o(i.USBD_LL_StallEP)
    USBD_LL_Start                            0x08002267   Thumb Code    32  usbd_conf.o(i.USBD_LL_Start)
    USBD_LL_Suspend                          0x08002287   Thumb Code    18  usbd_core.o(i.USBD_LL_Suspend)
    USBD_LL_Transmit                         0x08002299   Thumb Code    32  usbd_conf.o(i.USBD_LL_Transmit)
    USBD_ParseSetupRequest                   0x080022b9   Thumb Code    40  usbd_ctlreq.o(i.USBD_ParseSetupRequest)
    USBD_RegisterClass                       0x080022e1   Thumb Code    16  usbd_core.o(i.USBD_RegisterClass)
    USBD_SetClassConfig                      0x080022f1   Thumb Code    22  usbd_core.o(i.USBD_SetClassConfig)
    USBD_Start                               0x0800238d   Thumb Code    10  usbd_core.o(i.USBD_Start)
    USBD_StdDevReq                           0x08002397   Thumb Code   274  usbd_ctlreq.o(i.USBD_StdDevReq)
    USBD_StdEPReq                            0x080024a9   Thumb Code   336  usbd_ctlreq.o(i.USBD_StdEPReq)
    USBD_StdItfReq                           0x080025f9   Thumb Code    78  usbd_ctlreq.o(i.USBD_StdItfReq)
    USBD_static_free                         0x08002647   Thumb Code     2  usbd_conf.o(i.USBD_static_free)
    USBD_static_malloc                       0x08002649   Thumb Code     4  usbd_conf.o(i.USBD_static_malloc)
    USB_ActivateEndpoint                     0x08002651   Thumb Code   608  stm32l4xx_ll_usb.o(i.USB_ActivateEndpoint)
    USB_CoreInit                             0x080028b1   Thumb Code     4  stm32l4xx_ll_usb.o(i.USB_CoreInit)
    USB_DeactivateEndpoint                   0x080028b5   Thumb Code   270  stm32l4xx_ll_usb.o(i.USB_DeactivateEndpoint)
    USB_DevConnect                           0x080029c3   Thumb Code    14  stm32l4xx_ll_usb.o(i.USB_DevConnect)
    USB_DevDisconnect                        0x080029d1   Thumb Code    14  stm32l4xx_ll_usb.o(i.USB_DevDisconnect)
    USB_DevInit                              0x080029df   Thumb Code    30  stm32l4xx_ll_usb.o(i.USB_DevInit)
    USB_DisableGlobalInt                     0x080029fd   Thumb Code    16  stm32l4xx_ll_usb.o(i.USB_DisableGlobalInt)
    USB_EP0_OutStart                         0x08002a0d   Thumb Code     4  stm32l4xx_ll_usb.o(i.USB_EP0_OutStart)
    USB_EPClearStall                         0x08002a11   Thumb Code   106  stm32l4xx_ll_usb.o(i.USB_EPClearStall)
    USB_EPSetStall                           0x08002a7b   Thumb Code    50  stm32l4xx_ll_usb.o(i.USB_EPSetStall)
    USB_EPStartXfer                          0x08002aad   Thumb Code   398  stm32l4xx_ll_usb.o(i.USB_EPStartXfer)
    USB_EnableGlobalInt                      0x08002c3b   Thumb Code    16  stm32l4xx_ll_usb.o(i.USB_EnableGlobalInt)
    USB_IRQHandler                           0x08002c4d   Thumb Code     6  stm32l4xx_it.o(i.USB_IRQHandler)
    USB_ReadInterrupts                       0x08002c59   Thumb Code     6  stm32l4xx_ll_usb.o(i.USB_ReadInterrupts)
    USB_ReadPMA                              0x08002c5f   Thumb Code    40  stm32l4xx_ll_usb.o(i.USB_ReadPMA)
    USB_SetCurrentMode                       0x08002c87   Thumb Code     4  stm32l4xx_ll_usb.o(i.USB_SetCurrentMode)
    USB_SetDevAddress                        0x08002c8b   Thumb Code    12  stm32l4xx_ll_usb.o(i.USB_SetDevAddress)
    USB_WritePMA                             0x08002c99   Thumb Code    38  stm32l4xx_ll_usb.o(i.USB_WritePMA)
    UsageFault_Handler                       0x08002cbf   Thumb Code     2  stm32l4xx_it.o(i.UsageFault_Handler)
    __scatterload_copy                       0x08002cc1   Thumb Code    14  handlers.o(i.__scatterload_copy)
    __scatterload_null                       0x08002ccf   Thumb Code     2  handlers.o(i.__scatterload_null)
    __scatterload_zeroinit                   0x08002cd1   Thumb Code    14  handlers.o(i.__scatterload_zeroinit)
    main                                     0x08002cdf   Thumb Code    18  main.o(i.main)
    AHBPrescTable                            0x08002cf0   Data          16  system_stm32l4xx.o(.constdata)
    MSIRangeTable                            0x08002d00   Data          48  system_stm32l4xx.o(.constdata)
    Region$$Table$$Base                      0x08002d30   Number         0  anon$$obj.o(Region$$Table)
    Region$$Table$$Limit                     0x08002d50   Number         0  anon$$obj.o(Region$$Table)
    FS_Desc                                  0x20000000   Data          32  usbd_desc.o(.data)
    USBD_LangIDDesc                          0x20000020   Data           4  usbd_desc.o(.data)
    USBD_FS_DeviceDesc                       0x20000024   Data          18  usbd_desc.o(.data)
    USBD_FS_BOSDesc                          0x20000038   Data          12  usbd_desc.o(.data)
    USBD_StringSerial                        0x20000044   Data          26  usbd_desc.o(.data)
    USBD_CustomHID_fops_FS                   0x20000064   Data          16  usbd_custom_hid_if.o(.data)
    SystemCoreClock                          0x20000074   Data           4  system_stm32l4xx.o(.data)
    uwTick                                   0x20000078   Data           4  stm32l4xx_hal.o(.data)
    USBD_CUSTOM_HID                          0x20000080   Data          60  usbd_customhid.o(.data)
    hUsbDeviceFS                             0x20000158   Data         668  usb_device.o(.bss)
    hpcd_USB_FS                              0x20000410   Data        1140  usbd_conf.o(.bss)
    USBD_StrDesc                             0x20000884   Data         512  usbd_desc.o(.bss)
    __initial_sp                             0x20000e88   Data           0  startup_stm32l412xx.o(STACK)



==============================================================================

Memory Map of the image

  Image Entry point : 0x0800018d

  Load Region LR_IROM1 (Base: 0x08000000, Size: 0x00002ea8, Max: 0x00020000, ABSOLUTE, COMPRESSED[0x00002df8])

    Execution Region ER_IROM1 (Base: 0x08000000, Size: 0x00002d50, Max: 0x00020000, ABSOLUTE)

    Base Addr    Size         Type   Attr      Idx    E Section Name        Object

    0x08000000   0x0000018c   Data   RO            3    RESET               startup_stm32l412xx.o
    0x0800018c   0x00000000   Code   RO         3482  * .ARM.Collect$$$$00000000  mc_w.l(entry.o)
    0x0800018c   0x00000004   Code   RO         3491    .ARM.Collect$$$$00000001  mc_w.l(entry2.o)
    0x08000190   0x00000004   Code   RO         3494    .ARM.Collect$$$$00000004  mc_w.l(entry5.o)
    0x08000194   0x00000000   Code   RO         3496    .ARM.Collect$$$$00000008  mc_w.l(entry7b.o)
    0x08000194   0x00000000   Code   RO         3498    .ARM.Collect$$$$0000000A  mc_w.l(entry8b.o)
    0x08000194   0x00000008   Code   RO         3499    .ARM.Collect$$$$0000000B  mc_w.l(entry9a.o)
    0x0800019c   0x00000000   Code   RO         3501    .ARM.Collect$$$$0000000D  mc_w.l(entry10a.o)
    0x0800019c   0x00000000   Code   RO         3503    .ARM.Collect$$$$0000000F  mc_w.l(entry11a.o)
    0x0800019c   0x00000004   Code   RO         3492    .ARM.Collect$$$$00002712  mc_w.l(entry2.o)
    0x080001a0   0x00000024   Code   RO            4    .text               startup_stm32l412xx.o
    0x080001c4   0x00000024   Code   RO         3485    .text               mc_w.l(memcpya.o)
    0x080001e8   0x00000024   Code   RO         3487    .text               mc_w.l(memseta.o)
    0x0800020c   0x00000024   Code   RO         3505    .text               mc_w.l(init.o)
    0x08000230   0x00000056   Code   RO         3515    .text               mc_w.l(__dczerorl2.o)
    0x08000286   0x00000002   Code   RO          586    i.BusFault_Handler  stm32l4xx_it.o
    0x08000288   0x00000004   Code   RO          545    i.CUSTOM_HID_DeInit_FS  usbd_custom_hid_if.o
    0x0800028c   0x00000004   Code   RO          546    i.CUSTOM_HID_Init_FS  usbd_custom_hid_if.o
    0x08000290   0x00000004   Code   RO          547    i.CUSTOM_HID_OutEvent_FS  usbd_custom_hid_if.o
    0x08000294   0x00000002   Code   RO          587    i.DebugMon_Handler  stm32l4xx_it.o
    0x08000296   0x00000002   Code   RO           13    i.Error_Handler     main.o
    0x08000298   0x00000186   Code   RO         2398    i.HAL_GPIO_Init     stm32l4xx_hal_gpio.o
    0x0800041e   0x0000000a   Code   RO         2402    i.HAL_GPIO_WritePin  stm32l4xx_hal_gpio.o
    0x08000428   0x0000000c   Code   RO         1249    i.HAL_GetTick       stm32l4xx_hal.o
    0x08000434   0x00000010   Code   RO         1253    i.HAL_IncTick       stm32l4xx_hal.o
    0x08000444   0x0000001e   Code   RO         1254    i.HAL_Init          stm32l4xx_hal.o
    0x08000462   0x00000002   PAD
    0x08000464   0x00000030   Code   RO         1255    i.HAL_InitTick      stm32l4xx_hal.o
    0x08000494   0x0000002c   Code   RO          668    i.HAL_MspInit       stm32l4xx_hal_msp.o
    0x080004c0   0x00000016   Code   RO         2933    i.HAL_NVIC_EnableIRQ  stm32l4xx_hal_cortex.o
    0x080004d6   0x00000002   PAD
    0x080004d8   0x00000040   Code   RO         2939    i.HAL_NVIC_SetPriority  stm32l4xx_hal_cortex.o
    0x08000518   0x00000024   Code   RO         2940    i.HAL_NVIC_SetPriorityGrouping  stm32l4xx_hal_cortex.o
    0x0800053c   0x0000001e   Code   RO          945    i.HAL_PCDEx_ActivateBCD  stm32l4xx_hal_pcd_ex.o
    0x0800055a   0x00000024   Code   RO          946    i.HAL_PCDEx_ActivateLPM  stm32l4xx_hal_pcd_ex.o
    0x0800057e   0x00000002   PAD
    0x08000580   0x00000044   Code   RO          246    i.HAL_PCDEx_LPM_Callback  usbd_conf.o
    0x080005c4   0x00000034   Code   RO          952    i.HAL_PCDEx_PMAConfig  stm32l4xx_hal_pcd_ex.o
    0x080005f8   0x0000000e   Code   RO          248    i.HAL_PCD_DataInStageCallback  usbd_conf.o
    0x08000606   0x00000010   Code   RO          249    i.HAL_PCD_DataOutStageCallback  usbd_conf.o
    0x08000616   0x00000048   Code   RO          739    i.HAL_PCD_EP_Close  stm32l4xx_hal_pcd.o
    0x0800065e   0x00000058   Code   RO          740    i.HAL_PCD_EP_ClrStall  stm32l4xx_hal_pcd.o
    0x080006b6   0x0000005c   Code   RO          743    i.HAL_PCD_EP_Open   stm32l4xx_hal_pcd.o
    0x08000712   0x0000002e   Code   RO          744    i.HAL_PCD_EP_Receive  stm32l4xx_hal_pcd.o
    0x08000740   0x0000006a   Code   RO          745    i.HAL_PCD_EP_SetStall  stm32l4xx_hal_pcd.o
    0x080007aa   0x0000002a   Code   RO          746    i.HAL_PCD_EP_Transmit  stm32l4xx_hal_pcd.o
    0x080007d4   0x0000017c   Code   RO          748    i.HAL_PCD_IRQHandler  stm32l4xx_hal_pcd.o
    0x08000950   0x000000d0   Code   RO          751    i.HAL_PCD_Init      stm32l4xx_hal_pcd.o
    0x08000a20   0x0000006c   Code   RO          254    i.HAL_PCD_MspInit   usbd_conf.o
    0x08000a8c   0x00000026   Code   RO          255    i.HAL_PCD_ResetCallback  usbd_conf.o
    0x08000ab2   0x00000002   PAD
    0x08000ab4   0x00000028   Code   RO          256    i.HAL_PCD_ResumeCallback  usbd_conf.o
    0x08000adc   0x00000008   Code   RO          257    i.HAL_PCD_SOFCallback  usbd_conf.o
    0x08000ae4   0x00000028   Code   RO          757    i.HAL_PCD_SetAddress  stm32l4xx_hal_pcd.o
    0x08000b0c   0x0000000e   Code   RO          258    i.HAL_PCD_SetupStageCallback  usbd_conf.o
    0x08000b1a   0x0000002a   Code   RO          759    i.HAL_PCD_Start     stm32l4xx_hal_pcd.o
    0x08000b44   0x00000024   Code   RO          259    i.HAL_PCD_SuspendCallback  usbd_conf.o
    0x08000b68   0x00000068   Code   RO         2689    i.HAL_PWREx_ControlVoltageScaling  stm32l4xx_hal_pwr_ex.o
    0x08000bd0   0x00000010   Code   RO         2715    i.HAL_PWREx_EnableVddUSB  stm32l4xx_hal_pwr_ex.o
    0x08000be0   0x00000010   Code   RO         2720    i.HAL_PWREx_GetVoltageRange  stm32l4xx_hal_pwr_ex.o
    0x08000bf0   0x000001f0   Code   RO         2056    i.HAL_RCCEx_PeriphCLKConfig  stm32l4xx_hal_rcc_ex.o
    0x08000de0   0x00000118   Code   RO         1936    i.HAL_RCC_ClockConfig  stm32l4xx_hal_rcc.o
    0x08000ef8   0x000000a4   Code   RO         1944    i.HAL_RCC_GetSysClockFreq  stm32l4xx_hal_rcc.o
    0x08000f9c   0x00000520   Code   RO         1947    i.HAL_RCC_OscConfig  stm32l4xx_hal_rcc.o
    0x080014bc   0x00000028   Code   RO         2944    i.HAL_SYSTICK_Config  stm32l4xx_hal_cortex.o
    0x080014e4   0x00000002   Code   RO          588    i.HardFault_Handler  stm32l4xx_it.o
    0x080014e6   0x00000002   PAD
    0x080014e8   0x00000038   Code   RO          453    i.IntToUnicode      usbd_desc.o
    0x08001520   0x00000060   Code   RO          174    i.MX_GPIO_Init      gpio.o
    0x08001580   0x00000054   Code   RO          198    i.MX_USB_DEVICE_Init  usb_device.o
    0x080015d4   0x00000002   Code   RO          589    i.MemManage_Handler  stm32l4xx_it.o
    0x080015d6   0x00000002   Code   RO          590    i.NMI_Handler       stm32l4xx_it.o
    0x080015d8   0x00000020   Code   RO         2946    i.NVIC_SetPriority  stm32l4xx_hal_cortex.o
    0x080015f8   0x0000028e   Code   RO          762    i.PCD_EP_ISR_Handler  stm32l4xx_hal_pcd.o
    0x08001886   0x00000002   Code   RO          591    i.PendSV_Handler    stm32l4xx_it.o
    0x08001888   0x0000007c   Code   RO         1948    i.RCC_SetFlashLatencyFromMSIRange  stm32l4xx_hal_rcc.o
    0x08001904   0x00000002   Code   RO          592    i.SVC_Handler       stm32l4xx_it.o
    0x08001906   0x00000004   Code   RO          593    i.SysTick_Handler   stm32l4xx_it.o
    0x0800190a   0x00000074   Code   RO           14    i.SystemClock_Config  main.o
    0x0800197e   0x00000002   PAD
    0x08001980   0x00000044   Code   RO          693    i.SystemInit        system_stm32l4xx.o
    0x080019c4   0x0000000c   Code   RO         3398    i.USBD_CUSTOM_HID_DataIn  usbd_customhid.o
    0x080019d0   0x00000024   Code   RO         3399    i.USBD_CUSTOM_HID_DataOut  usbd_customhid.o
    0x080019f4   0x00000038   Code   RO         3400    i.USBD_CUSTOM_HID_DeInit  usbd_customhid.o
    0x08001a2c   0x00000022   Code   RO         3401    i.USBD_CUSTOM_HID_EP0_RxReady  usbd_customhid.o
    0x08001a4e   0x00000002   PAD
    0x08001a50   0x0000000c   Code   RO         3402    i.USBD_CUSTOM_HID_GetDeviceQualifierDesc  usbd_customhid.o
    0x08001a5c   0x0000000c   Code   RO         3403    i.USBD_CUSTOM_HID_GetFSCfgDesc  usbd_customhid.o
    0x08001a68   0x0000000c   Code   RO         3404    i.USBD_CUSTOM_HID_GetHSCfgDesc  usbd_customhid.o
    0x08001a74   0x0000000c   Code   RO         3405    i.USBD_CUSTOM_HID_GetOtherSpeedCfgDesc  usbd_customhid.o
    0x08001a80   0x00000052   Code   RO         3406    i.USBD_CUSTOM_HID_Init  usbd_customhid.o
    0x08001ad2   0x00000010   Code   RO         3407    i.USBD_CUSTOM_HID_RegisterInterface  usbd_customhid.o
    0x08001ae2   0x00000002   PAD
    0x08001ae4   0x000000dc   Code   RO         3409    i.USBD_CUSTOM_HID_Setup  usbd_customhid.o
    0x08001bc0   0x0000000e   Code   RO         3135    i.USBD_ClrClassConfig  usbd_core.o
    0x08001bce   0x00000010   Code   RO         3338    i.USBD_CtlContinueRx  usbd_ioreq.o
    0x08001bde   0x00000010   Code   RO         3339    i.USBD_CtlContinueSendData  usbd_ioreq.o
    0x08001bee   0x00000016   Code   RO         3273    i.USBD_CtlError     usbd_ctlreq.o
    0x08001c04   0x0000001e   Code   RO         3340    i.USBD_CtlPrepareRx  usbd_ioreq.o
    0x08001c22   0x00000016   Code   RO         3341    i.USBD_CtlReceiveStatus  usbd_ioreq.o
    0x08001c38   0x0000001a   Code   RO         3342    i.USBD_CtlSendData  usbd_ioreq.o
    0x08001c52   0x00000016   Code   RO         3343    i.USBD_CtlSendStatus  usbd_ioreq.o
    0x08001c68   0x00000028   Code   RO          454    i.USBD_FS_ConfigStrDescriptor  usbd_desc.o
    0x08001c90   0x0000000c   Code   RO          455    i.USBD_FS_DeviceDescriptor  usbd_desc.o
    0x08001c9c   0x0000002c   Code   RO          456    i.USBD_FS_InterfaceStrDescriptor  usbd_desc.o
    0x08001cc8   0x0000000c   Code   RO          457    i.USBD_FS_LangIDStrDescriptor  usbd_desc.o
    0x08001cd4   0x00000028   Code   RO          458    i.USBD_FS_ManufacturerStrDescriptor  usbd_desc.o
    0x08001cfc   0x00000034   Code   RO          459    i.USBD_FS_ProductStrDescriptor  usbd_desc.o
    0x08001d30   0x00000038   Code   RO          460    i.USBD_FS_SerialStrDescriptor  usbd_desc.o
    0x08001d68   0x0000000c   Code   RO          461    i.USBD_FS_USR_BOSDescriptor  usbd_desc.o
    0x08001d74   0x00000110   Code   RO         3274    i.USBD_GetDescriptor  usbd_ctlreq.o
    0x08001e84   0x00000048   Code   RO         3275    i.USBD_GetString    usbd_ctlreq.o
    0x08001ecc   0x0000002a   Code   RO         3137    i.USBD_Init         usbd_core.o
    0x08001ef6   0x00000020   Code   RO          260    i.USBD_LL_ClearStallEP  usbd_conf.o
    0x08001f16   0x00000020   Code   RO          261    i.USBD_LL_CloseEP   usbd_conf.o
    0x08001f36   0x000000c6   Code   RO         3138    i.USBD_LL_DataInStage  usbd_core.o
    0x08001ffc   0x0000007c   Code   RO         3139    i.USBD_LL_DataOutStage  usbd_core.o
    0x08002078   0x00000078   Code   RO          266    i.USBD_LL_Init      usbd_conf.o
    0x080020f0   0x0000001c   Code   RO          267    i.USBD_LL_IsStallEP  usbd_conf.o
    0x0800210c   0x00000026   Code   RO          268    i.USBD_LL_OpenEP    usbd_conf.o
    0x08002132   0x00000020   Code   RO          269    i.USBD_LL_PrepareReceive  usbd_conf.o
    0x08002152   0x00000050   Code   RO         3144    i.USBD_LL_Reset     usbd_core.o
    0x080021a2   0x0000000c   Code   RO         3145    i.USBD_LL_Resume    usbd_core.o
    0x080021ae   0x00000018   Code   RO         3146    i.USBD_LL_SOF       usbd_core.o
    0x080021c6   0x00000006   Code   RO         3147    i.USBD_LL_SetSpeed  usbd_core.o
    0x080021cc   0x00000020   Code   RO          270    i.USBD_LL_SetUSBAddress  usbd_conf.o
    0x080021ec   0x0000005a   Code   RO         3148    i.USBD_LL_SetupStage  usbd_core.o
    0x08002246   0x00000020   Code   RO          271    i.USBD_LL_StallEP   usbd_conf.o
    0x08002266   0x00000020   Code   RO          272    i.USBD_LL_Start     usbd_conf.o
    0x08002286   0x00000012   Code   RO         3149    i.USBD_LL_Suspend   usbd_core.o
    0x08002298   0x00000020   Code   RO          274    i.USBD_LL_Transmit  usbd_conf.o
    0x080022b8   0x00000028   Code   RO         3276    i.USBD_ParseSetupRequest  usbd_ctlreq.o
    0x080022e0   0x00000010   Code   RO         3150    i.USBD_RegisterClass  usbd_core.o
    0x080022f0   0x00000016   Code   RO         3152    i.USBD_SetClassConfig  usbd_core.o
    0x08002306   0x00000002   PAD
    0x08002308   0x00000084   Code   RO         3277    i.USBD_SetConfig    usbd_ctlreq.o
    0x0800238c   0x0000000a   Code   RO         3153    i.USBD_Start        usbd_core.o
    0x08002396   0x00000112   Code   RO         3278    i.USBD_StdDevReq    usbd_ctlreq.o
    0x080024a8   0x00000150   Code   RO         3279    i.USBD_StdEPReq     usbd_ctlreq.o
    0x080025f8   0x0000004e   Code   RO         3280    i.USBD_StdItfReq    usbd_ctlreq.o
    0x08002646   0x00000002   Code   RO          275    i.USBD_static_free  usbd_conf.o
    0x08002648   0x00000008   Code   RO          276    i.USBD_static_malloc  usbd_conf.o
    0x08002650   0x00000260   Code   RO         1011    i.USB_ActivateEndpoint  stm32l4xx_ll_usb.o
    0x080028b0   0x00000004   Code   RO         1014    i.USB_CoreInit      stm32l4xx_ll_usb.o
    0x080028b4   0x0000010e   Code   RO         1016    i.USB_DeactivateEndpoint  stm32l4xx_ll_usb.o
    0x080029c2   0x0000000e   Code   RO         1017    i.USB_DevConnect    stm32l4xx_ll_usb.o
    0x080029d0   0x0000000e   Code   RO         1018    i.USB_DevDisconnect  stm32l4xx_ll_usb.o
    0x080029de   0x0000001e   Code   RO         1019    i.USB_DevInit       stm32l4xx_ll_usb.o
    0x080029fc   0x00000010   Code   RO         1020    i.USB_DisableGlobalInt  stm32l4xx_ll_usb.o
    0x08002a0c   0x00000004   Code   RO         1021    i.USB_EP0_OutStart  stm32l4xx_ll_usb.o
    0x08002a10   0x0000006a   Code   RO         1022    i.USB_EPClearStall  stm32l4xx_ll_usb.o
    0x08002a7a   0x00000032   Code   RO         1023    i.USB_EPSetStall    stm32l4xx_ll_usb.o
    0x08002aac   0x0000018e   Code   RO         1024    i.USB_EPStartXfer   stm32l4xx_ll_usb.o
    0x08002c3a   0x00000010   Code   RO         1025    i.USB_EnableGlobalInt  stm32l4xx_ll_usb.o
    0x08002c4a   0x00000002   PAD
    0x08002c4c   0x0000000c   Code   RO          594    i.USB_IRQHandler    stm32l4xx_it.o
    0x08002c58   0x00000006   Code   RO         1032    i.USB_ReadInterrupts  stm32l4xx_ll_usb.o
    0x08002c5e   0x00000028   Code   RO         1033    i.USB_ReadPMA       stm32l4xx_ll_usb.o
    0x08002c86   0x00000004   Code   RO         1035    i.USB_SetCurrentMode  stm32l4xx_ll_usb.o
    0x08002c8a   0x0000000c   Code   RO         1036    i.USB_SetDevAddress  stm32l4xx_ll_usb.o
    0x08002c96   0x00000002   PAD
    0x08002c98   0x00000026   Code   RO         1038    i.USB_WritePMA      stm32l4xx_ll_usb.o
    0x08002cbe   0x00000002   Code   RO          595    i.UsageFault_Handler  stm32l4xx_it.o
    0x08002cc0   0x0000000e   Code   RO         3509    i.__scatterload_copy  mc_w.l(handlers.o)
    0x08002cce   0x00000002   Code   RO         3510    i.__scatterload_null  mc_w.l(handlers.o)
    0x08002cd0   0x0000000e   Code   RO         3511    i.__scatterload_zeroinit  mc_w.l(handlers.o)
    0x08002cde   0x00000012   Code   RO           15    i.main              main.o
    0x08002cf0   0x00000040   Data   RO          694    .constdata          system_stm32l4xx.o
    0x08002d30   0x00000020   Data   RO         3507    Region$$Table       anon$$obj.o


    Execution Region RW_IRAM1 (Base: 0x20000000, Size: 0x00000e88, Max: 0x0000a000, ABSOLUTE, COMPRESSED[0x000000a8])

    Base Addr    Size         Type   Attr      Idx    E Section Name        Object

    0x20000000   0x00000020   Data   RW          463    .data               usbd_desc.o
    0x20000020   0x0000003e   Data   RW          464    .data               usbd_desc.o
    0x2000005e   0x00000002   PAD
    0x20000060   0x00000002   Data   RW          548    .data               usbd_custom_hid_if.o
    0x20000062   0x00000002   PAD
    0x20000064   0x00000010   Data   RW          549    .data               usbd_custom_hid_if.o
    0x20000074   0x00000004   Data   RW          696    .data               system_stm32l4xx.o
    0x20000078   0x00000004   Data   RW         1265    .data               stm32l4xx_hal.o
    0x2000007c   0x00000001   Data   RW         3281    .data               usbd_ctlreq.o
    0x2000007d   0x00000003   PAD
    0x20000080   0x0000003c   Data   RW         3410    .data               usbd_customhid.o
    0x200000bc   0x0000009a   Data   RW         3411    .data               usbd_customhid.o
    0x20000156   0x00000002   PAD
    0x20000158   0x0000029c   Zero   RW          199    .bss                usb_device.o
    0x200003f4   0x00000490   Zero   RW          277    .bss                usbd_conf.o
    0x20000884   0x00000200   Zero   RW          462    .bss                usbd_desc.o
    0x20000a84   0x00000004   PAD
    0x20000a88   0x00000400   Zero   RW            1    STACK               startup_stm32l412xx.o


==============================================================================

Image component sizes


      Code (inc. data)   RO Data    RW Data    ZI Data      Debug   Object Name

        96         10          0          0          0        827   gpio.o
       136          0          0          0          0     464316   main.o
        36          8        396          0       1024        824   startup_stm32l412xx.o
       106         18          0          4          0       3435   stm32l4xx_hal.o
       194         14          0          0          0      30319   stm32l4xx_hal_cortex.o
       400         26          0          0          0       2368   stm32l4xx_hal_gpio.o
        44          6          0          0          0        798   stm32l4xx_hal_msp.o
      1770          0          0          0          0       9961   stm32l4xx_hal_pcd.o
       118          0          0          0          0       2524   stm32l4xx_hal_pcd_ex.o
       136         24          0          0          0       1875   stm32l4xx_hal_pwr_ex.o
      1880         58          0          0          0       5838   stm32l4xx_hal_rcc.o
       496         10          0          0          0       1812   stm32l4xx_hal_rcc_ex.o
        32          6          0          0          0       4415   stm32l4xx_it.o
      1630          0          0          0          0      14973   stm32l4xx_ll_usb.o
        68         12         64          4          0       1173   system_stm32l4xx.o
        84         18          0          0        668       2214   usb_device.o
       762         38          0          0       1168      13451   usbd_conf.o
       656          0          0          0          0       9679   usbd_core.o
      1226         20          0          1          0       7996   usbd_ctlreq.o
        12          0          0         18          0       1964   usbd_custom_hid_if.o
       504         30          0        214          0      10118   usbd_customhid.o
       324        132          0         94        512       6405   usbd_desc.o
       132          0          0          0          0       4416   usbd_ioreq.o

    ----------------------------------------------------------------------
     10864        430        492        344       3376     601701   Object Totals
         0          0         32          0          0          0   (incl. Generated)
        22          0          0          9          4          0   (incl. Padding)

    ----------------------------------------------------------------------

      Code (inc. data)   RO Data    RW Data    ZI Data      Debug   Library Member Name

        86          0          0          0          0          0   __dczerorl2.o
         0          0          0          0          0          0   entry.o
         0          0          0          0          0          0   entry10a.o
         0          0          0          0          0          0   entry11a.o
         8          4          0          0          0          0   entry2.o
         4          0          0          0          0          0   entry5.o
         0          0          0          0          0          0   entry7b.o
         0          0          0          0          0          0   entry8b.o
         8          4          0          0          0          0   entry9a.o
        30          0          0          0          0          0   handlers.o
        36          8          0          0          0         68   init.o
        36          0          0          0          0         68   memcpya.o
        36          0          0          0          0        108   memseta.o

    ----------------------------------------------------------------------
       244         16          0          0          0        244   Library Totals
         0          0          0          0          0          0   (incl. Padding)

    ----------------------------------------------------------------------

      Code (inc. data)   RO Data    RW Data    ZI Data      Debug   Library Name

       244         16          0          0          0        244   mc_w.l

    ----------------------------------------------------------------------
       244         16          0          0          0        244   Library Totals

    ----------------------------------------------------------------------

==============================================================================


      Code (inc. data)   RO Data    RW Data    ZI Data      Debug   

     11108        446        492        344       3376     589177   Grand Totals
     11108        446        492        168       3376     589177   ELF Image Totals (compressed)
     11108        446        492        168          0          0   ROM Totals

==============================================================================

    Total RO  Size (Code + RO Data)                11600 (  11.33kB)
    Total RW  Size (RW Data + ZI Data)              3720 (   3.63kB)
    Total ROM Size (Code + RO Data + RW Data)      11768 (  11.49kB)

==============================================================================

