<html>
<body>
<pre>
<h1>µVision Build Log</h1>
<h2>Tool Versions:</h2>
IDE-Version: ¦ÌVision V5.16.0.0
Copyright (C) 2015 ARM Ltd and ARM Germany GmbH. All rights reserved.
License Information: feng wang, hrbeu, LIC=NHY30-BP71L-RDSK3-AFTSY-ZEPBN-1LHAL
 
Tool Versions:
Toolchain:       MDK-ARM Professional  Version: 5.16.0.0
Toolchain Path:  C:\Keil_v5\ARM\ARMCC\Bin
C Compiler:      Armcc.exe V5.06 (build 20)
Assembler:       Armasm.exe V5.06 (build 20)
Linker/Locator:  ArmLink.exe V5.06 (build 20)
Library Manager: ArmAr.exe V5.06 (build 20)
Hex Converter:   FromElf.exe V5.06 (build 20)
CPU DLL:         SARMCM3.DLL V5.16.0.0
Dialog DLL:      DCM.DLL V1.13.2.0
Target DLL:      Segger\JL2CM3.dll V2.99.15.2
Dialog DLL:      TCM.DLL V1.14.5.0
 
<h2>Project:</h2>
F:\work\LiCunYu\stm32key_5833\usb\MDK-ARM\usb.uvprojx
Project File Date:  04/17/2019

<h2>Output:</h2>
*** Using Compiler 'V5.06 (build 20)', folder: 'C:\Keil_v5\ARM\ARMCC\Bin'
Build target 'usb'
compiling main.c...
compiling gpio.c...
compiling usb_device.c...
compiling usbd_desc.c...
compiling usbd_custom_hid_if.c...
compiling usbd_conf.c...
compiling stm32l4xx_it.c...
compiling stm32l4xx_hal_msp.c...
compiling system_stm32l4xx.c...
compiling stm32l4xx_hal_pcd_ex.c...
compiling stm32l4xx_hal_pcd.c...
compiling stm32l4xx_ll_usb.c...
compiling stm32l4xx_hal_tim.c...
compiling stm32l4xx_hal_tim_ex.c...
compiling stm32l4xx_hal.c...
compiling stm32l4xx_hal_i2c_ex.c...
compiling stm32l4xx_hal_rcc.c...
compiling stm32l4xx_hal_i2c.c...
compiling stm32l4xx_hal_rcc_ex.c...
compiling stm32l4xx_hal_flash.c...
compiling stm32l4xx_hal_flash_ex.c...
compiling stm32l4xx_hal_flash_ramfunc.c...
compiling stm32l4xx_hal_gpio.c...
compiling stm32l4xx_hal_dma.c...
compiling stm32l4xx_hal_dma_ex.c...
compiling stm32l4xx_hal_pwr.c...
compiling stm32l4xx_hal_pwr_ex.c...
compiling stm32l4xx_hal_cortex.c...
compiling stm32l4xx_hal_exti.c...
compiling usbd_core.c...
compiling usbd_ctlreq.c...
compiling usbd_ioreq.c...
compiling usbd_customhid.c...
linking...
Program Size: Code=11108 RO-data=492 RW-data=344 ZI-data=3376  
"usb\usb.axf" - 0 Error(s), 0 Warning(s).

<h2>Software Packages used:</h2>

Package Vendor: ARM
                http://www.keil.com/pack/ARM.CMSIS.4.3.0.pack
                ARM::CMSIS:CORE:4.1.0
                CMSIS (Cortex Microcontroller Software Interface Standard)
   * Component: CORE Version: 4.1.0

<h2>Collection of Component include folders:</h2>
  F:\work\LiCunYu\stm32key_5833\usb\MDK-ARM\RTE
  d:\Keil_v5\ARM\PACK\ARM\CMSIS\4.3.0\CMSIS\Include
  d:\Keil_v5\ARM\PACK\Keil\STM32L4xx_DFP\2.1.0\Drivers\CMSIS\Device\ST\STM32L4xx\Include

<h2>Collection of Component Files used:</h2>

   * Component: ARM::CMSIS:CORE:4.1.0
Build Time Elapsed:  00:00:06
</pre>
</body>
</html>
