<!doctype html public "-//w3c//dtd html 4.0 transitional//en">
<html><head>
<title>Static Call Graph - [stm32key_5833\stm32key_5833.axf]</title></head>
<body><HR>
<H1>Static Call Graph for image stm32key_5833\stm32key_5833.axf</H1><HR>
<BR><P>#&#060CALLGRAPH&#062# ARM Linker, 5060020: Last Updated: Fri May 03 09:40:00 2019
<BR><P>
<H3>Maximum Stack Usage =       1184 bytes + Unknown(Cycles, Untraceable Function Pointers)</H3><H3>
Call chain for Maximum Stack Depth:</H3>
main &rArr; ATA583X_WaitRx &rArr; ATA583X_FrameProc
<P>
<H3>
Mutually Recursive functions
</H3> <LI><a href="#[31]">ADC1_2_IRQHandler</a>&nbsp;&nbsp;&nbsp;&rArr;&nbsp;&nbsp;&nbsp;<a href="#[31]">ADC1_2_IRQHandler</a><BR>
 <LI><a href="#[19]">BusFault_Handler</a>&nbsp;&nbsp;&nbsp;&rArr;&nbsp;&nbsp;&nbsp;<a href="#[19]">BusFault_Handler</a><BR>
 <LI><a href="#[17]">HardFault_Handler</a>&nbsp;&nbsp;&nbsp;&rArr;&nbsp;&nbsp;&nbsp;<a href="#[17]">HardFault_Handler</a><BR>
 <LI><a href="#[18]">MemManage_Handler</a>&nbsp;&nbsp;&nbsp;&rArr;&nbsp;&nbsp;&nbsp;<a href="#[18]">MemManage_Handler</a><BR>
 <LI><a href="#[1a]">UsageFault_Handler</a>&nbsp;&nbsp;&nbsp;&rArr;&nbsp;&nbsp;&nbsp;<a href="#[1a]">UsageFault_Handler</a><BR>
</UL>
<P>
<H3>
Function Pointers
</H3><UL>
 <LI><a href="#[31]">ADC1_2_IRQHandler</a> from startup_stm32l412xx.o(.text) referenced from startup_stm32l412xx.o(RESET)
 <LI><a href="#[19]">BusFault_Handler</a> from stm32l4xx_it.o(i.BusFault_Handler) referenced from startup_stm32l412xx.o(RESET)
 <LI><a href="#[49]">COMP_IRQHandler</a> from startup_stm32l412xx.o(.text) referenced from startup_stm32l412xx.o(RESET)
 <LI><a href="#[56]">CRS_IRQHandler</a> from startup_stm32l412xx.o(.text) referenced from startup_stm32l412xx.o(RESET)
 <LI><a href="#[9]">CUSTOM_HID_DeInit_FS</a> from usbd_custom_hid_if.o(i.CUSTOM_HID_DeInit_FS) referenced 2 times from usbd_custom_hid_if.o(.data)
 <LI><a href="#[8]">CUSTOM_HID_Init_FS</a> from usbd_custom_hid_if.o(i.CUSTOM_HID_Init_FS) referenced 2 times from usbd_custom_hid_if.o(.data)
 <LI><a href="#[a]">CUSTOM_HID_OutEvent_FS</a> from usbd_custom_hid_if.o(i.CUSTOM_HID_OutEvent_FS) referenced 2 times from usbd_custom_hid_if.o(.data)
 <LI><a href="#[2a]">DMA1_Channel1_IRQHandler</a> from startup_stm32l412xx.o(.text) referenced from startup_stm32l412xx.o(RESET)
 <LI><a href="#[2b]">DMA1_Channel2_IRQHandler</a> from startup_stm32l412xx.o(.text) referenced from startup_stm32l412xx.o(RESET)
 <LI><a href="#[2c]">DMA1_Channel3_IRQHandler</a> from startup_stm32l412xx.o(.text) referenced from startup_stm32l412xx.o(RESET)
 <LI><a href="#[2d]">DMA1_Channel4_IRQHandler</a> from startup_stm32l412xx.o(.text) referenced from startup_stm32l412xx.o(RESET)
 <LI><a href="#[2e]">DMA1_Channel5_IRQHandler</a> from startup_stm32l412xx.o(.text) referenced from startup_stm32l412xx.o(RESET)
 <LI><a href="#[2f]">DMA1_Channel6_IRQHandler</a> from startup_stm32l412xx.o(.text) referenced from startup_stm32l412xx.o(RESET)
 <LI><a href="#[30]">DMA1_Channel7_IRQHandler</a> from startup_stm32l412xx.o(.text) referenced from startup_stm32l412xx.o(RESET)
 <LI><a href="#[44]">DMA2_Channel1_IRQHandler</a> from startup_stm32l412xx.o(.text) referenced from startup_stm32l412xx.o(RESET)
 <LI><a href="#[45]">DMA2_Channel2_IRQHandler</a> from startup_stm32l412xx.o(.text) referenced from startup_stm32l412xx.o(RESET)
 <LI><a href="#[46]">DMA2_Channel3_IRQHandler</a> from startup_stm32l412xx.o(.text) referenced from startup_stm32l412xx.o(RESET)
 <LI><a href="#[47]">DMA2_Channel4_IRQHandler</a> from startup_stm32l412xx.o(.text) referenced from startup_stm32l412xx.o(RESET)
 <LI><a href="#[48]">DMA2_Channel5_IRQHandler</a> from startup_stm32l412xx.o(.text) referenced from startup_stm32l412xx.o(RESET)
 <LI><a href="#[4d]">DMA2_Channel6_IRQHandler</a> from startup_stm32l412xx.o(.text) referenced from startup_stm32l412xx.o(RESET)
 <LI><a href="#[4e]">DMA2_Channel7_IRQHandler</a> from startup_stm32l412xx.o(.text) referenced from startup_stm32l412xx.o(RESET)
 <LI><a href="#[1c]">DebugMon_Handler</a> from stm32l4xx_it.o(i.DebugMon_Handler) referenced from startup_stm32l412xx.o(RESET)
 <LI><a href="#[25]">EXTI0_IRQHandler</a> from startup_stm32l412xx.o(.text) referenced from startup_stm32l412xx.o(RESET)
 <LI><a href="#[41]">EXTI15_10_IRQHandler</a> from startup_stm32l412xx.o(.text) referenced from startup_stm32l412xx.o(RESET)
 <LI><a href="#[26]">EXTI1_IRQHandler</a> from startup_stm32l412xx.o(.text) referenced from startup_stm32l412xx.o(RESET)
 <LI><a href="#[27]">EXTI2_IRQHandler</a> from startup_stm32l412xx.o(.text) referenced from startup_stm32l412xx.o(RESET)
 <LI><a href="#[28]">EXTI3_IRQHandler</a> from startup_stm32l412xx.o(.text) referenced from startup_stm32l412xx.o(RESET)
 <LI><a href="#[29]">EXTI4_IRQHandler</a> from startup_stm32l412xx.o(.text) referenced from startup_stm32l412xx.o(RESET)
 <LI><a href="#[32]">EXTI9_5_IRQHandler</a> from startup_stm32l412xx.o(.text) referenced from startup_stm32l412xx.o(RESET)
 <LI><a href="#[23]">FLASH_IRQHandler</a> from startup_stm32l412xx.o(.text) referenced from startup_stm32l412xx.o(RESET)
 <LI><a href="#[55]">FPU_IRQHandler</a> from startup_stm32l412xx.o(.text) referenced from startup_stm32l412xx.o(RESET)
 <LI><a href="#[17]">HardFault_Handler</a> from stm32l4xx_it.o(i.HardFault_Handler) referenced from startup_stm32l412xx.o(RESET)
 <LI><a href="#[39]">I2C1_ER_IRQHandler</a> from startup_stm32l412xx.o(.text) referenced from startup_stm32l412xx.o(RESET)
 <LI><a href="#[38]">I2C1_EV_IRQHandler</a> from startup_stm32l412xx.o(.text) referenced from startup_stm32l412xx.o(RESET)
 <LI><a href="#[3b]">I2C2_ER_IRQHandler</a> from startup_stm32l412xx.o(.text) referenced from startup_stm32l412xx.o(RESET)
 <LI><a href="#[3a]">I2C2_EV_IRQHandler</a> from startup_stm32l412xx.o(.text) referenced from startup_stm32l412xx.o(RESET)
 <LI><a href="#[52]">I2C3_ER_IRQHandler</a> from startup_stm32l412xx.o(.text) referenced from startup_stm32l412xx.o(RESET)
 <LI><a href="#[51]">I2C3_EV_IRQHandler</a> from startup_stm32l412xx.o(.text) referenced from startup_stm32l412xx.o(RESET)
 <LI><a href="#[4a]">LPTIM1_IRQHandler</a> from startup_stm32l412xx.o(.text) referenced from startup_stm32l412xx.o(RESET)
 <LI><a href="#[4b]">LPTIM2_IRQHandler</a> from startup_stm32l412xx.o(.text) referenced from startup_stm32l412xx.o(RESET)
 <LI><a href="#[4f]">LPUART1_IRQHandler</a> from startup_stm32l412xx.o(.text) referenced from startup_stm32l412xx.o(RESET)
 <LI><a href="#[18]">MemManage_Handler</a> from stm32l4xx_it.o(i.MemManage_Handler) referenced from startup_stm32l412xx.o(RESET)
 <LI><a href="#[16]">NMI_Handler</a> from stm32l4xx_it.o(i.NMI_Handler) referenced from startup_stm32l412xx.o(RESET)
 <LI><a href="#[20]">PVD_PVM_IRQHandler</a> from startup_stm32l412xx.o(.text) referenced from startup_stm32l412xx.o(RESET)
 <LI><a href="#[1d]">PendSV_Handler</a> from stm32l4xx_it.o(i.PendSV_Handler) referenced from startup_stm32l412xx.o(RESET)
 <LI><a href="#[50]">QUADSPI_IRQHandler</a> from startup_stm32l412xx.o(.text) referenced from startup_stm32l412xx.o(RESET)
 <LI><a href="#[24]">RCC_IRQHandler</a> from startup_stm32l412xx.o(.text) referenced from startup_stm32l412xx.o(RESET)
 <LI><a href="#[54]">RNG_IRQHandler</a> from startup_stm32l412xx.o(.text) referenced from startup_stm32l412xx.o(RESET)
 <LI><a href="#[42]">RTC_Alarm_IRQHandler</a> from startup_stm32l412xx.o(.text) referenced from startup_stm32l412xx.o(RESET)
 <LI><a href="#[22]">RTC_WKUP_IRQHandler</a> from startup_stm32l412xx.o(.text) referenced from startup_stm32l412xx.o(RESET)
 <LI><a href="#[15]">Reset_Handler</a> from startup_stm32l412xx.o(.text) referenced from startup_stm32l412xx.o(RESET)
 <LI><a href="#[3c]">SPI1_IRQHandler</a> from startup_stm32l412xx.o(.text) referenced from startup_stm32l412xx.o(RESET)
 <LI><a href="#[3d]">SPI2_IRQHandler</a> from startup_stm32l412xx.o(.text) referenced from startup_stm32l412xx.o(RESET)
 <LI><a href="#[1b]">SVC_Handler</a> from stm32l4xx_it.o(i.SVC_Handler) referenced from startup_stm32l412xx.o(RESET)
 <LI><a href="#[1e]">SysTick_Handler</a> from stm32l4xx_it.o(i.SysTick_Handler) referenced from startup_stm32l412xx.o(RESET)
 <LI><a href="#[58]">SystemInit</a> from system_stm32l4xx.o(i.SystemInit) referenced from startup_stm32l412xx.o(.text)
 <LI><a href="#[21]">TAMP_STAMP_IRQHandler</a> from startup_stm32l412xx.o(.text) referenced from startup_stm32l412xx.o(RESET)
 <LI><a href="#[33]">TIM1_BRK_TIM15_IRQHandler</a> from startup_stm32l412xx.o(.text) referenced from startup_stm32l412xx.o(RESET)
 <LI><a href="#[36]">TIM1_CC_IRQHandler</a> from startup_stm32l412xx.o(.text) referenced from startup_stm32l412xx.o(RESET)
 <LI><a href="#[35]">TIM1_TRG_COM_IRQHandler</a> from startup_stm32l412xx.o(.text) referenced from startup_stm32l412xx.o(RESET)
 <LI><a href="#[34]">TIM1_UP_TIM16_IRQHandler</a> from stm32l4xx_it.o(i.TIM1_UP_TIM16_IRQHandler) referenced from startup_stm32l412xx.o(RESET)
 <LI><a href="#[37]">TIM2_IRQHandler</a> from stm32l4xx_it.o(i.TIM2_IRQHandler) referenced from startup_stm32l412xx.o(RESET)
 <LI><a href="#[43]">TIM6_IRQHandler</a> from startup_stm32l412xx.o(.text) referenced from startup_stm32l412xx.o(RESET)
 <LI><a href="#[53]">TSC_IRQHandler</a> from startup_stm32l412xx.o(.text) referenced from startup_stm32l412xx.o(RESET)
 <LI><a href="#[3e]">USART1_IRQHandler</a> from startup_stm32l412xx.o(.text) referenced from startup_stm32l412xx.o(RESET)
 <LI><a href="#[3f]">USART2_IRQHandler</a> from startup_stm32l412xx.o(.text) referenced from startup_stm32l412xx.o(RESET)
 <LI><a href="#[40]">USART3_IRQHandler</a> from startup_stm32l412xx.o(.text) referenced from startup_stm32l412xx.o(RESET)
 <LI><a href="#[f]">USBD_CUSTOM_HID_DataIn</a> from usbd_customhid.o(i.USBD_CUSTOM_HID_DataIn) referenced 2 times from usbd_customhid.o(.data)
 <LI><a href="#[10]">USBD_CUSTOM_HID_DataOut</a> from usbd_customhid.o(i.USBD_CUSTOM_HID_DataOut) referenced 2 times from usbd_customhid.o(.data)
 <LI><a href="#[c]">USBD_CUSTOM_HID_DeInit</a> from usbd_customhid.o(i.USBD_CUSTOM_HID_DeInit) referenced 2 times from usbd_customhid.o(.data)
 <LI><a href="#[e]">USBD_CUSTOM_HID_EP0_RxReady</a> from usbd_customhid.o(i.USBD_CUSTOM_HID_EP0_RxReady) referenced 2 times from usbd_customhid.o(.data)
 <LI><a href="#[14]">USBD_CUSTOM_HID_GetDeviceQualifierDesc</a> from usbd_customhid.o(i.USBD_CUSTOM_HID_GetDeviceQualifierDesc) referenced 2 times from usbd_customhid.o(.data)
 <LI><a href="#[12]">USBD_CUSTOM_HID_GetFSCfgDesc</a> from usbd_customhid.o(i.USBD_CUSTOM_HID_GetFSCfgDesc) referenced 2 times from usbd_customhid.o(.data)
 <LI><a href="#[11]">USBD_CUSTOM_HID_GetHSCfgDesc</a> from usbd_customhid.o(i.USBD_CUSTOM_HID_GetHSCfgDesc) referenced 2 times from usbd_customhid.o(.data)
 <LI><a href="#[13]">USBD_CUSTOM_HID_GetOtherSpeedCfgDesc</a> from usbd_customhid.o(i.USBD_CUSTOM_HID_GetOtherSpeedCfgDesc) referenced 2 times from usbd_customhid.o(.data)
 <LI><a href="#[b]">USBD_CUSTOM_HID_Init</a> from usbd_customhid.o(i.USBD_CUSTOM_HID_Init) referenced 2 times from usbd_customhid.o(.data)
 <LI><a href="#[d]">USBD_CUSTOM_HID_Setup</a> from usbd_customhid.o(i.USBD_CUSTOM_HID_Setup) referenced 2 times from usbd_customhid.o(.data)
 <LI><a href="#[5]">USBD_FS_ConfigStrDescriptor</a> from usbd_desc.o(i.USBD_FS_ConfigStrDescriptor) referenced 2 times from usbd_desc.o(.data)
 <LI><a href="#[0]">USBD_FS_DeviceDescriptor</a> from usbd_desc.o(i.USBD_FS_DeviceDescriptor) referenced 2 times from usbd_desc.o(.data)
 <LI><a href="#[6]">USBD_FS_InterfaceStrDescriptor</a> from usbd_desc.o(i.USBD_FS_InterfaceStrDescriptor) referenced 2 times from usbd_desc.o(.data)
 <LI><a href="#[1]">USBD_FS_LangIDStrDescriptor</a> from usbd_desc.o(i.USBD_FS_LangIDStrDescriptor) referenced 2 times from usbd_desc.o(.data)
 <LI><a href="#[2]">USBD_FS_ManufacturerStrDescriptor</a> from usbd_desc.o(i.USBD_FS_ManufacturerStrDescriptor) referenced 2 times from usbd_desc.o(.data)
 <LI><a href="#[3]">USBD_FS_ProductStrDescriptor</a> from usbd_desc.o(i.USBD_FS_ProductStrDescriptor) referenced 2 times from usbd_desc.o(.data)
 <LI><a href="#[4]">USBD_FS_SerialStrDescriptor</a> from usbd_desc.o(i.USBD_FS_SerialStrDescriptor) referenced 2 times from usbd_desc.o(.data)
 <LI><a href="#[7]">USBD_FS_USR_BOSDescriptor</a> from usbd_desc.o(i.USBD_FS_USR_BOSDescriptor) referenced 2 times from usbd_desc.o(.data)
 <LI><a href="#[4c]">USB_IRQHandler</a> from stm32l4xx_it.o(i.USB_IRQHandler) referenced from startup_stm32l412xx.o(RESET)
 <LI><a href="#[1a]">UsageFault_Handler</a> from stm32l4xx_it.o(i.UsageFault_Handler) referenced from startup_stm32l412xx.o(RESET)
 <LI><a href="#[1f]">WWDG_IRQHandler</a> from startup_stm32l412xx.o(.text) referenced from startup_stm32l412xx.o(RESET)
 <LI><a href="#[59]">__main</a> from entry.o(.ARM.Collect$$$$00000000) referenced from startup_stm32l412xx.o(.text)
 <LI><a href="#[57]">main</a> from main.o(i.main) referenced from entry9a.o(.ARM.Collect$$$$0000000B)
</UL>
<P>
<H3>
Global Symbols
</H3>
<P><STRONG><a name="[59]"></a>__main</STRONG> (Thumb, 0 bytes, Stack size unknown bytes, entry.o(.ARM.Collect$$$$00000000))
<BR>[Address Reference Count : 1]<UL><LI> startup_stm32l412xx.o(.text)
</UL>
<P><STRONG><a name="[16b]"></a>_main_stk</STRONG> (Thumb, 0 bytes, Stack size unknown bytes, entry2.o(.ARM.Collect$$$$00000001))

<P><STRONG><a name="[5a]"></a>_main_scatterload</STRONG> (Thumb, 0 bytes, Stack size unknown bytes, entry5.o(.ARM.Collect$$$$00000004))
<BR><BR>[Calls]<UL><LI><a href="#[5b]">&gt;&gt;</a>&nbsp;&nbsp;&nbsp;__scatterload
</UL>

<P><STRONG><a name="[5f]"></a>__main_after_scatterload</STRONG> (Thumb, 0 bytes, Stack size unknown bytes, entry5.o(.ARM.Collect$$$$00000004))
<BR><BR>[Called By]<UL><LI><a href="#[5b]">&gt;&gt;</a>&nbsp;&nbsp;&nbsp;__scatterload
</UL>

<P><STRONG><a name="[16c]"></a>_main_clock</STRONG> (Thumb, 0 bytes, Stack size unknown bytes, entry7b.o(.ARM.Collect$$$$00000008))

<P><STRONG><a name="[16d]"></a>_main_cpp_init</STRONG> (Thumb, 0 bytes, Stack size unknown bytes, entry8b.o(.ARM.Collect$$$$0000000A))

<P><STRONG><a name="[16e]"></a>_main_init</STRONG> (Thumb, 0 bytes, Stack size unknown bytes, entry9a.o(.ARM.Collect$$$$0000000B))

<P><STRONG><a name="[16f]"></a>__rt_final_cpp</STRONG> (Thumb, 0 bytes, Stack size unknown bytes, entry10a.o(.ARM.Collect$$$$0000000D))

<P><STRONG><a name="[170]"></a>__rt_final_exit</STRONG> (Thumb, 0 bytes, Stack size unknown bytes, entry11a.o(.ARM.Collect$$$$0000000F))

<P><STRONG><a name="[15]"></a>Reset_Handler</STRONG> (Thumb, 8 bytes, Stack size 0 bytes, startup_stm32l412xx.o(.text))
<BR>[Address Reference Count : 1]<UL><LI> startup_stm32l412xx.o(RESET)
</UL>
<P><STRONG><a name="[31]"></a>ADC1_2_IRQHandler</STRONG> (Thumb, 0 bytes, Stack size 0 bytes, startup_stm32l412xx.o(.text))
<BR><BR>[Calls]<UL><LI><a href="#[31]">&gt;&gt;</a>&nbsp;&nbsp;&nbsp;ADC1_2_IRQHandler
</UL>
<BR>[Called By]<UL><LI><a href="#[31]">&gt;&gt;</a>&nbsp;&nbsp;&nbsp;ADC1_2_IRQHandler
</UL>
<BR>[Address Reference Count : 1]<UL><LI> startup_stm32l412xx.o(RESET)
</UL>
<P><STRONG><a name="[49]"></a>COMP_IRQHandler</STRONG> (Thumb, 0 bytes, Stack size 0 bytes, startup_stm32l412xx.o(.text))
<BR>[Address Reference Count : 1]<UL><LI> startup_stm32l412xx.o(RESET)
</UL>
<P><STRONG><a name="[56]"></a>CRS_IRQHandler</STRONG> (Thumb, 0 bytes, Stack size 0 bytes, startup_stm32l412xx.o(.text))
<BR>[Address Reference Count : 1]<UL><LI> startup_stm32l412xx.o(RESET)
</UL>
<P><STRONG><a name="[2a]"></a>DMA1_Channel1_IRQHandler</STRONG> (Thumb, 0 bytes, Stack size 0 bytes, startup_stm32l412xx.o(.text))
<BR>[Address Reference Count : 1]<UL><LI> startup_stm32l412xx.o(RESET)
</UL>
<P><STRONG><a name="[2b]"></a>DMA1_Channel2_IRQHandler</STRONG> (Thumb, 0 bytes, Stack size 0 bytes, startup_stm32l412xx.o(.text))
<BR>[Address Reference Count : 1]<UL><LI> startup_stm32l412xx.o(RESET)
</UL>
<P><STRONG><a name="[2c]"></a>DMA1_Channel3_IRQHandler</STRONG> (Thumb, 0 bytes, Stack size 0 bytes, startup_stm32l412xx.o(.text))
<BR>[Address Reference Count : 1]<UL><LI> startup_stm32l412xx.o(RESET)
</UL>
<P><STRONG><a name="[2d]"></a>DMA1_Channel4_IRQHandler</STRONG> (Thumb, 0 bytes, Stack size 0 bytes, startup_stm32l412xx.o(.text))
<BR>[Address Reference Count : 1]<UL><LI> startup_stm32l412xx.o(RESET)
</UL>
<P><STRONG><a name="[2e]"></a>DMA1_Channel5_IRQHandler</STRONG> (Thumb, 0 bytes, Stack size 0 bytes, startup_stm32l412xx.o(.text))
<BR>[Address Reference Count : 1]<UL><LI> startup_stm32l412xx.o(RESET)
</UL>
<P><STRONG><a name="[2f]"></a>DMA1_Channel6_IRQHandler</STRONG> (Thumb, 0 bytes, Stack size 0 bytes, startup_stm32l412xx.o(.text))
<BR>[Address Reference Count : 1]<UL><LI> startup_stm32l412xx.o(RESET)
</UL>
<P><STRONG><a name="[30]"></a>DMA1_Channel7_IRQHandler</STRONG> (Thumb, 0 bytes, Stack size 0 bytes, startup_stm32l412xx.o(.text))
<BR>[Address Reference Count : 1]<UL><LI> startup_stm32l412xx.o(RESET)
</UL>
<P><STRONG><a name="[44]"></a>DMA2_Channel1_IRQHandler</STRONG> (Thumb, 0 bytes, Stack size 0 bytes, startup_stm32l412xx.o(.text))
<BR>[Address Reference Count : 1]<UL><LI> startup_stm32l412xx.o(RESET)
</UL>
<P><STRONG><a name="[45]"></a>DMA2_Channel2_IRQHandler</STRONG> (Thumb, 0 bytes, Stack size 0 bytes, startup_stm32l412xx.o(.text))
<BR>[Address Reference Count : 1]<UL><LI> startup_stm32l412xx.o(RESET)
</UL>
<P><STRONG><a name="[46]"></a>DMA2_Channel3_IRQHandler</STRONG> (Thumb, 0 bytes, Stack size 0 bytes, startup_stm32l412xx.o(.text))
<BR>[Address Reference Count : 1]<UL><LI> startup_stm32l412xx.o(RESET)
</UL>
<P><STRONG><a name="[47]"></a>DMA2_Channel4_IRQHandler</STRONG> (Thumb, 0 bytes, Stack size 0 bytes, startup_stm32l412xx.o(.text))
<BR>[Address Reference Count : 1]<UL><LI> startup_stm32l412xx.o(RESET)
</UL>
<P><STRONG><a name="[48]"></a>DMA2_Channel5_IRQHandler</STRONG> (Thumb, 0 bytes, Stack size 0 bytes, startup_stm32l412xx.o(.text))
<BR>[Address Reference Count : 1]<UL><LI> startup_stm32l412xx.o(RESET)
</UL>
<P><STRONG><a name="[4d]"></a>DMA2_Channel6_IRQHandler</STRONG> (Thumb, 0 bytes, Stack size 0 bytes, startup_stm32l412xx.o(.text))
<BR>[Address Reference Count : 1]<UL><LI> startup_stm32l412xx.o(RESET)
</UL>
<P><STRONG><a name="[4e]"></a>DMA2_Channel7_IRQHandler</STRONG> (Thumb, 0 bytes, Stack size 0 bytes, startup_stm32l412xx.o(.text))
<BR>[Address Reference Count : 1]<UL><LI> startup_stm32l412xx.o(RESET)
</UL>
<P><STRONG><a name="[25]"></a>EXTI0_IRQHandler</STRONG> (Thumb, 0 bytes, Stack size 0 bytes, startup_stm32l412xx.o(.text))
<BR>[Address Reference Count : 1]<UL><LI> startup_stm32l412xx.o(RESET)
</UL>
<P><STRONG><a name="[41]"></a>EXTI15_10_IRQHandler</STRONG> (Thumb, 0 bytes, Stack size 0 bytes, startup_stm32l412xx.o(.text))
<BR>[Address Reference Count : 1]<UL><LI> startup_stm32l412xx.o(RESET)
</UL>
<P><STRONG><a name="[26]"></a>EXTI1_IRQHandler</STRONG> (Thumb, 0 bytes, Stack size 0 bytes, startup_stm32l412xx.o(.text))
<BR>[Address Reference Count : 1]<UL><LI> startup_stm32l412xx.o(RESET)
</UL>
<P><STRONG><a name="[27]"></a>EXTI2_IRQHandler</STRONG> (Thumb, 0 bytes, Stack size 0 bytes, startup_stm32l412xx.o(.text))
<BR>[Address Reference Count : 1]<UL><LI> startup_stm32l412xx.o(RESET)
</UL>
<P><STRONG><a name="[28]"></a>EXTI3_IRQHandler</STRONG> (Thumb, 0 bytes, Stack size 0 bytes, startup_stm32l412xx.o(.text))
<BR>[Address Reference Count : 1]<UL><LI> startup_stm32l412xx.o(RESET)
</UL>
<P><STRONG><a name="[29]"></a>EXTI4_IRQHandler</STRONG> (Thumb, 0 bytes, Stack size 0 bytes, startup_stm32l412xx.o(.text))
<BR>[Address Reference Count : 1]<UL><LI> startup_stm32l412xx.o(RESET)
</UL>
<P><STRONG><a name="[32]"></a>EXTI9_5_IRQHandler</STRONG> (Thumb, 0 bytes, Stack size 0 bytes, startup_stm32l412xx.o(.text))
<BR>[Address Reference Count : 1]<UL><LI> startup_stm32l412xx.o(RESET)
</UL>
<P><STRONG><a name="[23]"></a>FLASH_IRQHandler</STRONG> (Thumb, 0 bytes, Stack size 0 bytes, startup_stm32l412xx.o(.text))
<BR>[Address Reference Count : 1]<UL><LI> startup_stm32l412xx.o(RESET)
</UL>
<P><STRONG><a name="[55]"></a>FPU_IRQHandler</STRONG> (Thumb, 0 bytes, Stack size 0 bytes, startup_stm32l412xx.o(.text))
<BR>[Address Reference Count : 1]<UL><LI> startup_stm32l412xx.o(RESET)
</UL>
<P><STRONG><a name="[39]"></a>I2C1_ER_IRQHandler</STRONG> (Thumb, 0 bytes, Stack size 0 bytes, startup_stm32l412xx.o(.text))
<BR>[Address Reference Count : 1]<UL><LI> startup_stm32l412xx.o(RESET)
</UL>
<P><STRONG><a name="[38]"></a>I2C1_EV_IRQHandler</STRONG> (Thumb, 0 bytes, Stack size 0 bytes, startup_stm32l412xx.o(.text))
<BR>[Address Reference Count : 1]<UL><LI> startup_stm32l412xx.o(RESET)
</UL>
<P><STRONG><a name="[3b]"></a>I2C2_ER_IRQHandler</STRONG> (Thumb, 0 bytes, Stack size 0 bytes, startup_stm32l412xx.o(.text))
<BR>[Address Reference Count : 1]<UL><LI> startup_stm32l412xx.o(RESET)
</UL>
<P><STRONG><a name="[3a]"></a>I2C2_EV_IRQHandler</STRONG> (Thumb, 0 bytes, Stack size 0 bytes, startup_stm32l412xx.o(.text))
<BR>[Address Reference Count : 1]<UL><LI> startup_stm32l412xx.o(RESET)
</UL>
<P><STRONG><a name="[52]"></a>I2C3_ER_IRQHandler</STRONG> (Thumb, 0 bytes, Stack size 0 bytes, startup_stm32l412xx.o(.text))
<BR>[Address Reference Count : 1]<UL><LI> startup_stm32l412xx.o(RESET)
</UL>
<P><STRONG><a name="[51]"></a>I2C3_EV_IRQHandler</STRONG> (Thumb, 0 bytes, Stack size 0 bytes, startup_stm32l412xx.o(.text))
<BR>[Address Reference Count : 1]<UL><LI> startup_stm32l412xx.o(RESET)
</UL>
<P><STRONG><a name="[4a]"></a>LPTIM1_IRQHandler</STRONG> (Thumb, 0 bytes, Stack size 0 bytes, startup_stm32l412xx.o(.text))
<BR>[Address Reference Count : 1]<UL><LI> startup_stm32l412xx.o(RESET)
</UL>
<P><STRONG><a name="[4b]"></a>LPTIM2_IRQHandler</STRONG> (Thumb, 0 bytes, Stack size 0 bytes, startup_stm32l412xx.o(.text))
<BR>[Address Reference Count : 1]<UL><LI> startup_stm32l412xx.o(RESET)
</UL>
<P><STRONG><a name="[4f]"></a>LPUART1_IRQHandler</STRONG> (Thumb, 0 bytes, Stack size 0 bytes, startup_stm32l412xx.o(.text))
<BR>[Address Reference Count : 1]<UL><LI> startup_stm32l412xx.o(RESET)
</UL>
<P><STRONG><a name="[20]"></a>PVD_PVM_IRQHandler</STRONG> (Thumb, 0 bytes, Stack size 0 bytes, startup_stm32l412xx.o(.text))
<BR>[Address Reference Count : 1]<UL><LI> startup_stm32l412xx.o(RESET)
</UL>
<P><STRONG><a name="[50]"></a>QUADSPI_IRQHandler</STRONG> (Thumb, 0 bytes, Stack size 0 bytes, startup_stm32l412xx.o(.text))
<BR>[Address Reference Count : 1]<UL><LI> startup_stm32l412xx.o(RESET)
</UL>
<P><STRONG><a name="[24]"></a>RCC_IRQHandler</STRONG> (Thumb, 0 bytes, Stack size 0 bytes, startup_stm32l412xx.o(.text))
<BR>[Address Reference Count : 1]<UL><LI> startup_stm32l412xx.o(RESET)
</UL>
<P><STRONG><a name="[54]"></a>RNG_IRQHandler</STRONG> (Thumb, 0 bytes, Stack size 0 bytes, startup_stm32l412xx.o(.text))
<BR>[Address Reference Count : 1]<UL><LI> startup_stm32l412xx.o(RESET)
</UL>
<P><STRONG><a name="[42]"></a>RTC_Alarm_IRQHandler</STRONG> (Thumb, 0 bytes, Stack size 0 bytes, startup_stm32l412xx.o(.text))
<BR>[Address Reference Count : 1]<UL><LI> startup_stm32l412xx.o(RESET)
</UL>
<P><STRONG><a name="[22]"></a>RTC_WKUP_IRQHandler</STRONG> (Thumb, 0 bytes, Stack size 0 bytes, startup_stm32l412xx.o(.text))
<BR>[Address Reference Count : 1]<UL><LI> startup_stm32l412xx.o(RESET)
</UL>
<P><STRONG><a name="[3c]"></a>SPI1_IRQHandler</STRONG> (Thumb, 0 bytes, Stack size 0 bytes, startup_stm32l412xx.o(.text))
<BR>[Address Reference Count : 1]<UL><LI> startup_stm32l412xx.o(RESET)
</UL>
<P><STRONG><a name="[3d]"></a>SPI2_IRQHandler</STRONG> (Thumb, 0 bytes, Stack size 0 bytes, startup_stm32l412xx.o(.text))
<BR>[Address Reference Count : 1]<UL><LI> startup_stm32l412xx.o(RESET)
</UL>
<P><STRONG><a name="[21]"></a>TAMP_STAMP_IRQHandler</STRONG> (Thumb, 0 bytes, Stack size 0 bytes, startup_stm32l412xx.o(.text))
<BR>[Address Reference Count : 1]<UL><LI> startup_stm32l412xx.o(RESET)
</UL>
<P><STRONG><a name="[33]"></a>TIM1_BRK_TIM15_IRQHandler</STRONG> (Thumb, 0 bytes, Stack size 0 bytes, startup_stm32l412xx.o(.text))
<BR>[Address Reference Count : 1]<UL><LI> startup_stm32l412xx.o(RESET)
</UL>
<P><STRONG><a name="[36]"></a>TIM1_CC_IRQHandler</STRONG> (Thumb, 0 bytes, Stack size 0 bytes, startup_stm32l412xx.o(.text))
<BR>[Address Reference Count : 1]<UL><LI> startup_stm32l412xx.o(RESET)
</UL>
<P><STRONG><a name="[35]"></a>TIM1_TRG_COM_IRQHandler</STRONG> (Thumb, 0 bytes, Stack size 0 bytes, startup_stm32l412xx.o(.text))
<BR>[Address Reference Count : 1]<UL><LI> startup_stm32l412xx.o(RESET)
</UL>
<P><STRONG><a name="[43]"></a>TIM6_IRQHandler</STRONG> (Thumb, 0 bytes, Stack size 0 bytes, startup_stm32l412xx.o(.text))
<BR>[Address Reference Count : 1]<UL><LI> startup_stm32l412xx.o(RESET)
</UL>
<P><STRONG><a name="[53]"></a>TSC_IRQHandler</STRONG> (Thumb, 0 bytes, Stack size 0 bytes, startup_stm32l412xx.o(.text))
<BR>[Address Reference Count : 1]<UL><LI> startup_stm32l412xx.o(RESET)
</UL>
<P><STRONG><a name="[3e]"></a>USART1_IRQHandler</STRONG> (Thumb, 0 bytes, Stack size 0 bytes, startup_stm32l412xx.o(.text))
<BR>[Address Reference Count : 1]<UL><LI> startup_stm32l412xx.o(RESET)
</UL>
<P><STRONG><a name="[3f]"></a>USART2_IRQHandler</STRONG> (Thumb, 0 bytes, Stack size 0 bytes, startup_stm32l412xx.o(.text))
<BR>[Address Reference Count : 1]<UL><LI> startup_stm32l412xx.o(RESET)
</UL>
<P><STRONG><a name="[40]"></a>USART3_IRQHandler</STRONG> (Thumb, 0 bytes, Stack size 0 bytes, startup_stm32l412xx.o(.text))
<BR>[Address Reference Count : 1]<UL><LI> startup_stm32l412xx.o(RESET)
</UL>
<P><STRONG><a name="[1f]"></a>WWDG_IRQHandler</STRONG> (Thumb, 0 bytes, Stack size 0 bytes, startup_stm32l412xx.o(.text))
<BR>[Address Reference Count : 1]<UL><LI> startup_stm32l412xx.o(RESET)
</UL>
<P><STRONG><a name="[171]"></a>__aeabi_memcpy</STRONG> (Thumb, 36 bytes, Stack size 0 bytes, memcpya.o(.text), UNUSED)

<P><STRONG><a name="[d6]"></a>__aeabi_memcpy4</STRONG> (Thumb, 0 bytes, Stack size 0 bytes, memcpya.o(.text))
<BR><BR>[Called By]<UL><LI><a href="#[d3]">&gt;&gt;</a>&nbsp;&nbsp;&nbsp;HAL_PCD_Init
</UL>

<P><STRONG><a name="[172]"></a>__aeabi_memcpy8</STRONG> (Thumb, 0 bytes, Stack size 0 bytes, memcpya.o(.text), UNUSED)

<P><STRONG><a name="[5d]"></a>__aeabi_memset</STRONG> (Thumb, 14 bytes, Stack size 0 bytes, memseta.o(.text), UNUSED)
<BR><BR>[Called By]<UL><LI><a href="#[5e]">&gt;&gt;</a>&nbsp;&nbsp;&nbsp;_memset$wrapper
<LI><a href="#[5c]">&gt;&gt;</a>&nbsp;&nbsp;&nbsp;__aeabi_memclr
</UL>

<P><STRONG><a name="[173]"></a>__aeabi_memset4</STRONG> (Thumb, 0 bytes, Stack size 0 bytes, memseta.o(.text), UNUSED)

<P><STRONG><a name="[174]"></a>__aeabi_memset8</STRONG> (Thumb, 0 bytes, Stack size 0 bytes, memseta.o(.text), UNUSED)

<P><STRONG><a name="[5c]"></a>__aeabi_memclr</STRONG> (Thumb, 4 bytes, Stack size 0 bytes, memseta.o(.text), UNUSED)
<BR><BR>[Calls]<UL><LI><a href="#[5d]">&gt;&gt;</a>&nbsp;&nbsp;&nbsp;__aeabi_memset
</UL>

<P><STRONG><a name="[dc]"></a>__aeabi_memclr4</STRONG> (Thumb, 0 bytes, Stack size 0 bytes, memseta.o(.text))
<BR><BR>[Called By]<UL><LI><a href="#[10b]">&gt;&gt;</a>&nbsp;&nbsp;&nbsp;HAL_TIM_PWM_MspInit
<LI><a href="#[102]">&gt;&gt;</a>&nbsp;&nbsp;&nbsp;HAL_TIM_MspPostInit
<LI><a href="#[ef]">&gt;&gt;</a>&nbsp;&nbsp;&nbsp;HAL_TIM_Base_MspInit
<LI><a href="#[112]">&gt;&gt;</a>&nbsp;&nbsp;&nbsp;MX_TIM2_Init
<LI><a href="#[110]">&gt;&gt;</a>&nbsp;&nbsp;&nbsp;MX_GPIO_Init
<LI><a href="#[b9]">&gt;&gt;</a>&nbsp;&nbsp;&nbsp;SystemClock_Config
<LI><a href="#[d4]">&gt;&gt;</a>&nbsp;&nbsp;&nbsp;HAL_PCD_MspInit
</UL>

<P><STRONG><a name="[175]"></a>__aeabi_memclr8</STRONG> (Thumb, 0 bytes, Stack size 0 bytes, memseta.o(.text), UNUSED)

<P><STRONG><a name="[5e]"></a>_memset$wrapper</STRONG> (Thumb, 18 bytes, Stack size 8 bytes, memseta.o(.text), UNUSED)
<BR><BR>[Calls]<UL><LI><a href="#[5d]">&gt;&gt;</a>&nbsp;&nbsp;&nbsp;__aeabi_memset
</UL>

<P><STRONG><a name="[5b]"></a>__scatterload</STRONG> (Thumb, 28 bytes, Stack size 0 bytes, init.o(.text))
<BR><BR>[Calls]<UL><LI><a href="#[5f]">&gt;&gt;</a>&nbsp;&nbsp;&nbsp;__main_after_scatterload
</UL>
<BR>[Called By]<UL><LI><a href="#[5a]">&gt;&gt;</a>&nbsp;&nbsp;&nbsp;_main_scatterload
</UL>

<P><STRONG><a name="[176]"></a>__scatterload_rt2</STRONG> (Thumb, 0 bytes, Stack size 0 bytes, init.o(.text), UNUSED)

<P><STRONG><a name="[177]"></a>__decompress</STRONG> (Thumb, 0 bytes, Stack size unknown bytes, __dczerorl2.o(.text), UNUSED)

<P><STRONG><a name="[178]"></a>__decompress1</STRONG> (Thumb, 86 bytes, Stack size unknown bytes, __dczerorl2.o(.text), UNUSED)

<P><STRONG><a name="[60]"></a>AS3933_COMM</STRONG> (Thumb, 40 bytes, Stack size 16 bytes, as3933.o(i.AS3933_COMM))
<BR><BR>[Stack]<UL><LI>Max Depth = 56<LI>Call Chain = AS3933_COMM &rArr; AS3933_Proc
</UL>
<BR>[Calls]<UL><LI><a href="#[62]">&gt;&gt;</a>&nbsp;&nbsp;&nbsp;AS3933_Proc
<LI><a href="#[61]">&gt;&gt;</a>&nbsp;&nbsp;&nbsp;HAL_GPIO_WritePin
</UL>
<BR>[Called By]<UL><LI><a href="#[63]">&gt;&gt;</a>&nbsp;&nbsp;&nbsp;AS3933_Init
<LI><a href="#[57]">&gt;&gt;</a>&nbsp;&nbsp;&nbsp;main
</UL>

<P><STRONG><a name="[63]"></a>AS3933_Init</STRONG> (Thumb, 76 bytes, Stack size 8 bytes, as3933.o(i.AS3933_Init))
<BR><BR>[Stack]<UL><LI>Max Depth = 72<LI>Call Chain = AS3933_Init &rArr; AS3933_WriteReg &rArr; AS3933_Proc
</UL>
<BR>[Calls]<UL><LI><a href="#[64]">&gt;&gt;</a>&nbsp;&nbsp;&nbsp;AS3933_WriteReg
<LI><a href="#[60]">&gt;&gt;</a>&nbsp;&nbsp;&nbsp;AS3933_COMM
</UL>
<BR>[Called By]<UL><LI><a href="#[57]">&gt;&gt;</a>&nbsp;&nbsp;&nbsp;main
</UL>

<P><STRONG><a name="[62]"></a>AS3933_Proc</STRONG> (Thumb, 122 bytes, Stack size 40 bytes, as3933.o(i.AS3933_Proc))
<BR><BR>[Stack]<UL><LI>Max Depth = 40<LI>Call Chain = AS3933_Proc
</UL>
<BR>[Calls]<UL><LI><a href="#[61]">&gt;&gt;</a>&nbsp;&nbsp;&nbsp;HAL_GPIO_WritePin
<LI><a href="#[65]">&gt;&gt;</a>&nbsp;&nbsp;&nbsp;HAL_GPIO_ReadPin
</UL>
<BR>[Called By]<UL><LI><a href="#[64]">&gt;&gt;</a>&nbsp;&nbsp;&nbsp;AS3933_WriteReg
<LI><a href="#[60]">&gt;&gt;</a>&nbsp;&nbsp;&nbsp;AS3933_COMM
</UL>

<P><STRONG><a name="[64]"></a>AS3933_WriteReg</STRONG> (Thumb, 52 bytes, Stack size 24 bytes, as3933.o(i.AS3933_WriteReg))
<BR><BR>[Stack]<UL><LI>Max Depth = 64<LI>Call Chain = AS3933_WriteReg &rArr; AS3933_Proc
</UL>
<BR>[Calls]<UL><LI><a href="#[62]">&gt;&gt;</a>&nbsp;&nbsp;&nbsp;AS3933_Proc
<LI><a href="#[61]">&gt;&gt;</a>&nbsp;&nbsp;&nbsp;HAL_GPIO_WritePin
</UL>
<BR>[Called By]<UL><LI><a href="#[63]">&gt;&gt;</a>&nbsp;&nbsp;&nbsp;AS3933_Init
</UL>

<P><STRONG><a name="[66]"></a>ATA583X_Check</STRONG> (Thumb, 20 bytes, Stack size 0 bytes, ata5833.o(i.ATA583X_Check))
<BR><BR>[Stack]<UL><LI>Max Depth = 56<LI>Call Chain = ATA583X_Check &rArr; ATA583X_SPIProc &rArr; SimSPI_Proc
</UL>
<BR>[Calls]<UL><LI><a href="#[67]">&gt;&gt;</a>&nbsp;&nbsp;&nbsp;ATA583X_SPIProc
</UL>
<BR>[Called By]<UL><LI><a href="#[6c]">&gt;&gt;</a>&nbsp;&nbsp;&nbsp;ATA583X_Init
</UL>

<P><STRONG><a name="[7a]"></a>ATA583X_FrameProc</STRONG> (Thumb, 226 bytes, Stack size 1064 bytes, ata5833.o(i.ATA583X_FrameProc))
<BR><BR>[Stack]<UL><LI>Max Depth = 1064<LI>Call Chain = ATA583X_FrameProc
</UL>
<BR>[Called By]<UL><LI><a href="#[78]">&gt;&gt;</a>&nbsp;&nbsp;&nbsp;ATA583X_WaitRx
</UL>

<P><STRONG><a name="[68]"></a>ATA583X_ICProc</STRONG> (Thumb, 90 bytes, Stack size 16 bytes, ata5833.o(i.ATA583X_ICProc))
<BR><BR>[Stack]<UL><LI>Max Depth = 16<LI>Call Chain = ATA583X_ICProc
</UL>
<BR>[Calls]<UL><LI><a href="#[65]">&gt;&gt;</a>&nbsp;&nbsp;&nbsp;HAL_GPIO_ReadPin
<LI><a href="#[6a]">&gt;&gt;</a>&nbsp;&nbsp;&nbsp;HAL_TIM_ReadCapturedValue
<LI><a href="#[69]">&gt;&gt;</a>&nbsp;&nbsp;&nbsp;HAL_TIM_Base_Start_IT
</UL>
<BR>[Called By]<UL><LI><a href="#[f1]">&gt;&gt;</a>&nbsp;&nbsp;&nbsp;HAL_TIM_IC_CaptureCallback
</UL>

<P><STRONG><a name="[6b]"></a>ATA583X_IDLEMode</STRONG> (Thumb, 20 bytes, Stack size 0 bytes, ata5833.o(i.ATA583X_IDLEMode))
<BR><BR>[Stack]<UL><LI>Max Depth = 56<LI>Call Chain = ATA583X_IDLEMode &rArr; ATA583X_SPIProc &rArr; SimSPI_Proc
</UL>
<BR>[Calls]<UL><LI><a href="#[67]">&gt;&gt;</a>&nbsp;&nbsp;&nbsp;ATA583X_SPIProc
</UL>
<BR>[Called By]<UL><LI><a href="#[78]">&gt;&gt;</a>&nbsp;&nbsp;&nbsp;ATA583X_WaitRx
<LI><a href="#[77]">&gt;&gt;</a>&nbsp;&nbsp;&nbsp;ATA583X_TxFrameProc
<LI><a href="#[6f]">&gt;&gt;</a>&nbsp;&nbsp;&nbsp;ATA583X_RFTxFrameProc
<LI><a href="#[6c]">&gt;&gt;</a>&nbsp;&nbsp;&nbsp;ATA583X_Init
</UL>

<P><STRONG><a name="[6c]"></a>ATA583X_Init</STRONG> (Thumb, 28 bytes, Stack size 8 bytes, ata5833.o(i.ATA583X_Init))
<BR><BR>[Stack]<UL><LI>Max Depth = 104<LI>Call Chain = ATA583X_Init &rArr; CheckEEPSW &rArr; ATA583X_ReadEEPROM &rArr; ATA583X_SPIProc &rArr; SimSPI_Proc
</UL>
<BR>[Calls]<UL><LI><a href="#[6e]">&gt;&gt;</a>&nbsp;&nbsp;&nbsp;HAL_Delay
<LI><a href="#[6d]">&gt;&gt;</a>&nbsp;&nbsp;&nbsp;CheckEEPSW
<LI><a href="#[6b]">&gt;&gt;</a>&nbsp;&nbsp;&nbsp;ATA583X_IDLEMode
<LI><a href="#[66]">&gt;&gt;</a>&nbsp;&nbsp;&nbsp;ATA583X_Check
</UL>
<BR>[Called By]<UL><LI><a href="#[57]">&gt;&gt;</a>&nbsp;&nbsp;&nbsp;main
<LI><a href="#[85]">&gt;&gt;</a>&nbsp;&nbsp;&nbsp;ButtionProc
</UL>

<P><STRONG><a name="[6f]"></a>ATA583X_RFTxFrameProc</STRONG> (Thumb, 260 bytes, Stack size 40 bytes, ata5833.o(i.ATA583X_RFTxFrameProc))
<BR><BR>[Stack]<UL><LI>Max Depth = 96<LI>Call Chain = ATA583X_RFTxFrameProc &rArr; ATA583X_TxMode &rArr; ATA583X_SPIProc &rArr; SimSPI_Proc
</UL>
<BR>[Calls]<UL><LI><a href="#[61]">&gt;&gt;</a>&nbsp;&nbsp;&nbsp;HAL_GPIO_WritePin
<LI><a href="#[71]">&gt;&gt;</a>&nbsp;&nbsp;&nbsp;wfDelay_us
<LI><a href="#[70]">&gt;&gt;</a>&nbsp;&nbsp;&nbsp;ATA583X_TxMode
<LI><a href="#[6b]">&gt;&gt;</a>&nbsp;&nbsp;&nbsp;ATA583X_IDLEMode
</UL>
<BR>[Called By]<UL><LI><a href="#[90]">&gt;&gt;</a>&nbsp;&nbsp;&nbsp;ProcCommand_7A
<LI><a href="#[87]">&gt;&gt;</a>&nbsp;&nbsp;&nbsp;keyRFTx
</UL>

<P><STRONG><a name="[72]"></a>ATA583X_ReadEEPROM</STRONG> (Thumb, 28 bytes, Stack size 8 bytes, ata5833.o(i.ATA583X_ReadEEPROM))
<BR><BR>[Stack]<UL><LI>Max Depth = 64<LI>Call Chain = ATA583X_ReadEEPROM &rArr; ATA583X_SPIProc &rArr; SimSPI_Proc
</UL>
<BR>[Calls]<UL><LI><a href="#[67]">&gt;&gt;</a>&nbsp;&nbsp;&nbsp;ATA583X_SPIProc
</UL>
<BR>[Called By]<UL><LI><a href="#[6d]">&gt;&gt;</a>&nbsp;&nbsp;&nbsp;CheckEEPSW
</UL>

<P><STRONG><a name="[73]"></a>ATA583X_RxMode</STRONG> (Thumb, 80 bytes, Stack size 16 bytes, ata5833.o(i.ATA583X_RxMode))
<BR><BR>[Stack]<UL><LI>Max Depth = 72<LI>Call Chain = ATA583X_RxMode &rArr; ATA583X_SPIProc &rArr; SimSPI_Proc
</UL>
<BR>[Calls]<UL><LI><a href="#[61]">&gt;&gt;</a>&nbsp;&nbsp;&nbsp;HAL_GPIO_WritePin
<LI><a href="#[74]">&gt;&gt;</a>&nbsp;&nbsp;&nbsp;HAL_TIM_IC_Start_IT
<LI><a href="#[75]">&gt;&gt;</a>&nbsp;&nbsp;&nbsp;HAL_GetTick
<LI><a href="#[67]">&gt;&gt;</a>&nbsp;&nbsp;&nbsp;ATA583X_SPIProc
</UL>
<BR>[Called By]<UL><LI><a href="#[78]">&gt;&gt;</a>&nbsp;&nbsp;&nbsp;ATA583X_WaitRx
</UL>

<P><STRONG><a name="[67]"></a>ATA583X_SPIProc</STRONG> (Thumb, 76 bytes, Stack size 32 bytes, ata5833.o(i.ATA583X_SPIProc))
<BR><BR>[Stack]<UL><LI>Max Depth = 56<LI>Call Chain = ATA583X_SPIProc &rArr; SimSPI_Proc
</UL>
<BR>[Calls]<UL><LI><a href="#[61]">&gt;&gt;</a>&nbsp;&nbsp;&nbsp;HAL_GPIO_WritePin
<LI><a href="#[76]">&gt;&gt;</a>&nbsp;&nbsp;&nbsp;SimSPI_Proc
<LI><a href="#[71]">&gt;&gt;</a>&nbsp;&nbsp;&nbsp;wfDelay_us
</UL>
<BR>[Called By]<UL><LI><a href="#[70]">&gt;&gt;</a>&nbsp;&nbsp;&nbsp;ATA583X_TxMode
<LI><a href="#[73]">&gt;&gt;</a>&nbsp;&nbsp;&nbsp;ATA583X_RxMode
<LI><a href="#[72]">&gt;&gt;</a>&nbsp;&nbsp;&nbsp;ATA583X_ReadEEPROM
<LI><a href="#[6b]">&gt;&gt;</a>&nbsp;&nbsp;&nbsp;ATA583X_IDLEMode
<LI><a href="#[66]">&gt;&gt;</a>&nbsp;&nbsp;&nbsp;ATA583X_Check
</UL>

<P><STRONG><a name="[77]"></a>ATA583X_TxFrameProc</STRONG> (Thumb, 250 bytes, Stack size 32 bytes, ata5833.o(i.ATA583X_TxFrameProc))
<BR><BR>[Stack]<UL><LI>Max Depth = 88<LI>Call Chain = ATA583X_TxFrameProc &rArr; ATA583X_TxMode &rArr; ATA583X_SPIProc &rArr; SimSPI_Proc
</UL>
<BR>[Calls]<UL><LI><a href="#[61]">&gt;&gt;</a>&nbsp;&nbsp;&nbsp;HAL_GPIO_WritePin
<LI><a href="#[71]">&gt;&gt;</a>&nbsp;&nbsp;&nbsp;wfDelay_us
<LI><a href="#[70]">&gt;&gt;</a>&nbsp;&nbsp;&nbsp;ATA583X_TxMode
<LI><a href="#[6b]">&gt;&gt;</a>&nbsp;&nbsp;&nbsp;ATA583X_IDLEMode
</UL>
<BR>[Called By]<UL><LI><a href="#[78]">&gt;&gt;</a>&nbsp;&nbsp;&nbsp;ATA583X_WaitRx
</UL>

<P><STRONG><a name="[70]"></a>ATA583X_TxMode</STRONG> (Thumb, 20 bytes, Stack size 0 bytes, ata5833.o(i.ATA583X_TxMode))
<BR><BR>[Stack]<UL><LI>Max Depth = 56<LI>Call Chain = ATA583X_TxMode &rArr; ATA583X_SPIProc &rArr; SimSPI_Proc
</UL>
<BR>[Calls]<UL><LI><a href="#[67]">&gt;&gt;</a>&nbsp;&nbsp;&nbsp;ATA583X_SPIProc
</UL>
<BR>[Called By]<UL><LI><a href="#[77]">&gt;&gt;</a>&nbsp;&nbsp;&nbsp;ATA583X_TxFrameProc
<LI><a href="#[6f]">&gt;&gt;</a>&nbsp;&nbsp;&nbsp;ATA583X_RFTxFrameProc
</UL>

<P><STRONG><a name="[78]"></a>ATA583X_WaitRx</STRONG> (Thumb, 890 bytes, Stack size 40 bytes, function.o(i.ATA583X_WaitRx))
<BR><BR>[Stack]<UL><LI>Max Depth = 1104<LI>Call Chain = ATA583X_WaitRx &rArr; ATA583X_FrameProc
</UL>
<BR>[Calls]<UL><LI><a href="#[7b]">&gt;&gt;</a>&nbsp;&nbsp;&nbsp;GetVerify_Sum
<LI><a href="#[61]">&gt;&gt;</a>&nbsp;&nbsp;&nbsp;HAL_GPIO_WritePin
<LI><a href="#[71]">&gt;&gt;</a>&nbsp;&nbsp;&nbsp;wfDelay_us
<LI><a href="#[82]">&gt;&gt;</a>&nbsp;&nbsp;&nbsp;RomData_WriteBytes
<LI><a href="#[81]">&gt;&gt;</a>&nbsp;&nbsp;&nbsp;UsedDEC
<LI><a href="#[80]">&gt;&gt;</a>&nbsp;&nbsp;&nbsp;GetKeyWorkValue
<LI><a href="#[7f]">&gt;&gt;</a>&nbsp;&nbsp;&nbsp;ChangeRFState
<LI><a href="#[7d]">&gt;&gt;</a>&nbsp;&nbsp;&nbsp;RomData_WriteByte
<LI><a href="#[7c]">&gt;&gt;</a>&nbsp;&nbsp;&nbsp;RomData_ReadByte
<LI><a href="#[83]">&gt;&gt;</a>&nbsp;&nbsp;&nbsp;GetKeyState
<LI><a href="#[79]">&gt;&gt;</a>&nbsp;&nbsp;&nbsp;GetKeyParam
<LI><a href="#[7e]">&gt;&gt;</a>&nbsp;&nbsp;&nbsp;GetDoorProc
<LI><a href="#[75]">&gt;&gt;</a>&nbsp;&nbsp;&nbsp;HAL_GetTick
<LI><a href="#[6e]">&gt;&gt;</a>&nbsp;&nbsp;&nbsp;HAL_Delay
<LI><a href="#[77]">&gt;&gt;</a>&nbsp;&nbsp;&nbsp;ATA583X_TxFrameProc
<LI><a href="#[73]">&gt;&gt;</a>&nbsp;&nbsp;&nbsp;ATA583X_RxMode
<LI><a href="#[6b]">&gt;&gt;</a>&nbsp;&nbsp;&nbsp;ATA583X_IDLEMode
<LI><a href="#[7a]">&gt;&gt;</a>&nbsp;&nbsp;&nbsp;ATA583X_FrameProc
</UL>
<BR>[Called By]<UL><LI><a href="#[57]">&gt;&gt;</a>&nbsp;&nbsp;&nbsp;main
</UL>

<P><STRONG><a name="[84]"></a>BreakMyBlock</STRONG> (Thumb, 30 bytes, Stack size 104 bytes, function.o(i.BreakMyBlock))
<BR><BR>[Stack]<UL><LI>Max Depth = 208<LI>Call Chain = BreakMyBlock &rArr; RomData_WriteBytes &rArr; SPIROM_WriteArray &rArr; SPIROM_WriteEnable &rArr; SimSPI2_Proc
</UL>
<BR>[Calls]<UL><LI><a href="#[82]">&gt;&gt;</a>&nbsp;&nbsp;&nbsp;RomData_WriteBytes
</UL>
<BR>[Called By]<UL><LI><a href="#[8c]">&gt;&gt;</a>&nbsp;&nbsp;&nbsp;USBProc
<LI><a href="#[11f]">&gt;&gt;</a>&nbsp;&nbsp;&nbsp;ProgramWork
</UL>

<P><STRONG><a name="[19]"></a>BusFault_Handler</STRONG> (Thumb, 2 bytes, Stack size 0 bytes, stm32l4xx_it.o(i.BusFault_Handler))
<BR><BR>[Calls]<UL><LI><a href="#[19]">&gt;&gt;</a>&nbsp;&nbsp;&nbsp;BusFault_Handler
</UL>
<BR>[Called By]<UL><LI><a href="#[19]">&gt;&gt;</a>&nbsp;&nbsp;&nbsp;BusFault_Handler
</UL>
<BR>[Address Reference Count : 1]<UL><LI> startup_stm32l412xx.o(RESET)
</UL>
<P><STRONG><a name="[85]"></a>ButtionProc</STRONG> (Thumb, 702 bytes, Stack size 40 bytes, buttonproc.o(i.ButtionProc))
<BR><BR>[Stack]<UL><LI>Max Depth = 292<LI>Call Chain = ButtionProc &rArr; GetKeyParam &rArr; GetLeftTimeBlock &rArr; FixDataBlock &rArr; HashCalc_N &rArr; lcyHashCalc &rArr; lcyHashOnce &rArr; sub_half &rArr; sub_cal_R_B &rArr; sub_Mixed_B
</UL>
<BR>[Calls]<UL><LI><a href="#[61]">&gt;&gt;</a>&nbsp;&nbsp;&nbsp;HAL_GPIO_WritePin
<LI><a href="#[65]">&gt;&gt;</a>&nbsp;&nbsp;&nbsp;HAL_GPIO_ReadPin
<LI><a href="#[7d]">&gt;&gt;</a>&nbsp;&nbsp;&nbsp;RomData_WriteByte
<LI><a href="#[7c]">&gt;&gt;</a>&nbsp;&nbsp;&nbsp;RomData_ReadByte
<LI><a href="#[86]">&gt;&gt;</a>&nbsp;&nbsp;&nbsp;ReverseRom
<LI><a href="#[83]">&gt;&gt;</a>&nbsp;&nbsp;&nbsp;GetKeyState
<LI><a href="#[79]">&gt;&gt;</a>&nbsp;&nbsp;&nbsp;GetKeyParam
<LI><a href="#[7e]">&gt;&gt;</a>&nbsp;&nbsp;&nbsp;GetDoorProc
<LI><a href="#[87]">&gt;&gt;</a>&nbsp;&nbsp;&nbsp;keyRFTx
<LI><a href="#[88]">&gt;&gt;</a>&nbsp;&nbsp;&nbsp;keyRFIRTx
<LI><a href="#[89]">&gt;&gt;</a>&nbsp;&nbsp;&nbsp;ReadButton
<LI><a href="#[8a]">&gt;&gt;</a>&nbsp;&nbsp;&nbsp;RFIRTxProc
<LI><a href="#[8b]">&gt;&gt;</a>&nbsp;&nbsp;&nbsp;__NVIC_SystemReset
<LI><a href="#[6e]">&gt;&gt;</a>&nbsp;&nbsp;&nbsp;HAL_Delay
<LI><a href="#[6c]">&gt;&gt;</a>&nbsp;&nbsp;&nbsp;ATA583X_Init
</UL>
<BR>[Called By]<UL><LI><a href="#[57]">&gt;&gt;</a>&nbsp;&nbsp;&nbsp;main
</UL>

<P><STRONG><a name="[8d]"></a>CarIRRxProc</STRONG> (Thumb, 170 bytes, Stack size 40 bytes, oncarproc.o(i.CarIRRxProc))
<BR><BR>[Stack]<UL><LI>Max Depth = 144<LI>Call Chain = CarIRRxProc &rArr; ProcCommand_7A &rArr; RomData_WriteBytes &rArr; SPIROM_WriteArray &rArr; SPIROM_WriteEnable &rArr; SimSPI2_Proc
</UL>
<BR>[Calls]<UL><LI><a href="#[8e]">&gt;&gt;</a>&nbsp;&nbsp;&nbsp;HAL_TIM_IC_Stop_IT
<LI><a href="#[8f]">&gt;&gt;</a>&nbsp;&nbsp;&nbsp;HAL_TIM_Base_Stop_IT
<LI><a href="#[90]">&gt;&gt;</a>&nbsp;&nbsp;&nbsp;ProcCommand_7A
<LI><a href="#[91]">&gt;&gt;</a>&nbsp;&nbsp;&nbsp;ProcCommand_0F
<LI><a href="#[74]">&gt;&gt;</a>&nbsp;&nbsp;&nbsp;HAL_TIM_IC_Start_IT
<LI><a href="#[75]">&gt;&gt;</a>&nbsp;&nbsp;&nbsp;HAL_GetTick
</UL>
<BR>[Called By]<UL><LI><a href="#[11c]">&gt;&gt;</a>&nbsp;&nbsp;&nbsp;OnCarProc
</UL>

<P><STRONG><a name="[92]"></a>CarIRTxProc</STRONG> (Thumb, 142 bytes, Stack size 24 bytes, oncarproc.o(i.CarIRTxProc))
<BR><BR>[Stack]<UL><LI>Max Depth = 40<LI>Call Chain = CarIRTxProc &rArr; HAL_TIM_PWM_Start &rArr; TIM_CCxChannelCmd
</UL>
<BR>[Calls]<UL><LI><a href="#[93]">&gt;&gt;</a>&nbsp;&nbsp;&nbsp;HAL_TIM_PWM_Start
<LI><a href="#[69]">&gt;&gt;</a>&nbsp;&nbsp;&nbsp;HAL_TIM_Base_Start_IT
<LI><a href="#[75]">&gt;&gt;</a>&nbsp;&nbsp;&nbsp;HAL_GetTick
</UL>
<BR>[Called By]<UL><LI><a href="#[11f]">&gt;&gt;</a>&nbsp;&nbsp;&nbsp;ProgramWork
<LI><a href="#[90]">&gt;&gt;</a>&nbsp;&nbsp;&nbsp;ProcCommand_7A
<LI><a href="#[11d]">&gt;&gt;</a>&nbsp;&nbsp;&nbsp;ProcCommand_26
<LI><a href="#[91]">&gt;&gt;</a>&nbsp;&nbsp;&nbsp;ProcCommand_0F
<LI><a href="#[10d]">&gt;&gt;</a>&nbsp;&nbsp;&nbsp;IRTx2425Frame
<LI><a href="#[94]">&gt;&gt;</a>&nbsp;&nbsp;&nbsp;CarIRTx_10_28
<LI><a href="#[95]">&gt;&gt;</a>&nbsp;&nbsp;&nbsp;CarIRTx_10_33_SSID
</UL>

<P><STRONG><a name="[94]"></a>CarIRTx_10_28</STRONG> (Thumb, 20 bytes, Stack size 0 bytes, oncarproc.o(i.CarIRTx_10_28))
<BR><BR>[Stack]<UL><LI>Max Depth = 40<LI>Call Chain = CarIRTx_10_28 &rArr; CarIRTxProc &rArr; HAL_TIM_PWM_Start &rArr; TIM_CCxChannelCmd
</UL>
<BR>[Calls]<UL><LI><a href="#[92]">&gt;&gt;</a>&nbsp;&nbsp;&nbsp;CarIRTxProc
</UL>
<BR>[Called By]<UL><LI><a href="#[11c]">&gt;&gt;</a>&nbsp;&nbsp;&nbsp;OnCarProc
</UL>

<P><STRONG><a name="[95]"></a>CarIRTx_10_33_SSID</STRONG> (Thumb, 42 bytes, Stack size 8 bytes, oncarproc.o(i.CarIRTx_10_33_SSID))
<BR><BR>[Stack]<UL><LI>Max Depth = 48<LI>Call Chain = CarIRTx_10_33_SSID &rArr; CarIRTxProc &rArr; HAL_TIM_PWM_Start &rArr; TIM_CCxChannelCmd
</UL>
<BR>[Calls]<UL><LI><a href="#[92]">&gt;&gt;</a>&nbsp;&nbsp;&nbsp;CarIRTxProc
</UL>
<BR>[Called By]<UL><LI><a href="#[11c]">&gt;&gt;</a>&nbsp;&nbsp;&nbsp;OnCarProc
<LI><a href="#[9f]">&gt;&gt;</a>&nbsp;&nbsp;&nbsp;HashCalc_N
</UL>

<P><STRONG><a name="[96]"></a>ChangeKeyState</STRONG> (Thumb, 24 bytes, Stack size 8 bytes, function.o(i.ChangeKeyState))
<BR><BR>[Stack]<UL><LI>Max Depth = 112<LI>Call Chain = ChangeKeyState &rArr; RomData_WriteBytes &rArr; SPIROM_WriteArray &rArr; SPIROM_WriteEnable &rArr; SimSPI2_Proc
</UL>
<BR>[Calls]<UL><LI><a href="#[82]">&gt;&gt;</a>&nbsp;&nbsp;&nbsp;RomData_WriteBytes
</UL>
<BR>[Called By]<UL><LI><a href="#[8c]">&gt;&gt;</a>&nbsp;&nbsp;&nbsp;USBProc
<LI><a href="#[11f]">&gt;&gt;</a>&nbsp;&nbsp;&nbsp;ProgramWork
<LI><a href="#[11e]">&gt;&gt;</a>&nbsp;&nbsp;&nbsp;ProcCommand_39
<LI><a href="#[11c]">&gt;&gt;</a>&nbsp;&nbsp;&nbsp;OnCarProc
<LI><a href="#[83]">&gt;&gt;</a>&nbsp;&nbsp;&nbsp;GetKeyState
</UL>

<P><STRONG><a name="[7f]"></a>ChangeRFState</STRONG> (Thumb, 24 bytes, Stack size 8 bytes, function.o(i.ChangeRFState))
<BR><BR>[Stack]<UL><LI>Max Depth = 112<LI>Call Chain = ChangeRFState &rArr; RomData_WriteBytes &rArr; SPIROM_WriteArray &rArr; SPIROM_WriteEnable &rArr; SimSPI2_Proc
</UL>
<BR>[Calls]<UL><LI><a href="#[82]">&gt;&gt;</a>&nbsp;&nbsp;&nbsp;RomData_WriteBytes
</UL>
<BR>[Called By]<UL><LI><a href="#[11c]">&gt;&gt;</a>&nbsp;&nbsp;&nbsp;OnCarProc
<LI><a href="#[78]">&gt;&gt;</a>&nbsp;&nbsp;&nbsp;ATA583X_WaitRx
<LI><a href="#[83]">&gt;&gt;</a>&nbsp;&nbsp;&nbsp;GetKeyState
</UL>

<P><STRONG><a name="[97]"></a>CheckDataBlockVerify</STRONG> (Thumb, 60 bytes, Stack size 16 bytes, function.o(i.CheckDataBlockVerify))
<BR><BR>[Stack]<UL><LI>Max Depth = 88<LI>Call Chain = CheckDataBlockVerify &rArr; RomData_ReadBytes &rArr; SPIROM_ReadArray &rArr; SPIROM_ReadStatus &rArr; SimSPI2_Proc
</UL>
<BR>[Calls]<UL><LI><a href="#[99]">&gt;&gt;</a>&nbsp;&nbsp;&nbsp;GetVerify_byteXOR
<LI><a href="#[98]">&gt;&gt;</a>&nbsp;&nbsp;&nbsp;RomData_ReadBytes
</UL>
<BR>[Called By]<UL><LI><a href="#[8c]">&gt;&gt;</a>&nbsp;&nbsp;&nbsp;USBProc
<LI><a href="#[11f]">&gt;&gt;</a>&nbsp;&nbsp;&nbsp;ProgramWork
<LI><a href="#[a5]">&gt;&gt;</a>&nbsp;&nbsp;&nbsp;GetLeftTimeBlock
<LI><a href="#[79]">&gt;&gt;</a>&nbsp;&nbsp;&nbsp;GetKeyParam
</UL>

<P><STRONG><a name="[6d]"></a>CheckEEPSW</STRONG> (Thumb, 52 bytes, Stack size 32 bytes, variables.o(i.CheckEEPSW))
<BR><BR>[Stack]<UL><LI>Max Depth = 96<LI>Call Chain = CheckEEPSW &rArr; ATA583X_ReadEEPROM &rArr; ATA583X_SPIProc &rArr; SimSPI_Proc
</UL>
<BR>[Calls]<UL><LI><a href="#[9a]">&gt;&gt;</a>&nbsp;&nbsp;&nbsp;ledFlash
<LI><a href="#[72]">&gt;&gt;</a>&nbsp;&nbsp;&nbsp;ATA583X_ReadEEPROM
</UL>
<BR>[Called By]<UL><LI><a href="#[6c]">&gt;&gt;</a>&nbsp;&nbsp;&nbsp;ATA583X_Init
</UL>

<P><STRONG><a name="[1c]"></a>DebugMon_Handler</STRONG> (Thumb, 2 bytes, Stack size 0 bytes, stm32l4xx_it.o(i.DebugMon_Handler))
<BR>[Address Reference Count : 1]<UL><LI> startup_stm32l412xx.o(RESET)
</UL>
<P><STRONG><a name="[df]"></a>Error_Handler</STRONG> (Thumb, 2 bytes, Stack size 0 bytes, main.o(i.Error_Handler))
<BR><BR>[Called By]<UL><LI><a href="#[114]">&gt;&gt;</a>&nbsp;&nbsp;&nbsp;MX_USB_DEVICE_Init
<LI><a href="#[112]">&gt;&gt;</a>&nbsp;&nbsp;&nbsp;MX_TIM2_Init
<LI><a href="#[111]">&gt;&gt;</a>&nbsp;&nbsp;&nbsp;MX_TIM16_Init
<LI><a href="#[146]">&gt;&gt;</a>&nbsp;&nbsp;&nbsp;USBD_LL_Init
<LI><a href="#[ce]">&gt;&gt;</a>&nbsp;&nbsp;&nbsp;HAL_PCD_ResetCallback
</UL>

<P><STRONG><a name="[ab]"></a>FLASH_FlushCaches</STRONG> (Thumb, 76 bytes, Stack size 0 bytes, stm32l4xx_hal_flash_ex.o(i.FLASH_FlushCaches))
<BR><BR>[Called By]<UL><LI><a href="#[ad]">&gt;&gt;</a>&nbsp;&nbsp;&nbsp;HAL_FLASH_Program
<LI><a href="#[a8]">&gt;&gt;</a>&nbsp;&nbsp;&nbsp;HAL_FLASHEx_Erase
</UL>

<P><STRONG><a name="[aa]"></a>FLASH_PageErase</STRONG> (Thumb, 34 bytes, Stack size 0 bytes, stm32l4xx_hal_flash_ex.o(i.FLASH_PageErase))
<BR><BR>[Called By]<UL><LI><a href="#[a8]">&gt;&gt;</a>&nbsp;&nbsp;&nbsp;HAL_FLASHEx_Erase
</UL>

<P><STRONG><a name="[9c]"></a>FLASH_WaitForLastOperation</STRONG> (Thumb, 108 bytes, Stack size 16 bytes, stm32l4xx_hal_flash.o(i.FLASH_WaitForLastOperation))
<BR><BR>[Stack]<UL><LI>Max Depth = 16<LI>Call Chain = FLASH_WaitForLastOperation
</UL>
<BR>[Calls]<UL><LI><a href="#[75]">&gt;&gt;</a>&nbsp;&nbsp;&nbsp;HAL_GetTick
</UL>
<BR>[Called By]<UL><LI><a href="#[ac]">&gt;&gt;</a>&nbsp;&nbsp;&nbsp;HAL_FLASHEx_OBProgram
<LI><a href="#[ad]">&gt;&gt;</a>&nbsp;&nbsp;&nbsp;HAL_FLASH_Program
<LI><a href="#[a8]">&gt;&gt;</a>&nbsp;&nbsp;&nbsp;HAL_FLASHEx_Erase
<LI><a href="#[9d]">&gt;&gt;</a>&nbsp;&nbsp;&nbsp;FLASH_OB_UserConfig
<LI><a href="#[9b]">&gt;&gt;</a>&nbsp;&nbsp;&nbsp;FLASH_OB_PCROPConfig
</UL>

<P><STRONG><a name="[9e]"></a>FixDataBlock</STRONG> (Thumb, 118 bytes, Stack size 32 bytes, function.o(i.FixDataBlock))
<BR><BR>[Stack]<UL><LI>Max Depth = 172<LI>Call Chain = FixDataBlock &rArr; HashCalc_N &rArr; lcyHashCalc &rArr; lcyHashOnce &rArr; sub_half &rArr; sub_cal_R_B &rArr; sub_Mixed_B
</UL>
<BR>[Calls]<UL><LI><a href="#[99]">&gt;&gt;</a>&nbsp;&nbsp;&nbsp;GetVerify_byteXOR
<LI><a href="#[82]">&gt;&gt;</a>&nbsp;&nbsp;&nbsp;RomData_WriteBytes
<LI><a href="#[98]">&gt;&gt;</a>&nbsp;&nbsp;&nbsp;RomData_ReadBytes
<LI><a href="#[9f]">&gt;&gt;</a>&nbsp;&nbsp;&nbsp;HashCalc_N
</UL>
<BR>[Called By]<UL><LI><a href="#[a5]">&gt;&gt;</a>&nbsp;&nbsp;&nbsp;GetLeftTimeBlock
</UL>

<P><STRONG><a name="[a0]"></a>GenerateEEPSW</STRONG> (Thumb, 160 bytes, Stack size 24 bytes, variables.o(i.GenerateEEPSW))
<BR><BR>[Stack]<UL><LI>Max Depth = 120<LI>Call Chain = GenerateEEPSW &rArr; lcyHashOnce &rArr; sub_half &rArr; sub_cal_R_B &rArr; sub_Mixed_B
</UL>
<BR>[Calls]<UL><LI><a href="#[a1]">&gt;&gt;</a>&nbsp;&nbsp;&nbsp;lcyHashOnce
</UL>
<BR>[Called By]<UL><LI><a href="#[57]">&gt;&gt;</a>&nbsp;&nbsp;&nbsp;main
</UL>

<P><STRONG><a name="[a2]"></a>GetCalcTimes69</STRONG> (Thumb, 130 bytes, Stack size 24 bytes, function.o(i.GetCalcTimes69))
<BR><BR>[Stack]<UL><LI>Max Depth = 104<LI>Call Chain = GetCalcTimes69 &rArr; ReverseRom &rArr; RomData_WriteByte &rArr; SPIROM_WriteByte &rArr; SPIROM_WriteEnable &rArr; SimSPI2_Proc
</UL>
<BR>[Calls]<UL><LI><a href="#[98]">&gt;&gt;</a>&nbsp;&nbsp;&nbsp;RomData_ReadBytes
<LI><a href="#[7d]">&gt;&gt;</a>&nbsp;&nbsp;&nbsp;RomData_WriteByte
<LI><a href="#[86]">&gt;&gt;</a>&nbsp;&nbsp;&nbsp;ReverseRom
</UL>
<BR>[Called By]<UL><LI><a href="#[79]">&gt;&gt;</a>&nbsp;&nbsp;&nbsp;GetKeyParam
</UL>

<P><STRONG><a name="[7e]"></a>GetDoorProc</STRONG> (Thumb, 166 bytes, Stack size 32 bytes, function.o(i.GetDoorProc))
<BR><BR>[Stack]<UL><LI>Max Depth = 128<LI>Call Chain = GetDoorProc &rArr; lcyHashOnce &rArr; sub_half &rArr; sub_cal_R_B &rArr; sub_Mixed_B
</UL>
<BR>[Calls]<UL><LI><a href="#[a1]">&gt;&gt;</a>&nbsp;&nbsp;&nbsp;lcyHashOnce
</UL>
<BR>[Called By]<UL><LI><a href="#[78]">&gt;&gt;</a>&nbsp;&nbsp;&nbsp;ATA583X_WaitRx
<LI><a href="#[85]">&gt;&gt;</a>&nbsp;&nbsp;&nbsp;ButtionProc
</UL>

<P><STRONG><a name="[a3]"></a>GetFshKey</STRONG> (Thumb, 154 bytes, Stack size 28 bytes, lcyirdecode.o(i.GetFshKey))
<BR><BR>[Stack]<UL><LI>Max Depth = 28<LI>Call Chain = GetFshKey
</UL>
<BR>[Calls]<UL><LI><a href="#[a4]">&gt;&gt;</a>&nbsp;&nbsp;&nbsp;ReadFshData
</UL>
<BR>[Called By]<UL><LI><a href="#[121]">&gt;&gt;</a>&nbsp;&nbsp;&nbsp;lcyIRDecode
<LI><a href="#[11a]">&gt;&gt;</a>&nbsp;&nbsp;&nbsp;ShiftFshKey
<LI><a href="#[119]">&gt;&gt;</a>&nbsp;&nbsp;&nbsp;MixFshKey
</UL>

<P><STRONG><a name="[79]"></a>GetKeyParam</STRONG> (Thumb, 348 bytes, Stack size 40 bytes, function.o(i.GetKeyParam))
<BR><BR>[Stack]<UL><LI>Max Depth = 252<LI>Call Chain = GetKeyParam &rArr; GetLeftTimeBlock &rArr; FixDataBlock &rArr; HashCalc_N &rArr; lcyHashCalc &rArr; lcyHashOnce &rArr; sub_half &rArr; sub_cal_R_B &rArr; sub_Mixed_B
</UL>
<BR>[Calls]<UL><LI><a href="#[99]">&gt;&gt;</a>&nbsp;&nbsp;&nbsp;GetVerify_byteXOR
<LI><a href="#[a1]">&gt;&gt;</a>&nbsp;&nbsp;&nbsp;lcyHashOnce
<LI><a href="#[a6]">&gt;&gt;</a>&nbsp;&nbsp;&nbsp;lcyHashCalc
<LI><a href="#[82]">&gt;&gt;</a>&nbsp;&nbsp;&nbsp;RomData_WriteBytes
<LI><a href="#[98]">&gt;&gt;</a>&nbsp;&nbsp;&nbsp;RomData_ReadBytes
<LI><a href="#[a5]">&gt;&gt;</a>&nbsp;&nbsp;&nbsp;GetLeftTimeBlock
<LI><a href="#[a2]">&gt;&gt;</a>&nbsp;&nbsp;&nbsp;GetCalcTimes69
<LI><a href="#[97]">&gt;&gt;</a>&nbsp;&nbsp;&nbsp;CheckDataBlockVerify
<LI><a href="#[7c]">&gt;&gt;</a>&nbsp;&nbsp;&nbsp;RomData_ReadByte
</UL>
<BR>[Called By]<UL><LI><a href="#[57]">&gt;&gt;</a>&nbsp;&nbsp;&nbsp;main
<LI><a href="#[8c]">&gt;&gt;</a>&nbsp;&nbsp;&nbsp;USBProc
<LI><a href="#[11f]">&gt;&gt;</a>&nbsp;&nbsp;&nbsp;ProgramWork
<LI><a href="#[11c]">&gt;&gt;</a>&nbsp;&nbsp;&nbsp;OnCarProc
<LI><a href="#[78]">&gt;&gt;</a>&nbsp;&nbsp;&nbsp;ATA583X_WaitRx
<LI><a href="#[85]">&gt;&gt;</a>&nbsp;&nbsp;&nbsp;ButtionProc
</UL>

<P><STRONG><a name="[83]"></a>GetKeyState</STRONG> (Thumb, 208 bytes, Stack size 16 bytes, function.o(i.GetKeyState))
<BR><BR>[Stack]<UL><LI>Max Depth = 128<LI>Call Chain = GetKeyState &rArr; ChangeRFState &rArr; RomData_WriteBytes &rArr; SPIROM_WriteArray &rArr; SPIROM_WriteEnable &rArr; SimSPI2_Proc
</UL>
<BR>[Calls]<UL><LI><a href="#[98]">&gt;&gt;</a>&nbsp;&nbsp;&nbsp;RomData_ReadBytes
<LI><a href="#[7f]">&gt;&gt;</a>&nbsp;&nbsp;&nbsp;ChangeRFState
<LI><a href="#[96]">&gt;&gt;</a>&nbsp;&nbsp;&nbsp;ChangeKeyState
<LI><a href="#[a7]">&gt;&gt;</a>&nbsp;&nbsp;&nbsp;__NVIC_SystemReset
</UL>
<BR>[Called By]<UL><LI><a href="#[57]">&gt;&gt;</a>&nbsp;&nbsp;&nbsp;main
<LI><a href="#[8c]">&gt;&gt;</a>&nbsp;&nbsp;&nbsp;USBProc
<LI><a href="#[11f]">&gt;&gt;</a>&nbsp;&nbsp;&nbsp;ProgramWork
<LI><a href="#[78]">&gt;&gt;</a>&nbsp;&nbsp;&nbsp;ATA583X_WaitRx
<LI><a href="#[85]">&gt;&gt;</a>&nbsp;&nbsp;&nbsp;ButtionProc
</UL>

<P><STRONG><a name="[80]"></a>GetKeyWorkValue</STRONG> (Thumb, 130 bytes, Stack size 16 bytes, function.o(i.GetKeyWorkValue))
<BR><BR>[Stack]<UL><LI>Max Depth = 112<LI>Call Chain = GetKeyWorkValue &rArr; lcyHashOnce &rArr; sub_half &rArr; sub_cal_R_B &rArr; sub_Mixed_B
</UL>
<BR>[Calls]<UL><LI><a href="#[a1]">&gt;&gt;</a>&nbsp;&nbsp;&nbsp;lcyHashOnce
</UL>
<BR>[Called By]<UL><LI><a href="#[11d]">&gt;&gt;</a>&nbsp;&nbsp;&nbsp;ProcCommand_26
<LI><a href="#[78]">&gt;&gt;</a>&nbsp;&nbsp;&nbsp;ATA583X_WaitRx
</UL>

<P><STRONG><a name="[a5]"></a>GetLeftTimeBlock</STRONG> (Thumb, 830 bytes, Stack size 40 bytes, function.o(i.GetLeftTimeBlock))
<BR><BR>[Stack]<UL><LI>Max Depth = 212<LI>Call Chain = GetLeftTimeBlock &rArr; FixDataBlock &rArr; HashCalc_N &rArr; lcyHashCalc &rArr; lcyHashOnce &rArr; sub_half &rArr; sub_cal_R_B &rArr; sub_Mixed_B
</UL>
<BR>[Calls]<UL><LI><a href="#[99]">&gt;&gt;</a>&nbsp;&nbsp;&nbsp;GetVerify_byteXOR
<LI><a href="#[82]">&gt;&gt;</a>&nbsp;&nbsp;&nbsp;RomData_WriteBytes
<LI><a href="#[98]">&gt;&gt;</a>&nbsp;&nbsp;&nbsp;RomData_ReadBytes
<LI><a href="#[9e]">&gt;&gt;</a>&nbsp;&nbsp;&nbsp;FixDataBlock
<LI><a href="#[97]">&gt;&gt;</a>&nbsp;&nbsp;&nbsp;CheckDataBlockVerify
<LI><a href="#[7c]">&gt;&gt;</a>&nbsp;&nbsp;&nbsp;RomData_ReadByte
</UL>
<BR>[Called By]<UL><LI><a href="#[79]">&gt;&gt;</a>&nbsp;&nbsp;&nbsp;GetKeyParam
</UL>

<P><STRONG><a name="[7b]"></a>GetVerify_Sum</STRONG> (Thumb, 24 bytes, Stack size 8 bytes, verify.o(i.GetVerify_Sum))
<BR><BR>[Stack]<UL><LI>Max Depth = 8<LI>Call Chain = GetVerify_Sum
</UL>
<BR>[Called By]<UL><LI><a href="#[78]">&gt;&gt;</a>&nbsp;&nbsp;&nbsp;ATA583X_WaitRx
</UL>

<P><STRONG><a name="[99]"></a>GetVerify_byteXOR</STRONG> (Thumb, 24 bytes, Stack size 8 bytes, verify.o(i.GetVerify_byteXOR))
<BR><BR>[Stack]<UL><LI>Max Depth = 8<LI>Call Chain = GetVerify_byteXOR
</UL>
<BR>[Called By]<UL><LI><a href="#[8c]">&gt;&gt;</a>&nbsp;&nbsp;&nbsp;USBProc
<LI><a href="#[11f]">&gt;&gt;</a>&nbsp;&nbsp;&nbsp;ProgramWork
<LI><a href="#[a5]">&gt;&gt;</a>&nbsp;&nbsp;&nbsp;GetLeftTimeBlock
<LI><a href="#[9e]">&gt;&gt;</a>&nbsp;&nbsp;&nbsp;FixDataBlock
<LI><a href="#[97]">&gt;&gt;</a>&nbsp;&nbsp;&nbsp;CheckDataBlockVerify
<LI><a href="#[79]">&gt;&gt;</a>&nbsp;&nbsp;&nbsp;GetKeyParam
</UL>

<P><STRONG><a name="[6e]"></a>HAL_Delay</STRONG> (Thumb, 32 bytes, Stack size 16 bytes, stm32l4xx_hal.o(i.HAL_Delay))
<BR><BR>[Stack]<UL><LI>Max Depth = 16<LI>Call Chain = HAL_Delay
</UL>
<BR>[Calls]<UL><LI><a href="#[75]">&gt;&gt;</a>&nbsp;&nbsp;&nbsp;HAL_GetTick
</UL>
<BR>[Called By]<UL><LI><a href="#[57]">&gt;&gt;</a>&nbsp;&nbsp;&nbsp;main
<LI><a href="#[9a]">&gt;&gt;</a>&nbsp;&nbsp;&nbsp;ledFlash
<LI><a href="#[11c]">&gt;&gt;</a>&nbsp;&nbsp;&nbsp;OnCarProc
<LI><a href="#[10e]">&gt;&gt;</a>&nbsp;&nbsp;&nbsp;LEDFlash
<LI><a href="#[78]">&gt;&gt;</a>&nbsp;&nbsp;&nbsp;ATA583X_WaitRx
<LI><a href="#[89]">&gt;&gt;</a>&nbsp;&nbsp;&nbsp;ReadButton
<LI><a href="#[85]">&gt;&gt;</a>&nbsp;&nbsp;&nbsp;ButtionProc
<LI><a href="#[6c]">&gt;&gt;</a>&nbsp;&nbsp;&nbsp;ATA583X_Init
</UL>

<P><STRONG><a name="[a8]"></a>HAL_FLASHEx_Erase</STRONG> (Thumb, 210 bytes, Stack size 40 bytes, stm32l4xx_hal_flash_ex.o(i.HAL_FLASHEx_Erase))
<BR><BR>[Stack]<UL><LI>Max Depth = 56<LI>Call Chain = HAL_FLASHEx_Erase &rArr; FLASH_WaitForLastOperation
</UL>
<BR>[Calls]<UL><LI><a href="#[a9]">&gt;&gt;</a>&nbsp;&nbsp;&nbsp;FLASH_MassErase
<LI><a href="#[aa]">&gt;&gt;</a>&nbsp;&nbsp;&nbsp;FLASH_PageErase
<LI><a href="#[ab]">&gt;&gt;</a>&nbsp;&nbsp;&nbsp;FLASH_FlushCaches
<LI><a href="#[9c]">&gt;&gt;</a>&nbsp;&nbsp;&nbsp;FLASH_WaitForLastOperation
</UL>
<BR>[Called By]<UL><LI><a href="#[12d]">&gt;&gt;</a>&nbsp;&nbsp;&nbsp;STMFLASH_Write
</UL>

<P><STRONG><a name="[157]"></a>HAL_FLASHEx_OBGetConfig</STRONG> (Thumb, 142 bytes, Stack size 0 bytes, stm32l4xx_hal_flash_ex.o(i.HAL_FLASHEx_OBGetConfig))
<BR><BR>[Called By]<UL><LI><a href="#[57]">&gt;&gt;</a>&nbsp;&nbsp;&nbsp;main
<LI><a href="#[8c]">&gt;&gt;</a>&nbsp;&nbsp;&nbsp;USBProc
</UL>

<P><STRONG><a name="[ac]"></a>HAL_FLASHEx_OBProgram</STRONG> (Thumb, 262 bytes, Stack size 40 bytes, stm32l4xx_hal_flash_ex.o(i.HAL_FLASHEx_OBProgram))
<BR><BR>[Stack]<UL><LI>Max Depth = 80<LI>Call Chain = HAL_FLASHEx_OBProgram &rArr; FLASH_OB_UserConfig &rArr; FLASH_WaitForLastOperation
</UL>
<BR>[Calls]<UL><LI><a href="#[9d]">&gt;&gt;</a>&nbsp;&nbsp;&nbsp;FLASH_OB_UserConfig
<LI><a href="#[9b]">&gt;&gt;</a>&nbsp;&nbsp;&nbsp;FLASH_OB_PCROPConfig
<LI><a href="#[9c]">&gt;&gt;</a>&nbsp;&nbsp;&nbsp;FLASH_WaitForLastOperation
</UL>
<BR>[Called By]<UL><LI><a href="#[57]">&gt;&gt;</a>&nbsp;&nbsp;&nbsp;main
<LI><a href="#[8c]">&gt;&gt;</a>&nbsp;&nbsp;&nbsp;USBProc
</UL>

<P><STRONG><a name="[12f]"></a>HAL_FLASH_Lock</STRONG> (Thumb, 14 bytes, Stack size 0 bytes, stm32l4xx_hal_flash.o(i.HAL_FLASH_Lock))
<BR><BR>[Called By]<UL><LI><a href="#[57]">&gt;&gt;</a>&nbsp;&nbsp;&nbsp;main
<LI><a href="#[8c]">&gt;&gt;</a>&nbsp;&nbsp;&nbsp;USBProc
<LI><a href="#[12d]">&gt;&gt;</a>&nbsp;&nbsp;&nbsp;STMFLASH_Write
</UL>

<P><STRONG><a name="[158]"></a>HAL_FLASH_OB_Lock</STRONG> (Thumb, 14 bytes, Stack size 0 bytes, stm32l4xx_hal_flash.o(i.HAL_FLASH_OB_Lock))
<BR><BR>[Called By]<UL><LI><a href="#[57]">&gt;&gt;</a>&nbsp;&nbsp;&nbsp;main
<LI><a href="#[8c]">&gt;&gt;</a>&nbsp;&nbsp;&nbsp;USBProc
</UL>

<P><STRONG><a name="[156]"></a>HAL_FLASH_OB_Unlock</STRONG> (Thumb, 24 bytes, Stack size 0 bytes, stm32l4xx_hal_flash.o(i.HAL_FLASH_OB_Unlock))
<BR><BR>[Called By]<UL><LI><a href="#[57]">&gt;&gt;</a>&nbsp;&nbsp;&nbsp;main
<LI><a href="#[8c]">&gt;&gt;</a>&nbsp;&nbsp;&nbsp;USBProc
</UL>

<P><STRONG><a name="[ad]"></a>HAL_FLASH_Program</STRONG> (Thumb, 156 bytes, Stack size 56 bytes, stm32l4xx_hal_flash.o(i.HAL_FLASH_Program))
<BR><BR>[Stack]<UL><LI>Max Depth = 72<LI>Call Chain = HAL_FLASH_Program &rArr; FLASH_WaitForLastOperation
</UL>
<BR>[Calls]<UL><LI><a href="#[ab]">&gt;&gt;</a>&nbsp;&nbsp;&nbsp;FLASH_FlushCaches
<LI><a href="#[9c]">&gt;&gt;</a>&nbsp;&nbsp;&nbsp;FLASH_WaitForLastOperation
<LI><a href="#[af]">&gt;&gt;</a>&nbsp;&nbsp;&nbsp;FLASH_Program_Fast
<LI><a href="#[ae]">&gt;&gt;</a>&nbsp;&nbsp;&nbsp;FLASH_Program_DoubleWord
</UL>
<BR>[Called By]<UL><LI><a href="#[12d]">&gt;&gt;</a>&nbsp;&nbsp;&nbsp;STMFLASH_Write
</UL>

<P><STRONG><a name="[12e]"></a>HAL_FLASH_Unlock</STRONG> (Thumb, 28 bytes, Stack size 0 bytes, stm32l4xx_hal_flash.o(i.HAL_FLASH_Unlock))
<BR><BR>[Called By]<UL><LI><a href="#[57]">&gt;&gt;</a>&nbsp;&nbsp;&nbsp;main
<LI><a href="#[8c]">&gt;&gt;</a>&nbsp;&nbsp;&nbsp;USBProc
<LI><a href="#[12d]">&gt;&gt;</a>&nbsp;&nbsp;&nbsp;STMFLASH_Write
</UL>

<P><STRONG><a name="[dd]"></a>HAL_GPIO_Init</STRONG> (Thumb, 358 bytes, Stack size 40 bytes, stm32l4xx_hal_gpio.o(i.HAL_GPIO_Init))
<BR><BR>[Stack]<UL><LI>Max Depth = 40<LI>Call Chain = HAL_GPIO_Init
</UL>
<BR>[Called By]<UL><LI><a href="#[10b]">&gt;&gt;</a>&nbsp;&nbsp;&nbsp;HAL_TIM_PWM_MspInit
<LI><a href="#[102]">&gt;&gt;</a>&nbsp;&nbsp;&nbsp;HAL_TIM_MspPostInit
<LI><a href="#[ef]">&gt;&gt;</a>&nbsp;&nbsp;&nbsp;HAL_TIM_Base_MspInit
<LI><a href="#[110]">&gt;&gt;</a>&nbsp;&nbsp;&nbsp;MX_GPIO_Init
<LI><a href="#[d4]">&gt;&gt;</a>&nbsp;&nbsp;&nbsp;HAL_PCD_MspInit
</UL>

<P><STRONG><a name="[65]"></a>HAL_GPIO_ReadPin</STRONG> (Thumb, 10 bytes, Stack size 0 bytes, stm32l4xx_hal_gpio.o(i.HAL_GPIO_ReadPin))
<BR><BR>[Called By]<UL><LI><a href="#[62]">&gt;&gt;</a>&nbsp;&nbsp;&nbsp;AS3933_Proc
<LI><a href="#[76]">&gt;&gt;</a>&nbsp;&nbsp;&nbsp;SimSPI_Proc
<LI><a href="#[12a]">&gt;&gt;</a>&nbsp;&nbsp;&nbsp;SimSPI2_Proc
<LI><a href="#[57]">&gt;&gt;</a>&nbsp;&nbsp;&nbsp;main
<LI><a href="#[10f]">&gt;&gt;</a>&nbsp;&nbsp;&nbsp;WaitCarPowerOff
<LI><a href="#[82]">&gt;&gt;</a>&nbsp;&nbsp;&nbsp;RomData_WriteBytes
<LI><a href="#[9f]">&gt;&gt;</a>&nbsp;&nbsp;&nbsp;HashCalc_N
<LI><a href="#[7d]">&gt;&gt;</a>&nbsp;&nbsp;&nbsp;RomData_WriteByte
<LI><a href="#[89]">&gt;&gt;</a>&nbsp;&nbsp;&nbsp;ReadButton
<LI><a href="#[85]">&gt;&gt;</a>&nbsp;&nbsp;&nbsp;ButtionProc
<LI><a href="#[68]">&gt;&gt;</a>&nbsp;&nbsp;&nbsp;ATA583X_ICProc
</UL>

<P><STRONG><a name="[15c]"></a>HAL_GPIO_TogglePin</STRONG> (Thumb, 14 bytes, Stack size 0 bytes, stm32l4xx_hal_gpio.o(i.HAL_GPIO_TogglePin))
<BR><BR>[Called By]<UL><LI><a href="#[9a]">&gt;&gt;</a>&nbsp;&nbsp;&nbsp;ledFlash
</UL>

<P><STRONG><a name="[61]"></a>HAL_GPIO_WritePin</STRONG> (Thumb, 10 bytes, Stack size 0 bytes, stm32l4xx_hal_gpio.o(i.HAL_GPIO_WritePin))
<BR><BR>[Called By]<UL><LI><a href="#[64]">&gt;&gt;</a>&nbsp;&nbsp;&nbsp;AS3933_WriteReg
<LI><a href="#[62]">&gt;&gt;</a>&nbsp;&nbsp;&nbsp;AS3933_Proc
<LI><a href="#[60]">&gt;&gt;</a>&nbsp;&nbsp;&nbsp;AS3933_COMM
<LI><a href="#[12b]">&gt;&gt;</a>&nbsp;&nbsp;&nbsp;SPIROM_WriteEnable
<LI><a href="#[12c]">&gt;&gt;</a>&nbsp;&nbsp;&nbsp;SPIROM_WriteDisable
<LI><a href="#[126]">&gt;&gt;</a>&nbsp;&nbsp;&nbsp;SPIROM_WriteByte
<LI><a href="#[127]">&gt;&gt;</a>&nbsp;&nbsp;&nbsp;SPIROM_WriteArray
<LI><a href="#[129]">&gt;&gt;</a>&nbsp;&nbsp;&nbsp;SPIROM_ReadStatus
<LI><a href="#[124]">&gt;&gt;</a>&nbsp;&nbsp;&nbsp;SPIROM_ReadByte
<LI><a href="#[125]">&gt;&gt;</a>&nbsp;&nbsp;&nbsp;SPIROM_ReadArray
<LI><a href="#[128]">&gt;&gt;</a>&nbsp;&nbsp;&nbsp;SPIROM_Init
<LI><a href="#[76]">&gt;&gt;</a>&nbsp;&nbsp;&nbsp;SimSPI_Proc
<LI><a href="#[131]">&gt;&gt;</a>&nbsp;&nbsp;&nbsp;SimSPI_Init
<LI><a href="#[12a]">&gt;&gt;</a>&nbsp;&nbsp;&nbsp;SimSPI2_Proc
<LI><a href="#[130]">&gt;&gt;</a>&nbsp;&nbsp;&nbsp;SimSPI2_Init
<LI><a href="#[110]">&gt;&gt;</a>&nbsp;&nbsp;&nbsp;MX_GPIO_Init
<LI><a href="#[57]">&gt;&gt;</a>&nbsp;&nbsp;&nbsp;main
<LI><a href="#[8c]">&gt;&gt;</a>&nbsp;&nbsp;&nbsp;USBProc
<LI><a href="#[11f]">&gt;&gt;</a>&nbsp;&nbsp;&nbsp;ProgramWork
<LI><a href="#[90]">&gt;&gt;</a>&nbsp;&nbsp;&nbsp;ProcCommand_7A
<LI><a href="#[11e]">&gt;&gt;</a>&nbsp;&nbsp;&nbsp;ProcCommand_39
<LI><a href="#[11c]">&gt;&gt;</a>&nbsp;&nbsp;&nbsp;OnCarProc
<LI><a href="#[10e]">&gt;&gt;</a>&nbsp;&nbsp;&nbsp;LEDFlash
<LI><a href="#[82]">&gt;&gt;</a>&nbsp;&nbsp;&nbsp;RomData_WriteBytes
<LI><a href="#[78]">&gt;&gt;</a>&nbsp;&nbsp;&nbsp;ATA583X_WaitRx
<LI><a href="#[7d]">&gt;&gt;</a>&nbsp;&nbsp;&nbsp;RomData_WriteByte
<LI><a href="#[85]">&gt;&gt;</a>&nbsp;&nbsp;&nbsp;ButtionProc
<LI><a href="#[77]">&gt;&gt;</a>&nbsp;&nbsp;&nbsp;ATA583X_TxFrameProc
<LI><a href="#[67]">&gt;&gt;</a>&nbsp;&nbsp;&nbsp;ATA583X_SPIProc
<LI><a href="#[73]">&gt;&gt;</a>&nbsp;&nbsp;&nbsp;ATA583X_RxMode
<LI><a href="#[6f]">&gt;&gt;</a>&nbsp;&nbsp;&nbsp;ATA583X_RFTxFrameProc
</UL>

<P><STRONG><a name="[75]"></a>HAL_GetTick</STRONG> (Thumb, 6 bytes, Stack size 0 bytes, stm32l4xx_hal.o(i.HAL_GetTick))
<BR><BR>[Called By]<UL><LI><a href="#[f1]">&gt;&gt;</a>&nbsp;&nbsp;&nbsp;HAL_TIM_IC_CaptureCallback
<LI><a href="#[ec]">&gt;&gt;</a>&nbsp;&nbsp;&nbsp;HAL_RCC_OscConfig
<LI><a href="#[ea]">&gt;&gt;</a>&nbsp;&nbsp;&nbsp;HAL_RCC_ClockConfig
<LI><a href="#[e9]">&gt;&gt;</a>&nbsp;&nbsp;&nbsp;HAL_RCCEx_PeriphCLKConfig
<LI><a href="#[92]">&gt;&gt;</a>&nbsp;&nbsp;&nbsp;CarIRTxProc
<LI><a href="#[8d]">&gt;&gt;</a>&nbsp;&nbsp;&nbsp;CarIRRxProc
<LI><a href="#[78]">&gt;&gt;</a>&nbsp;&nbsp;&nbsp;ATA583X_WaitRx
<LI><a href="#[6e]">&gt;&gt;</a>&nbsp;&nbsp;&nbsp;HAL_Delay
<LI><a href="#[73]">&gt;&gt;</a>&nbsp;&nbsp;&nbsp;ATA583X_RxMode
<LI><a href="#[9c]">&gt;&gt;</a>&nbsp;&nbsp;&nbsp;FLASH_WaitForLastOperation
</UL>

<P><STRONG><a name="[132]"></a>HAL_IncTick</STRONG> (Thumb, 12 bytes, Stack size 0 bytes, stm32l4xx_hal.o(i.HAL_IncTick))
<BR><BR>[Called By]<UL><LI><a href="#[1e]">&gt;&gt;</a>&nbsp;&nbsp;&nbsp;SysTick_Handler
</UL>

<P><STRONG><a name="[b0]"></a>HAL_Init</STRONG> (Thumb, 30 bytes, Stack size 8 bytes, stm32l4xx_hal.o(i.HAL_Init))
<BR><BR>[Stack]<UL><LI>Max Depth = 40<LI>Call Chain = HAL_Init &rArr; HAL_InitTick &rArr; HAL_NVIC_SetPriority
</UL>
<BR>[Calls]<UL><LI><a href="#[b3]">&gt;&gt;</a>&nbsp;&nbsp;&nbsp;HAL_MspInit
<LI><a href="#[b2]">&gt;&gt;</a>&nbsp;&nbsp;&nbsp;HAL_InitTick
<LI><a href="#[b1]">&gt;&gt;</a>&nbsp;&nbsp;&nbsp;HAL_NVIC_SetPriorityGrouping
</UL>
<BR>[Called By]<UL><LI><a href="#[57]">&gt;&gt;</a>&nbsp;&nbsp;&nbsp;main
</UL>

<P><STRONG><a name="[b2]"></a>HAL_InitTick</STRONG> (Thumb, 58 bytes, Stack size 16 bytes, stm32l4xx_hal.o(i.HAL_InitTick))
<BR><BR>[Stack]<UL><LI>Max Depth = 32<LI>Call Chain = HAL_InitTick &rArr; HAL_NVIC_SetPriority
</UL>
<BR>[Calls]<UL><LI><a href="#[b5]">&gt;&gt;</a>&nbsp;&nbsp;&nbsp;HAL_NVIC_SetPriority
<LI><a href="#[b4]">&gt;&gt;</a>&nbsp;&nbsp;&nbsp;HAL_SYSTICK_Config
</UL>
<BR>[Called By]<UL><LI><a href="#[ec]">&gt;&gt;</a>&nbsp;&nbsp;&nbsp;HAL_RCC_OscConfig
<LI><a href="#[ea]">&gt;&gt;</a>&nbsp;&nbsp;&nbsp;HAL_RCC_ClockConfig
<LI><a href="#[b0]">&gt;&gt;</a>&nbsp;&nbsp;&nbsp;HAL_Init
</UL>

<P><STRONG><a name="[b3]"></a>HAL_MspInit</STRONG> (Thumb, 38 bytes, Stack size 8 bytes, stm32l4xx_hal_msp.o(i.HAL_MspInit))
<BR><BR>[Stack]<UL><LI>Max Depth = 8<LI>Call Chain = HAL_MspInit
</UL>
<BR>[Called By]<UL><LI><a href="#[b0]">&gt;&gt;</a>&nbsp;&nbsp;&nbsp;HAL_Init
</UL>

<P><STRONG><a name="[de]"></a>HAL_NVIC_EnableIRQ</STRONG> (Thumb, 26 bytes, Stack size 0 bytes, stm32l4xx_hal_cortex.o(i.HAL_NVIC_EnableIRQ))
<BR><BR>[Called By]<UL><LI><a href="#[10b]">&gt;&gt;</a>&nbsp;&nbsp;&nbsp;HAL_TIM_PWM_MspInit
<LI><a href="#[ef]">&gt;&gt;</a>&nbsp;&nbsp;&nbsp;HAL_TIM_Base_MspInit
<LI><a href="#[d4]">&gt;&gt;</a>&nbsp;&nbsp;&nbsp;HAL_PCD_MspInit
</UL>

<P><STRONG><a name="[b5]"></a>HAL_NVIC_SetPriority</STRONG> (Thumb, 60 bytes, Stack size 16 bytes, stm32l4xx_hal_cortex.o(i.HAL_NVIC_SetPriority))
<BR><BR>[Stack]<UL><LI>Max Depth = 16<LI>Call Chain = HAL_NVIC_SetPriority
</UL>
<BR>[Calls]<UL><LI><a href="#[b6]">&gt;&gt;</a>&nbsp;&nbsp;&nbsp;__NVIC_SetPriority
</UL>
<BR>[Called By]<UL><LI><a href="#[10b]">&gt;&gt;</a>&nbsp;&nbsp;&nbsp;HAL_TIM_PWM_MspInit
<LI><a href="#[ef]">&gt;&gt;</a>&nbsp;&nbsp;&nbsp;HAL_TIM_Base_MspInit
<LI><a href="#[d4]">&gt;&gt;</a>&nbsp;&nbsp;&nbsp;HAL_PCD_MspInit
<LI><a href="#[b2]">&gt;&gt;</a>&nbsp;&nbsp;&nbsp;HAL_InitTick
</UL>

<P><STRONG><a name="[b1]"></a>HAL_NVIC_SetPriorityGrouping</STRONG> (Thumb, 26 bytes, Stack size 0 bytes, stm32l4xx_hal_cortex.o(i.HAL_NVIC_SetPriorityGrouping))
<BR><BR>[Called By]<UL><LI><a href="#[b0]">&gt;&gt;</a>&nbsp;&nbsp;&nbsp;HAL_Init
</UL>

<P><STRONG><a name="[da]"></a>HAL_PCDEx_ActivateLPM</STRONG> (Thumb, 36 bytes, Stack size 0 bytes, stm32l4xx_hal_pcd_ex.o(i.HAL_PCDEx_ActivateLPM))
<BR><BR>[Called By]<UL><LI><a href="#[d3]">&gt;&gt;</a>&nbsp;&nbsp;&nbsp;HAL_PCD_Init
</UL>

<P><STRONG><a name="[b7]"></a>HAL_PCDEx_LPM_Callback</STRONG> (Thumb, 64 bytes, Stack size 16 bytes, usbd_conf.o(i.HAL_PCDEx_LPM_Callback))
<BR><BR>[Stack]<UL><LI>Max Depth = 232<LI>Call Chain = HAL_PCDEx_LPM_Callback &rArr; SystemClock_Config &rArr; HAL_RCC_OscConfig &rArr; HAL_InitTick &rArr; HAL_NVIC_SetPriority
</UL>
<BR>[Calls]<UL><LI><a href="#[b9]">&gt;&gt;</a>&nbsp;&nbsp;&nbsp;SystemClock_Config
<LI><a href="#[b8]">&gt;&gt;</a>&nbsp;&nbsp;&nbsp;USBD_LL_Suspend
<LI><a href="#[ba]">&gt;&gt;</a>&nbsp;&nbsp;&nbsp;USBD_LL_Resume
</UL>
<BR>[Called By]<UL><LI><a href="#[cb]">&gt;&gt;</a>&nbsp;&nbsp;&nbsp;HAL_PCD_IRQHandler
</UL>

<P><STRONG><a name="[149]"></a>HAL_PCDEx_PMAConfig</STRONG> (Thumb, 52 bytes, Stack size 8 bytes, stm32l4xx_hal_pcd_ex.o(i.HAL_PCDEx_PMAConfig))
<BR><BR>[Stack]<UL><LI>Max Depth = 8<LI>Call Chain = HAL_PCDEx_PMAConfig
</UL>
<BR>[Called By]<UL><LI><a href="#[146]">&gt;&gt;</a>&nbsp;&nbsp;&nbsp;USBD_LL_Init
</UL>

<P><STRONG><a name="[bb]"></a>HAL_PCD_DataInStageCallback</STRONG> (Thumb, 14 bytes, Stack size 0 bytes, usbd_conf.o(i.HAL_PCD_DataInStageCallback))
<BR><BR>[Stack]<UL><LI>Max Depth = 84<LI>Call Chain = HAL_PCD_DataInStageCallback &rArr; USBD_LL_DataInStage &rArr; USBD_CtlReceiveStatus &rArr; USBD_LL_PrepareReceive &rArr; HAL_PCD_EP_Receive &rArr; USB_EPStartXfer &rArr; USB_WritePMA
</UL>
<BR>[Calls]<UL><LI><a href="#[bc]">&gt;&gt;</a>&nbsp;&nbsp;&nbsp;USBD_LL_DataInStage
</UL>
<BR>[Called By]<UL><LI><a href="#[cd]">&gt;&gt;</a>&nbsp;&nbsp;&nbsp;PCD_EP_ISR_Handler
</UL>

<P><STRONG><a name="[bd]"></a>HAL_PCD_DataOutStageCallback</STRONG> (Thumb, 16 bytes, Stack size 0 bytes, usbd_conf.o(i.HAL_PCD_DataOutStageCallback))
<BR><BR>[Stack]<UL><LI>Max Depth = 76<LI>Call Chain = HAL_PCD_DataOutStageCallback &rArr; USBD_LL_DataOutStage &rArr; USBD_CtlSendStatus &rArr; USBD_LL_Transmit &rArr; HAL_PCD_EP_Transmit &rArr; USB_EPStartXfer &rArr; USB_WritePMA
</UL>
<BR>[Calls]<UL><LI><a href="#[be]">&gt;&gt;</a>&nbsp;&nbsp;&nbsp;USBD_LL_DataOutStage
</UL>
<BR>[Called By]<UL><LI><a href="#[cd]">&gt;&gt;</a>&nbsp;&nbsp;&nbsp;PCD_EP_ISR_Handler
</UL>

<P><STRONG><a name="[bf]"></a>HAL_PCD_EP_Close</STRONG> (Thumb, 72 bytes, Stack size 16 bytes, stm32l4xx_hal_pcd.o(i.HAL_PCD_EP_Close))
<BR><BR>[Stack]<UL><LI>Max Depth = 44<LI>Call Chain = HAL_PCD_EP_Close &rArr; USB_DeactivateEndpoint
</UL>
<BR>[Calls]<UL><LI><a href="#[c0]">&gt;&gt;</a>&nbsp;&nbsp;&nbsp;USB_DeactivateEndpoint
</UL>
<BR>[Called By]<UL><LI><a href="#[135]">&gt;&gt;</a>&nbsp;&nbsp;&nbsp;USBD_LL_CloseEP
</UL>

<P><STRONG><a name="[c1]"></a>HAL_PCD_EP_ClrStall</STRONG> (Thumb, 88 bytes, Stack size 16 bytes, stm32l4xx_hal_pcd.o(i.HAL_PCD_EP_ClrStall))
<BR><BR>[Stack]<UL><LI>Max Depth = 28<LI>Call Chain = HAL_PCD_EP_ClrStall &rArr; USB_EPClearStall
</UL>
<BR>[Calls]<UL><LI><a href="#[c2]">&gt;&gt;</a>&nbsp;&nbsp;&nbsp;USB_EPClearStall
</UL>
<BR>[Called By]<UL><LI><a href="#[147]">&gt;&gt;</a>&nbsp;&nbsp;&nbsp;USBD_LL_ClearStallEP
</UL>

<P><STRONG><a name="[c3]"></a>HAL_PCD_EP_Open</STRONG> (Thumb, 92 bytes, Stack size 24 bytes, stm32l4xx_hal_pcd.o(i.HAL_PCD_EP_Open))
<BR><BR>[Stack]<UL><LI>Max Depth = 56<LI>Call Chain = HAL_PCD_EP_Open &rArr; USB_ActivateEndpoint
</UL>
<BR>[Calls]<UL><LI><a href="#[c4]">&gt;&gt;</a>&nbsp;&nbsp;&nbsp;USB_ActivateEndpoint
</UL>
<BR>[Called By]<UL><LI><a href="#[137]">&gt;&gt;</a>&nbsp;&nbsp;&nbsp;USBD_LL_OpenEP
</UL>

<P><STRONG><a name="[c5]"></a>HAL_PCD_EP_Receive</STRONG> (Thumb, 46 bytes, Stack size 16 bytes, stm32l4xx_hal_pcd.o(i.HAL_PCD_EP_Receive))
<BR><BR>[Stack]<UL><LI>Max Depth = 44<LI>Call Chain = HAL_PCD_EP_Receive &rArr; USB_EPStartXfer &rArr; USB_WritePMA
</UL>
<BR>[Calls]<UL><LI><a href="#[c6]">&gt;&gt;</a>&nbsp;&nbsp;&nbsp;USB_EPStartXfer
</UL>
<BR>[Called By]<UL><LI><a href="#[cd]">&gt;&gt;</a>&nbsp;&nbsp;&nbsp;PCD_EP_ISR_Handler
<LI><a href="#[134]">&gt;&gt;</a>&nbsp;&nbsp;&nbsp;USBD_LL_PrepareReceive
</UL>

<P><STRONG><a name="[c7]"></a>HAL_PCD_EP_SetStall</STRONG> (Thumb, 106 bytes, Stack size 16 bytes, stm32l4xx_hal_pcd.o(i.HAL_PCD_EP_SetStall))
<BR><BR>[Stack]<UL><LI>Max Depth = 24<LI>Call Chain = HAL_PCD_EP_SetStall &rArr; USB_EPSetStall
</UL>
<BR>[Calls]<UL><LI><a href="#[c8]">&gt;&gt;</a>&nbsp;&nbsp;&nbsp;USB_EPSetStall
<LI><a href="#[c9]">&gt;&gt;</a>&nbsp;&nbsp;&nbsp;USB_EP0_OutStart
</UL>
<BR>[Called By]<UL><LI><a href="#[140]">&gt;&gt;</a>&nbsp;&nbsp;&nbsp;USBD_LL_StallEP
</UL>

<P><STRONG><a name="[ca]"></a>HAL_PCD_EP_Transmit</STRONG> (Thumb, 42 bytes, Stack size 16 bytes, stm32l4xx_hal_pcd.o(i.HAL_PCD_EP_Transmit))
<BR><BR>[Stack]<UL><LI>Max Depth = 44<LI>Call Chain = HAL_PCD_EP_Transmit &rArr; USB_EPStartXfer &rArr; USB_WritePMA
</UL>
<BR>[Calls]<UL><LI><a href="#[c6]">&gt;&gt;</a>&nbsp;&nbsp;&nbsp;USB_EPStartXfer
</UL>
<BR>[Called By]<UL><LI><a href="#[cd]">&gt;&gt;</a>&nbsp;&nbsp;&nbsp;PCD_EP_ISR_Handler
<LI><a href="#[13a]">&gt;&gt;</a>&nbsp;&nbsp;&nbsp;USBD_LL_Transmit
</UL>

<P><STRONG><a name="[cb]"></a>HAL_PCD_IRQHandler</STRONG> (Thumb, 380 bytes, Stack size 8 bytes, stm32l4xx_hal_pcd.o(i.HAL_PCD_IRQHandler))
<BR><BR>[Stack]<UL><LI>Max Depth = 240<LI>Call Chain = HAL_PCD_IRQHandler &rArr; HAL_PCDEx_LPM_Callback &rArr; SystemClock_Config &rArr; HAL_RCC_OscConfig &rArr; HAL_InitTick &rArr; HAL_NVIC_SetPriority
</UL>
<BR>[Calls]<UL><LI><a href="#[cc]">&gt;&gt;</a>&nbsp;&nbsp;&nbsp;USB_ReadInterrupts
<LI><a href="#[cd]">&gt;&gt;</a>&nbsp;&nbsp;&nbsp;PCD_EP_ISR_Handler
<LI><a href="#[cf]">&gt;&gt;</a>&nbsp;&nbsp;&nbsp;HAL_PCD_SetAddress
<LI><a href="#[d1]">&gt;&gt;</a>&nbsp;&nbsp;&nbsp;HAL_PCD_SuspendCallback
<LI><a href="#[d2]">&gt;&gt;</a>&nbsp;&nbsp;&nbsp;HAL_PCD_SOFCallback
<LI><a href="#[d0]">&gt;&gt;</a>&nbsp;&nbsp;&nbsp;HAL_PCD_ResumeCallback
<LI><a href="#[ce]">&gt;&gt;</a>&nbsp;&nbsp;&nbsp;HAL_PCD_ResetCallback
<LI><a href="#[b7]">&gt;&gt;</a>&nbsp;&nbsp;&nbsp;HAL_PCDEx_LPM_Callback
</UL>
<BR>[Called By]<UL><LI><a href="#[4c]">&gt;&gt;</a>&nbsp;&nbsp;&nbsp;USB_IRQHandler
</UL>

<P><STRONG><a name="[d3]"></a>HAL_PCD_Init</STRONG> (Thumb, 222 bytes, Stack size 48 bytes, stm32l4xx_hal_pcd.o(i.HAL_PCD_Init))
<BR><BR>[Stack]<UL><LI>Max Depth = 120<LI>Call Chain = HAL_PCD_Init &rArr; HAL_PCD_MspInit &rArr; HAL_GPIO_Init
</UL>
<BR>[Calls]<UL><LI><a href="#[d8]">&gt;&gt;</a>&nbsp;&nbsp;&nbsp;USB_SetCurrentMode
<LI><a href="#[d5]">&gt;&gt;</a>&nbsp;&nbsp;&nbsp;USB_DisableGlobalInt
<LI><a href="#[d9]">&gt;&gt;</a>&nbsp;&nbsp;&nbsp;USB_DevInit
<LI><a href="#[db]">&gt;&gt;</a>&nbsp;&nbsp;&nbsp;USB_DevDisconnect
<LI><a href="#[d7]">&gt;&gt;</a>&nbsp;&nbsp;&nbsp;USB_CoreInit
<LI><a href="#[da]">&gt;&gt;</a>&nbsp;&nbsp;&nbsp;HAL_PCDEx_ActivateLPM
<LI><a href="#[d4]">&gt;&gt;</a>&nbsp;&nbsp;&nbsp;HAL_PCD_MspInit
<LI><a href="#[d6]">&gt;&gt;</a>&nbsp;&nbsp;&nbsp;__aeabi_memcpy4
</UL>
<BR>[Called By]<UL><LI><a href="#[146]">&gt;&gt;</a>&nbsp;&nbsp;&nbsp;USBD_LL_Init
</UL>

<P><STRONG><a name="[d4]"></a>HAL_PCD_MspInit</STRONG> (Thumb, 108 bytes, Stack size 32 bytes, usbd_conf.o(i.HAL_PCD_MspInit))
<BR><BR>[Stack]<UL><LI>Max Depth = 72<LI>Call Chain = HAL_PCD_MspInit &rArr; HAL_GPIO_Init
</UL>
<BR>[Calls]<UL><LI><a href="#[b5]">&gt;&gt;</a>&nbsp;&nbsp;&nbsp;HAL_NVIC_SetPriority
<LI><a href="#[de]">&gt;&gt;</a>&nbsp;&nbsp;&nbsp;HAL_NVIC_EnableIRQ
<LI><a href="#[dd]">&gt;&gt;</a>&nbsp;&nbsp;&nbsp;HAL_GPIO_Init
<LI><a href="#[dc]">&gt;&gt;</a>&nbsp;&nbsp;&nbsp;__aeabi_memclr4
</UL>
<BR>[Called By]<UL><LI><a href="#[d3]">&gt;&gt;</a>&nbsp;&nbsp;&nbsp;HAL_PCD_Init
</UL>

<P><STRONG><a name="[ce]"></a>HAL_PCD_ResetCallback</STRONG> (Thumb, 38 bytes, Stack size 16 bytes, usbd_conf.o(i.HAL_PCD_ResetCallback))
<BR><BR>[Stack]<UL><LI>Max Depth = 104<LI>Call Chain = HAL_PCD_ResetCallback &rArr; USBD_LL_Reset &rArr; USBD_LL_OpenEP &rArr; HAL_PCD_EP_Open &rArr; USB_ActivateEndpoint
</UL>
<BR>[Calls]<UL><LI><a href="#[df]">&gt;&gt;</a>&nbsp;&nbsp;&nbsp;Error_Handler
<LI><a href="#[e0]">&gt;&gt;</a>&nbsp;&nbsp;&nbsp;USBD_LL_SetSpeed
<LI><a href="#[e1]">&gt;&gt;</a>&nbsp;&nbsp;&nbsp;USBD_LL_Reset
</UL>
<BR>[Called By]<UL><LI><a href="#[cb]">&gt;&gt;</a>&nbsp;&nbsp;&nbsp;HAL_PCD_IRQHandler
</UL>

<P><STRONG><a name="[d0]"></a>HAL_PCD_ResumeCallback</STRONG> (Thumb, 34 bytes, Stack size 8 bytes, usbd_conf.o(i.HAL_PCD_ResumeCallback))
<BR><BR>[Stack]<UL><LI>Max Depth = 224<LI>Call Chain = HAL_PCD_ResumeCallback &rArr; SystemClock_Config &rArr; HAL_RCC_OscConfig &rArr; HAL_InitTick &rArr; HAL_NVIC_SetPriority
</UL>
<BR>[Calls]<UL><LI><a href="#[b9]">&gt;&gt;</a>&nbsp;&nbsp;&nbsp;SystemClock_Config
<LI><a href="#[ba]">&gt;&gt;</a>&nbsp;&nbsp;&nbsp;USBD_LL_Resume
</UL>
<BR>[Called By]<UL><LI><a href="#[cb]">&gt;&gt;</a>&nbsp;&nbsp;&nbsp;HAL_PCD_IRQHandler
</UL>

<P><STRONG><a name="[d2]"></a>HAL_PCD_SOFCallback</STRONG> (Thumb, 8 bytes, Stack size 0 bytes, usbd_conf.o(i.HAL_PCD_SOFCallback))
<BR><BR>[Stack]<UL><LI>Max Depth = 8<LI>Call Chain = HAL_PCD_SOFCallback &rArr; USBD_LL_SOF
</UL>
<BR>[Calls]<UL><LI><a href="#[e2]">&gt;&gt;</a>&nbsp;&nbsp;&nbsp;USBD_LL_SOF
</UL>
<BR>[Called By]<UL><LI><a href="#[cb]">&gt;&gt;</a>&nbsp;&nbsp;&nbsp;HAL_PCD_IRQHandler
</UL>

<P><STRONG><a name="[cf]"></a>HAL_PCD_SetAddress</STRONG> (Thumb, 40 bytes, Stack size 8 bytes, stm32l4xx_hal_pcd.o(i.HAL_PCD_SetAddress))
<BR><BR>[Stack]<UL><LI>Max Depth = 8<LI>Call Chain = HAL_PCD_SetAddress
</UL>
<BR>[Calls]<UL><LI><a href="#[e3]">&gt;&gt;</a>&nbsp;&nbsp;&nbsp;USB_SetDevAddress
</UL>
<BR>[Called By]<UL><LI><a href="#[cb]">&gt;&gt;</a>&nbsp;&nbsp;&nbsp;HAL_PCD_IRQHandler
<LI><a href="#[14a]">&gt;&gt;</a>&nbsp;&nbsp;&nbsp;USBD_LL_SetUSBAddress
</UL>

<P><STRONG><a name="[e4]"></a>HAL_PCD_SetupStageCallback</STRONG> (Thumb, 14 bytes, Stack size 0 bytes, usbd_conf.o(i.HAL_PCD_SetupStageCallback))
<BR><BR>[Stack]<UL><LI>Max Depth = 124<LI>Call Chain = HAL_PCD_SetupStageCallback &rArr; USBD_LL_SetupStage &rArr; USBD_StdDevReq &rArr; USBD_GetDescriptor &rArr; USBD_CtlSendData &rArr; USBD_LL_Transmit &rArr; HAL_PCD_EP_Transmit &rArr; USB_EPStartXfer &rArr; USB_WritePMA
</UL>
<BR>[Calls]<UL><LI><a href="#[e5]">&gt;&gt;</a>&nbsp;&nbsp;&nbsp;USBD_LL_SetupStage
</UL>
<BR>[Called By]<UL><LI><a href="#[cd]">&gt;&gt;</a>&nbsp;&nbsp;&nbsp;PCD_EP_ISR_Handler
</UL>

<P><STRONG><a name="[e6]"></a>HAL_PCD_Start</STRONG> (Thumb, 42 bytes, Stack size 8 bytes, stm32l4xx_hal_pcd.o(i.HAL_PCD_Start))
<BR><BR>[Stack]<UL><LI>Max Depth = 8<LI>Call Chain = HAL_PCD_Start
</UL>
<BR>[Calls]<UL><LI><a href="#[e8]">&gt;&gt;</a>&nbsp;&nbsp;&nbsp;USB_EnableGlobalInt
<LI><a href="#[e7]">&gt;&gt;</a>&nbsp;&nbsp;&nbsp;USB_DevConnect
</UL>
<BR>[Called By]<UL><LI><a href="#[14f]">&gt;&gt;</a>&nbsp;&nbsp;&nbsp;USBD_LL_Start
</UL>

<P><STRONG><a name="[d1]"></a>HAL_PCD_SuspendCallback</STRONG> (Thumb, 30 bytes, Stack size 8 bytes, usbd_conf.o(i.HAL_PCD_SuspendCallback))
<BR><BR>[Stack]<UL><LI>Max Depth = 8<LI>Call Chain = HAL_PCD_SuspendCallback
</UL>
<BR>[Calls]<UL><LI><a href="#[b8]">&gt;&gt;</a>&nbsp;&nbsp;&nbsp;USBD_LL_Suspend
</UL>
<BR>[Called By]<UL><LI><a href="#[cb]">&gt;&gt;</a>&nbsp;&nbsp;&nbsp;HAL_PCD_IRQHandler
</UL>

<P><STRONG><a name="[133]"></a>HAL_PWREx_ControlVoltageScaling</STRONG> (Thumb, 90 bytes, Stack size 0 bytes, stm32l4xx_hal_pwr_ex.o(i.HAL_PWREx_ControlVoltageScaling))
<BR><BR>[Called By]<UL><LI><a href="#[b9]">&gt;&gt;</a>&nbsp;&nbsp;&nbsp;SystemClock_Config
</UL>

<P><STRONG><a name="[148]"></a>HAL_PWREx_EnableVddUSB</STRONG> (Thumb, 12 bytes, Stack size 0 bytes, stm32l4xx_hal_pwr_ex.o(i.HAL_PWREx_EnableVddUSB))
<BR><BR>[Called By]<UL><LI><a href="#[146]">&gt;&gt;</a>&nbsp;&nbsp;&nbsp;USBD_LL_Init
</UL>

<P><STRONG><a name="[123]"></a>HAL_PWREx_GetVoltageRange</STRONG> (Thumb, 10 bytes, Stack size 0 bytes, stm32l4xx_hal_pwr_ex.o(i.HAL_PWREx_GetVoltageRange))
<BR><BR>[Called By]<UL><LI><a href="#[ed]">&gt;&gt;</a>&nbsp;&nbsp;&nbsp;RCC_SetFlashLatencyFromMSIRange
</UL>

<P><STRONG><a name="[e9]"></a>HAL_RCCEx_PeriphCLKConfig</STRONG> (Thumb, 486 bytes, Stack size 32 bytes, stm32l4xx_hal_rcc_ex.o(i.HAL_RCCEx_PeriphCLKConfig))
<BR><BR>[Stack]<UL><LI>Max Depth = 32<LI>Call Chain = HAL_RCCEx_PeriphCLKConfig
</UL>
<BR>[Calls]<UL><LI><a href="#[75]">&gt;&gt;</a>&nbsp;&nbsp;&nbsp;HAL_GetTick
</UL>
<BR>[Called By]<UL><LI><a href="#[b9]">&gt;&gt;</a>&nbsp;&nbsp;&nbsp;SystemClock_Config
</UL>

<P><STRONG><a name="[ea]"></a>HAL_RCC_ClockConfig</STRONG> (Thumb, 266 bytes, Stack size 32 bytes, stm32l4xx_hal_rcc.o(i.HAL_RCC_ClockConfig))
<BR><BR>[Stack]<UL><LI>Max Depth = 64<LI>Call Chain = HAL_RCC_ClockConfig &rArr; HAL_InitTick &rArr; HAL_NVIC_SetPriority
</UL>
<BR>[Calls]<UL><LI><a href="#[75]">&gt;&gt;</a>&nbsp;&nbsp;&nbsp;HAL_GetTick
<LI><a href="#[b2]">&gt;&gt;</a>&nbsp;&nbsp;&nbsp;HAL_InitTick
<LI><a href="#[eb]">&gt;&gt;</a>&nbsp;&nbsp;&nbsp;HAL_RCC_GetSysClockFreq
</UL>
<BR>[Called By]<UL><LI><a href="#[b9]">&gt;&gt;</a>&nbsp;&nbsp;&nbsp;SystemClock_Config
</UL>

<P><STRONG><a name="[eb]"></a>HAL_RCC_GetSysClockFreq</STRONG> (Thumb, 150 bytes, Stack size 16 bytes, stm32l4xx_hal_rcc.o(i.HAL_RCC_GetSysClockFreq))
<BR><BR>[Stack]<UL><LI>Max Depth = 16<LI>Call Chain = HAL_RCC_GetSysClockFreq
</UL>
[...]
<LI><a href="#[12f]">&gt;&gt;</a>&nbsp;&nbsp;&nbsp;HAL_FLASH_Lock
<LI><a href="#[9a]">&gt;&gt;</a>&nbsp;&nbsp;&nbsp;ledFlash
<LI><a href="#[a0]">&gt;&gt;</a>&nbsp;&nbsp;&nbsp;GenerateEEPSW
<LI><a href="#[11c]">&gt;&gt;</a>&nbsp;&nbsp;&nbsp;OnCarProc
<LI><a href="#[10e]">&gt;&gt;</a>&nbsp;&nbsp;&nbsp;LEDFlash
<LI><a href="#[78]">&gt;&gt;</a>&nbsp;&nbsp;&nbsp;ATA583X_WaitRx
<LI><a href="#[83]">&gt;&gt;</a>&nbsp;&nbsp;&nbsp;GetKeyState
<LI><a href="#[79]">&gt;&gt;</a>&nbsp;&nbsp;&nbsp;GetKeyParam
<LI><a href="#[89]">&gt;&gt;</a>&nbsp;&nbsp;&nbsp;ReadButton
<LI><a href="#[85]">&gt;&gt;</a>&nbsp;&nbsp;&nbsp;ButtionProc
<LI><a href="#[6e]">&gt;&gt;</a>&nbsp;&nbsp;&nbsp;HAL_Delay
<LI><a href="#[6c]">&gt;&gt;</a>&nbsp;&nbsp;&nbsp;ATA583X_Init
</UL>
<BR>[Address Reference Count : 1]<UL><LI> entry9a.o(.ARM.Collect$$$$0000000B)
</UL>
<P><STRONG><a name="[165]"></a>sub_Mixed_A</STRONG> (Thumb, 52 bytes, Stack size 52 bytes, lcyhash.o(i.sub_Mixed_A))
<BR><BR>[Stack]<UL><LI>Max Depth = 52<LI>Call Chain = sub_Mixed_A
</UL>
<BR>[Called By]<UL><LI><a href="#[15a]">&gt;&gt;</a>&nbsp;&nbsp;&nbsp;sub_half
<LI><a href="#[166]">&gt;&gt;</a>&nbsp;&nbsp;&nbsp;sub_cal_R_A
<LI><a href="#[163]">&gt;&gt;</a>&nbsp;&nbsp;&nbsp;sub_cal_L_A
</UL>

<P><STRONG><a name="[169]"></a>sub_Mixed_B</STRONG> (Thumb, 52 bytes, Stack size 52 bytes, lcyhash.o(i.sub_Mixed_B))
<BR><BR>[Stack]<UL><LI>Max Depth = 52<LI>Call Chain = sub_Mixed_B
</UL>
<BR>[Called By]<UL><LI><a href="#[168]">&gt;&gt;</a>&nbsp;&nbsp;&nbsp;sub_cal_R_B
</UL>

<P><STRONG><a name="[164]"></a>sub_Shift_L</STRONG> (Thumb, 66 bytes, Stack size 20 bytes, lcyhash.o(i.sub_Shift_L))
<BR><BR>[Stack]<UL><LI>Max Depth = 20<LI>Call Chain = sub_Shift_L
</UL>
<BR>[Called By]<UL><LI><a href="#[163]">&gt;&gt;</a>&nbsp;&nbsp;&nbsp;sub_cal_L_A
</UL>

<P><STRONG><a name="[167]"></a>sub_Shift_R</STRONG> (Thumb, 60 bytes, Stack size 20 bytes, lcyhash.o(i.sub_Shift_R))
<BR><BR>[Stack]<UL><LI>Max Depth = 20<LI>Call Chain = sub_Shift_R
</UL>
<BR>[Called By]<UL><LI><a href="#[168]">&gt;&gt;</a>&nbsp;&nbsp;&nbsp;sub_cal_R_B
<LI><a href="#[166]">&gt;&gt;</a>&nbsp;&nbsp;&nbsp;sub_cal_R_A
</UL>

<P><STRONG><a name="[15b]"></a>sub_add</STRONG> (Thumb, 164 bytes, Stack size 28 bytes, lcyhash.o(i.sub_add))
<BR><BR>[Stack]<UL><LI>Max Depth = 28<LI>Call Chain = sub_add
</UL>
<BR>[Called By]<UL><LI><a href="#[a1]">&gt;&gt;</a>&nbsp;&nbsp;&nbsp;lcyHashOnce
</UL>

<P><STRONG><a name="[15f]"></a>sub_add_4B</STRONG> (Thumb, 46 bytes, Stack size 16 bytes, lcyhash.o(i.sub_add_4B))
<BR><BR>[Stack]<UL><LI>Max Depth = 16<LI>Call Chain = sub_add_4B
</UL>
<BR>[Called By]<UL><LI><a href="#[162]">&gt;&gt;</a>&nbsp;&nbsp;&nbsp;sub_cal3
<LI><a href="#[161]">&gt;&gt;</a>&nbsp;&nbsp;&nbsp;sub_cal2
<LI><a href="#[160]">&gt;&gt;</a>&nbsp;&nbsp;&nbsp;sub_cal1
<LI><a href="#[15e]">&gt;&gt;</a>&nbsp;&nbsp;&nbsp;sub_cal0
</UL>

<P><STRONG><a name="[15e]"></a>sub_cal0</STRONG> (Thumb, 60 bytes, Stack size 20 bytes, lcyhash.o(i.sub_cal0))
<BR><BR>[Stack]<UL><LI>Max Depth = 36<LI>Call Chain = sub_cal0 &rArr; sub_add_4B
</UL>
<BR>[Calls]<UL><LI><a href="#[15f]">&gt;&gt;</a>&nbsp;&nbsp;&nbsp;sub_add_4B
</UL>
<BR>[Called By]<UL><LI><a href="#[15a]">&gt;&gt;</a>&nbsp;&nbsp;&nbsp;sub_half
</UL>

<P><STRONG><a name="[160]"></a>sub_cal1</STRONG> (Thumb, 38 bytes, Stack size 16 bytes, lcyhash.o(i.sub_cal1))
<BR><BR>[Stack]<UL><LI>Max Depth = 32<LI>Call Chain = sub_cal1 &rArr; sub_add_4B
</UL>
<BR>[Calls]<UL><LI><a href="#[15f]">&gt;&gt;</a>&nbsp;&nbsp;&nbsp;sub_add_4B
</UL>
<BR>[Called By]<UL><LI><a href="#[15a]">&gt;&gt;</a>&nbsp;&nbsp;&nbsp;sub_half
</UL>

<P><STRONG><a name="[161]"></a>sub_cal2</STRONG> (Thumb, 64 bytes, Stack size 24 bytes, lcyhash.o(i.sub_cal2))
<BR><BR>[Stack]<UL><LI>Max Depth = 40<LI>Call Chain = sub_cal2 &rArr; sub_add_4B
</UL>
<BR>[Calls]<UL><LI><a href="#[15f]">&gt;&gt;</a>&nbsp;&nbsp;&nbsp;sub_add_4B
</UL>
<BR>[Called By]<UL><LI><a href="#[15a]">&gt;&gt;</a>&nbsp;&nbsp;&nbsp;sub_half
</UL>

<P><STRONG><a name="[162]"></a>sub_cal3</STRONG> (Thumb, 66 bytes, Stack size 28 bytes, lcyhash.o(i.sub_cal3))
<BR><BR>[Stack]<UL><LI>Max Depth = 44<LI>Call Chain = sub_cal3 &rArr; sub_add_4B
</UL>
<BR>[Calls]<UL><LI><a href="#[15f]">&gt;&gt;</a>&nbsp;&nbsp;&nbsp;sub_add_4B
</UL>
<BR>[Called By]<UL><LI><a href="#[15a]">&gt;&gt;</a>&nbsp;&nbsp;&nbsp;sub_half
</UL>

<P><STRONG><a name="[163]"></a>sub_cal_L_A</STRONG> (Thumb, 14 bytes, Stack size 4 bytes, lcyhash.o(i.sub_cal_L_A))
<BR><BR>[Stack]<UL><LI>Max Depth = 56<LI>Call Chain = sub_cal_L_A &rArr; sub_Mixed_A
</UL>
<BR>[Calls]<UL><LI><a href="#[164]">&gt;&gt;</a>&nbsp;&nbsp;&nbsp;sub_Shift_L
<LI><a href="#[165]">&gt;&gt;</a>&nbsp;&nbsp;&nbsp;sub_Mixed_A
</UL>
<BR>[Called By]<UL><LI><a href="#[15a]">&gt;&gt;</a>&nbsp;&nbsp;&nbsp;sub_half
</UL>

<P><STRONG><a name="[166]"></a>sub_cal_R_A</STRONG> (Thumb, 14 bytes, Stack size 4 bytes, lcyhash.o(i.sub_cal_R_A))
<BR><BR>[Stack]<UL><LI>Max Depth = 56<LI>Call Chain = sub_cal_R_A &rArr; sub_Mixed_A
</UL>
<BR>[Calls]<UL><LI><a href="#[167]">&gt;&gt;</a>&nbsp;&nbsp;&nbsp;sub_Shift_R
<LI><a href="#[165]">&gt;&gt;</a>&nbsp;&nbsp;&nbsp;sub_Mixed_A
</UL>
<BR>[Called By]<UL><LI><a href="#[15a]">&gt;&gt;</a>&nbsp;&nbsp;&nbsp;sub_half
</UL>

<P><STRONG><a name="[168]"></a>sub_cal_R_B</STRONG> (Thumb, 14 bytes, Stack size 4 bytes, lcyhash.o(i.sub_cal_R_B))
<BR><BR>[Stack]<UL><LI>Max Depth = 56<LI>Call Chain = sub_cal_R_B &rArr; sub_Mixed_B
</UL>
<BR>[Calls]<UL><LI><a href="#[167]">&gt;&gt;</a>&nbsp;&nbsp;&nbsp;sub_Shift_R
<LI><a href="#[169]">&gt;&gt;</a>&nbsp;&nbsp;&nbsp;sub_Mixed_B
</UL>
<BR>[Called By]<UL><LI><a href="#[15a]">&gt;&gt;</a>&nbsp;&nbsp;&nbsp;sub_half
</UL>

<P><STRONG><a name="[15a]"></a>sub_half</STRONG> (Thumb, 392 bytes, Stack size 12 bytes, lcyhash.o(i.sub_half))
<BR><BR>[Stack]<UL><LI>Max Depth = 68<LI>Call Chain = sub_half &rArr; sub_cal_R_B &rArr; sub_Mixed_B
</UL>
<BR>[Calls]<UL><LI><a href="#[168]">&gt;&gt;</a>&nbsp;&nbsp;&nbsp;sub_cal_R_B
<LI><a href="#[166]">&gt;&gt;</a>&nbsp;&nbsp;&nbsp;sub_cal_R_A
<LI><a href="#[163]">&gt;&gt;</a>&nbsp;&nbsp;&nbsp;sub_cal_L_A
<LI><a href="#[162]">&gt;&gt;</a>&nbsp;&nbsp;&nbsp;sub_cal3
<LI><a href="#[161]">&gt;&gt;</a>&nbsp;&nbsp;&nbsp;sub_cal2
<LI><a href="#[160]">&gt;&gt;</a>&nbsp;&nbsp;&nbsp;sub_cal1
<LI><a href="#[15e]">&gt;&gt;</a>&nbsp;&nbsp;&nbsp;sub_cal0
<LI><a href="#[165]">&gt;&gt;</a>&nbsp;&nbsp;&nbsp;sub_Mixed_A
<LI><a href="#[16a]">&gt;&gt;</a>&nbsp;&nbsp;&nbsp;loadTab
</UL>
<BR>[Called By]<UL><LI><a href="#[a1]">&gt;&gt;</a>&nbsp;&nbsp;&nbsp;lcyHashOnce
</UL>

<P><STRONG><a name="[15d]"></a>wfDelay_init</STRONG> (Thumb, 6 bytes, Stack size 0 bytes, wfsys.o(i.wfDelay_init))
<BR><BR>[Called By]<UL><LI><a href="#[57]">&gt;&gt;</a>&nbsp;&nbsp;&nbsp;main
</UL>

<P><STRONG><a name="[71]"></a>wfDelay_us</STRONG> (Thumb, 48 bytes, Stack size 16 bytes, wfsys.o(i.wfDelay_us))
<BR><BR>[Stack]<UL><LI>Max Depth = 16<LI>Call Chain = wfDelay_us
</UL>
<BR>[Called By]<UL><LI><a href="#[78]">&gt;&gt;</a>&nbsp;&nbsp;&nbsp;ATA583X_WaitRx
<LI><a href="#[77]">&gt;&gt;</a>&nbsp;&nbsp;&nbsp;ATA583X_TxFrameProc
<LI><a href="#[67]">&gt;&gt;</a>&nbsp;&nbsp;&nbsp;ATA583X_SPIProc
<LI><a href="#[6f]">&gt;&gt;</a>&nbsp;&nbsp;&nbsp;ATA583X_RFTxFrameProc
</UL>

<P><STRONG><a name="[154]"></a>wfFlash_ReadDoubleWords</STRONG> (Thumb, 22 bytes, Stack size 8 bytes, variables.o(i.wfFlash_ReadDoubleWords))
<BR><BR>[Stack]<UL><LI>Max Depth = 8<LI>Call Chain = wfFlash_ReadDoubleWords
</UL>
<BR>[Called By]<UL><LI><a href="#[8c]">&gt;&gt;</a>&nbsp;&nbsp;&nbsp;USBProc
</UL>
<P>
<H3>
Local Symbols
</H3>
<P><STRONG><a name="[8b]"></a>__NVIC_SystemReset</STRONG> (Thumb, 26 bytes, Stack size 0 bytes, buttonproc.o(i.__NVIC_SystemReset))
<BR><BR>[Called By]<UL><LI><a href="#[85]">&gt;&gt;</a>&nbsp;&nbsp;&nbsp;ButtionProc
</UL>

<P><STRONG><a name="[a7]"></a>__NVIC_SystemReset</STRONG> (Thumb, 26 bytes, Stack size 0 bytes, function.o(i.__NVIC_SystemReset))
<BR><BR>[Called By]<UL><LI><a href="#[81]">&gt;&gt;</a>&nbsp;&nbsp;&nbsp;UsedDEC
<LI><a href="#[83]">&gt;&gt;</a>&nbsp;&nbsp;&nbsp;GetKeyState
</UL>

<P><STRONG><a name="[144]"></a>IntToUnicode</STRONG> (Thumb, 56 bytes, Stack size 20 bytes, usbd_desc.o(i.IntToUnicode))
<BR><BR>[Stack]<UL><LI>Max Depth = 20<LI>Call Chain = IntToUnicode
</UL>
<BR>[Called By]<UL><LI><a href="#[4]">&gt;&gt;</a>&nbsp;&nbsp;&nbsp;USBD_FS_SerialStrDescriptor
</UL>

<P><STRONG><a name="[9]"></a>CUSTOM_HID_DeInit_FS</STRONG> (Thumb, 4 bytes, Stack size 0 bytes, usbd_custom_hid_if.o(i.CUSTOM_HID_DeInit_FS))
<BR>[Address Reference Count : 1]<UL><LI> usbd_custom_hid_if.o(.data)
</UL>
<P><STRONG><a name="[8]"></a>CUSTOM_HID_Init_FS</STRONG> (Thumb, 4 bytes, Stack size 0 bytes, usbd_custom_hid_if.o(i.CUSTOM_HID_Init_FS))
<BR>[Address Reference Count : 1]<UL><LI> usbd_custom_hid_if.o(.data)
</UL>
<P><STRONG><a name="[a]"></a>CUSTOM_HID_OutEvent_FS</STRONG> (Thumb, 16 bytes, Stack size 8 bytes, usbd_custom_hid_if.o(i.CUSTOM_HID_OutEvent_FS))
<BR><BR>[Stack]<UL><LI>Max Depth = 372<LI>Call Chain = CUSTOM_HID_OutEvent_FS &rArr; USBProc &rArr; GetKeyParam &rArr; GetLeftTimeBlock &rArr; FixDataBlock &rArr; HashCalc_N &rArr; lcyHashCalc &rArr; lcyHashOnce &rArr; sub_half &rArr; sub_cal_R_B &rArr; sub_Mixed_B
</UL>
<BR>[Calls]<UL><LI><a href="#[8c]">&gt;&gt;</a>&nbsp;&nbsp;&nbsp;USBProc
</UL>
<BR>[Address Reference Count : 1]<UL><LI> usbd_custom_hid_if.o(.data)
</UL>
<P><STRONG><a name="[cd]"></a>PCD_EP_ISR_Handler</STRONG> (Thumb, 668 bytes, Stack size 40 bytes, stm32l4xx_hal_pcd.o(i.PCD_EP_ISR_Handler))
<BR><BR>[Stack]<UL><LI>Max Depth = 164<LI>Call Chain = PCD_EP_ISR_Handler &rArr; HAL_PCD_SetupStageCallback &rArr; USBD_LL_SetupStage &rArr; USBD_StdDevReq &rArr; USBD_GetDescriptor &rArr; USBD_CtlSendData &rArr; USBD_LL_Transmit &rArr; HAL_PCD_EP_Transmit &rArr; USB_EPStartXfer &rArr; USB_WritePMA
</UL>
<BR>[Calls]<UL><LI><a href="#[120]">&gt;&gt;</a>&nbsp;&nbsp;&nbsp;USB_ReadPMA
<LI><a href="#[ca]">&gt;&gt;</a>&nbsp;&nbsp;&nbsp;HAL_PCD_EP_Transmit
<LI><a href="#[c5]">&gt;&gt;</a>&nbsp;&nbsp;&nbsp;HAL_PCD_EP_Receive
<LI><a href="#[e4]">&gt;&gt;</a>&nbsp;&nbsp;&nbsp;HAL_PCD_SetupStageCallback
<LI><a href="#[bd]">&gt;&gt;</a>&nbsp;&nbsp;&nbsp;HAL_PCD_DataOutStageCallback
<LI><a href="#[bb]">&gt;&gt;</a>&nbsp;&nbsp;&nbsp;HAL_PCD_DataInStageCallback
</UL>
<BR>[Called By]<UL><LI><a href="#[cb]">&gt;&gt;</a>&nbsp;&nbsp;&nbsp;HAL_PCD_IRQHandler
</UL>

<P><STRONG><a name="[104]"></a>TIM_OC1_SetConfig</STRONG> (Thumb, 104 bytes, Stack size 20 bytes, stm32l4xx_hal_tim.o(i.TIM_OC1_SetConfig))
<BR><BR>[Stack]<UL><LI>Max Depth = 20<LI>Call Chain = TIM_OC1_SetConfig
</UL>
<BR>[Called By]<UL><LI><a href="#[103]">&gt;&gt;</a>&nbsp;&nbsp;&nbsp;HAL_TIM_PWM_ConfigChannel
</UL>

<P><STRONG><a name="[106]"></a>TIM_OC3_SetConfig</STRONG> (Thumb, 100 bytes, Stack size 12 bytes, stm32l4xx_hal_tim.o(i.TIM_OC3_SetConfig))
<BR><BR>[Stack]<UL><LI>Max Depth = 12<LI>Call Chain = TIM_OC3_SetConfig
</UL>
<BR>[Called By]<UL><LI><a href="#[103]">&gt;&gt;</a>&nbsp;&nbsp;&nbsp;HAL_TIM_PWM_ConfigChannel
</UL>

<P><STRONG><a name="[107]"></a>TIM_OC4_SetConfig</STRONG> (Thumb, 80 bytes, Stack size 12 bytes, stm32l4xx_hal_tim.o(i.TIM_OC4_SetConfig))
<BR><BR>[Stack]<UL><LI>Max Depth = 12<LI>Call Chain = TIM_OC4_SetConfig
</UL>
<BR>[Called By]<UL><LI><a href="#[103]">&gt;&gt;</a>&nbsp;&nbsp;&nbsp;HAL_TIM_PWM_ConfigChannel
</UL>

<P><STRONG><a name="[108]"></a>TIM_OC5_SetConfig</STRONG> (Thumb, 74 bytes, Stack size 12 bytes, stm32l4xx_hal_tim.o(i.TIM_OC5_SetConfig))
<BR><BR>[Stack]<UL><LI>Max Depth = 12<LI>Call Chain = TIM_OC5_SetConfig
</UL>
<BR>[Called By]<UL><LI><a href="#[103]">&gt;&gt;</a>&nbsp;&nbsp;&nbsp;HAL_TIM_PWM_ConfigChannel
</UL>

<P><STRONG><a name="[109]"></a>TIM_OC6_SetConfig</STRONG> (Thumb, 76 bytes, Stack size 12 bytes, stm32l4xx_hal_tim.o(i.TIM_OC6_SetConfig))
<BR><BR>[Stack]<UL><LI>Max Depth = 12<LI>Call Chain = TIM_OC6_SetConfig
</UL>
<BR>[Called By]<UL><LI><a href="#[103]">&gt;&gt;</a>&nbsp;&nbsp;&nbsp;HAL_TIM_PWM_ConfigChannel
</UL>

<P><STRONG><a name="[f6]"></a>TIM_TI2_SetConfig</STRONG> (Thumb, 54 bytes, Stack size 12 bytes, stm32l4xx_hal_tim.o(i.TIM_TI2_SetConfig))
<BR><BR>[Stack]<UL><LI>Max Depth = 12<LI>Call Chain = TIM_TI2_SetConfig
</UL>
<BR>[Called By]<UL><LI><a href="#[f4]">&gt;&gt;</a>&nbsp;&nbsp;&nbsp;HAL_TIM_IC_ConfigChannel
</UL>

<P><STRONG><a name="[ed]"></a>RCC_SetFlashLatencyFromMSIRange</STRONG> (Thumb, 116 bytes, Stack size 24 bytes, stm32l4xx_hal_rcc.o(i.RCC_SetFlashLatencyFromMSIRange))
<BR><BR>[Stack]<UL><LI>Max Depth = 24<LI>Call Chain = RCC_SetFlashLatencyFromMSIRange
</UL>
<BR>[Calls]<UL><LI><a href="#[123]">&gt;&gt;</a>&nbsp;&nbsp;&nbsp;HAL_PWREx_GetVoltageRange
</UL>
<BR>[Called By]<UL><LI><a href="#[ec]">&gt;&gt;</a>&nbsp;&nbsp;&nbsp;HAL_RCC_OscConfig
</UL>

<P><STRONG><a name="[ae]"></a>FLASH_Program_DoubleWord</STRONG> (Thumb, 22 bytes, Stack size 8 bytes, stm32l4xx_hal_flash.o(i.FLASH_Program_DoubleWord))
<BR><BR>[Stack]<UL><LI>Max Depth = 8<LI>Call Chain = FLASH_Program_DoubleWord
</UL>
<BR>[Called By]<UL><LI><a href="#[ad]">&gt;&gt;</a>&nbsp;&nbsp;&nbsp;HAL_FLASH_Program
</UL>

<P><STRONG><a name="[af]"></a>FLASH_Program_Fast</STRONG> (Thumb, 38 bytes, Stack size 8 bytes, stm32l4xx_hal_flash.o(i.FLASH_Program_Fast))
<BR><BR>[Stack]<UL><LI>Max Depth = 8<LI>Call Chain = FLASH_Program_Fast
</UL>
<BR>[Called By]<UL><LI><a href="#[ad]">&gt;&gt;</a>&nbsp;&nbsp;&nbsp;HAL_FLASH_Program
</UL>

<P><STRONG><a name="[a9]"></a>FLASH_MassErase</STRONG> (Thumb, 24 bytes, Stack size 0 bytes, stm32l4xx_hal_flash_ex.o(i.FLASH_MassErase))
<BR><BR>[Called By]<UL><LI><a href="#[a8]">&gt;&gt;</a>&nbsp;&nbsp;&nbsp;HAL_FLASHEx_Erase
</UL>

<P><STRONG><a name="[9b]"></a>FLASH_OB_PCROPConfig</STRONG> (Thumb, 98 bytes, Stack size 24 bytes, stm32l4xx_hal_flash_ex.o(i.FLASH_OB_PCROPConfig))
<BR><BR>[Stack]<UL><LI>Max Depth = 40<LI>Call Chain = FLASH_OB_PCROPConfig &rArr; FLASH_WaitForLastOperation
</UL>
<BR>[Calls]<UL><LI><a href="#[9c]">&gt;&gt;</a>&nbsp;&nbsp;&nbsp;FLASH_WaitForLastOperation
</UL>
<BR>[Called By]<UL><LI><a href="#[ac]">&gt;&gt;</a>&nbsp;&nbsp;&nbsp;HAL_FLASHEx_OBProgram
</UL>

<P><STRONG><a name="[9d]"></a>FLASH_OB_UserConfig</STRONG> (Thumb, 242 bytes, Stack size 24 bytes, stm32l4xx_hal_flash_ex.o(i.FLASH_OB_UserConfig))
<BR><BR>[Stack]<UL><LI>Max Depth = 40<LI>Call Chain = FLASH_OB_UserConfig &rArr; FLASH_WaitForLastOperation
</UL>
<BR>[Calls]<UL><LI><a href="#[9c]">&gt;&gt;</a>&nbsp;&nbsp;&nbsp;FLASH_WaitForLastOperation
</UL>
<BR>[Called By]<UL><LI><a href="#[ac]">&gt;&gt;</a>&nbsp;&nbsp;&nbsp;HAL_FLASHEx_OBProgram
</UL>

<P><STRONG><a name="[b6]"></a>__NVIC_SetPriority</STRONG> (Thumb, 32 bytes, Stack size 0 bytes, stm32l4xx_hal_cortex.o(i.__NVIC_SetPriority))
<BR><BR>[Called By]<UL><LI><a href="#[b5]">&gt;&gt;</a>&nbsp;&nbsp;&nbsp;HAL_NVIC_SetPriority
<LI><a href="#[b4]">&gt;&gt;</a>&nbsp;&nbsp;&nbsp;HAL_SYSTICK_Config
</UL>

<P><STRONG><a name="[145]"></a>USBD_GetDescriptor</STRONG> (Thumb, 254 bytes, Stack size 24 bytes, usbd_ctlreq.o(i.USBD_GetDescriptor))
<BR><BR>[Stack]<UL><LI>Max Depth = 84<LI>Call Chain = USBD_GetDescriptor &rArr; USBD_CtlSendData &rArr; USBD_LL_Transmit &rArr; HAL_PCD_EP_Transmit &rArr; USB_EPStartXfer &rArr; USB_WritePMA
</UL>
<BR>[Calls]<UL><LI><a href="#[13c]">&gt;&gt;</a>&nbsp;&nbsp;&nbsp;USBD_CtlSendData
<LI><a href="#[13d]">&gt;&gt;</a>&nbsp;&nbsp;&nbsp;USBD_CtlError
<LI><a href="#[142]">&gt;&gt;</a>&nbsp;&nbsp;&nbsp;USBD_CtlSendStatus
</UL>
<BR>[Called By]<UL><LI><a href="#[14c]">&gt;&gt;</a>&nbsp;&nbsp;&nbsp;USBD_StdDevReq
</UL>

<P><STRONG><a name="[150]"></a>USBD_SetConfig</STRONG> (Thumb, 128 bytes, Stack size 16 bytes, usbd_ctlreq.o(i.USBD_SetConfig))
<BR><BR>[Stack]<UL><LI>Max Depth = 76<LI>Call Chain = USBD_SetConfig &rArr; USBD_CtlSendStatus &rArr; USBD_LL_Transmit &rArr; HAL_PCD_EP_Transmit &rArr; USB_EPStartXfer &rArr; USB_WritePMA
</UL>
<BR>[Calls]<UL><LI><a href="#[13d]">&gt;&gt;</a>&nbsp;&nbsp;&nbsp;USBD_CtlError
<LI><a href="#[142]">&gt;&gt;</a>&nbsp;&nbsp;&nbsp;USBD_CtlSendStatus
<LI><a href="#[152]">&gt;&gt;</a>&nbsp;&nbsp;&nbsp;USBD_SetClassConfig
<LI><a href="#[151]">&gt;&gt;</a>&nbsp;&nbsp;&nbsp;USBD_ClrClassConfig
</UL>
<BR>[Called By]<UL><LI><a href="#[14c]">&gt;&gt;</a>&nbsp;&nbsp;&nbsp;USBD_StdDevReq
</UL>

<P><STRONG><a name="[f]"></a>USBD_CUSTOM_HID_DataIn</STRONG> (Thumb, 14 bytes, Stack size 0 bytes, usbd_customhid.o(i.USBD_CUSTOM_HID_DataIn))
<BR>[Address Reference Count : 1]<UL><LI> usbd_customhid.o(.data)
</UL>
<P><STRONG><a name="[10]"></a>USBD_CUSTOM_HID_DataOut</STRONG> (Thumb, 36 bytes, Stack size 16 bytes, usbd_customhid.o(i.USBD_CUSTOM_HID_DataOut))
<BR><BR>[Stack]<UL><LI>Max Depth = 68<LI>Call Chain = USBD_CUSTOM_HID_DataOut &rArr; USBD_LL_PrepareReceive &rArr; HAL_PCD_EP_Receive &rArr; USB_EPStartXfer &rArr; USB_WritePMA
</UL>
<BR>[Calls]<UL><LI><a href="#[134]">&gt;&gt;</a>&nbsp;&nbsp;&nbsp;USBD_LL_PrepareReceive
</UL>
<BR>[Address Reference Count : 1]<UL><LI> usbd_customhid.o(.data)
</UL>
<P><STRONG><a name="[c]"></a>USBD_CUSTOM_HID_DeInit</STRONG> (Thumb, 56 bytes, Stack size 16 bytes, usbd_customhid.o(i.USBD_CUSTOM_HID_DeInit))
<BR><BR>[Stack]<UL><LI>Max Depth = 68<LI>Call Chain = USBD_CUSTOM_HID_DeInit &rArr; USBD_LL_CloseEP &rArr; HAL_PCD_EP_Close &rArr; USB_DeactivateEndpoint
</UL>
<BR>[Calls]<UL><LI><a href="#[136]">&gt;&gt;</a>&nbsp;&nbsp;&nbsp;USBD_static_free
<LI><a href="#[135]">&gt;&gt;</a>&nbsp;&nbsp;&nbsp;USBD_LL_CloseEP
</UL>
<BR>[Address Reference Count : 1]<UL><LI> usbd_customhid.o(.data)
</UL>
<P><STRONG><a name="[e]"></a>USBD_CUSTOM_HID_EP0_RxReady</STRONG> (Thumb, 34 bytes, Stack size 8 bytes, usbd_customhid.o(i.USBD_CUSTOM_HID_EP0_RxReady))
<BR><BR>[Stack]<UL><LI>Max Depth = 8<LI>Call Chain = USBD_CUSTOM_HID_EP0_RxReady
</UL>
<BR>[Address Reference Count : 1]<UL><LI> usbd_customhid.o(.data)
</UL>
<P><STRONG><a name="[14]"></a>USBD_CUSTOM_HID_GetDeviceQualifierDesc</STRONG> (Thumb, 8 bytes, Stack size 0 bytes, usbd_customhid.o(i.USBD_CUSTOM_HID_GetDeviceQualifierDesc))
<BR>[Address Reference Count : 1]<UL><LI> usbd_customhid.o(.data)
</UL>
<P><STRONG><a name="[12]"></a>USBD_CUSTOM_HID_GetFSCfgDesc</STRONG> (Thumb, 8 bytes, Stack size 0 bytes, usbd_customhid.o(i.USBD_CUSTOM_HID_GetFSCfgDesc))
<BR>[Address Reference Count : 1]<UL><LI> usbd_customhid.o(.data)
</UL>
<P><STRONG><a name="[11]"></a>USBD_CUSTOM_HID_GetHSCfgDesc</STRONG> (Thumb, 8 bytes, Stack size 0 bytes, usbd_customhid.o(i.USBD_CUSTOM_HID_GetHSCfgDesc))
<BR>[Address Reference Count : 1]<UL><LI> usbd_customhid.o(.data)
</UL>
<P><STRONG><a name="[13]"></a>USBD_CUSTOM_HID_GetOtherSpeedCfgDesc</STRONG> (Thumb, 8 bytes, Stack size 0 bytes, usbd_customhid.o(i.USBD_CUSTOM_HID_GetOtherSpeedCfgDesc))
<BR>[Address Reference Count : 1]<UL><LI> usbd_customhid.o(.data)
</UL>
<P><STRONG><a name="[b]"></a>USBD_CUSTOM_HID_Init</STRONG> (Thumb, 84 bytes, Stack size 16 bytes, usbd_customhid.o(i.USBD_CUSTOM_HID_Init))
<BR><BR>[Stack]<UL><LI>Max Depth = 88<LI>Call Chain = USBD_CUSTOM_HID_Init &rArr; USBD_LL_OpenEP &rArr; HAL_PCD_EP_Open &rArr; USB_ActivateEndpoint
</UL>
<BR>[Calls]<UL><LI><a href="#[138]">&gt;&gt;</a>&nbsp;&nbsp;&nbsp;USBD_static_malloc
<LI><a href="#[134]">&gt;&gt;</a>&nbsp;&nbsp;&nbsp;USBD_LL_PrepareReceive
<LI><a href="#[137]">&gt;&gt;</a>&nbsp;&nbsp;&nbsp;USBD_LL_OpenEP
</UL>
<BR>[Address Reference Count : 1]<UL><LI> usbd_customhid.o(.data)
</UL>
<P><STRONG><a name="[d]"></a>USBD_CUSTOM_HID_Setup</STRONG> (Thumb, 218 bytes, Stack size 24 bytes, usbd_customhid.o(i.USBD_CUSTOM_HID_Setup))
<BR><BR>[Stack]<UL><LI>Max Depth = 84<LI>Call Chain = USBD_CUSTOM_HID_Setup &rArr; USBD_CtlSendData &rArr; USBD_LL_Transmit &rArr; HAL_PCD_EP_Transmit &rArr; USB_EPStartXfer &rArr; USB_WritePMA
</UL>
<BR>[Calls]<UL><LI><a href="#[13c]">&gt;&gt;</a>&nbsp;&nbsp;&nbsp;USBD_CtlSendData
<LI><a href="#[13d]">&gt;&gt;</a>&nbsp;&nbsp;&nbsp;USBD_CtlError
<LI><a href="#[13b]">&gt;&gt;</a>&nbsp;&nbsp;&nbsp;USBD_CtlPrepareRx
</UL>
<BR>[Address Reference Count : 1]<UL><LI> usbd_customhid.o(.data)
</UL><P>
<H3>
Undefined Global Symbols
</H3><HR></body></html>
