Component: ARM Compiler 5.06 (build 20) Tool: armlink [4d35a3]

==============================================================================

Section Cross References

    startup_stm32l412xx.o(RESET) refers to startup_stm32l412xx.o(STACK) for __initial_sp
    startup_stm32l412xx.o(RESET) refers to startup_stm32l412xx.o(.text) for Reset_Handler
    startup_stm32l412xx.o(RESET) refers to stm32l4xx_it.o(i.NMI_Handler) for NMI_Handler
    startup_stm32l412xx.o(RESET) refers to stm32l4xx_it.o(i.HardFault_Handler) for HardFault_Handler
    startup_stm32l412xx.o(RESET) refers to stm32l4xx_it.o(i.MemManage_Handler) for MemManage_Handler
    startup_stm32l412xx.o(RESET) refers to stm32l4xx_it.o(i.BusFault_Handler) for BusFault_Handler
    startup_stm32l412xx.o(RESET) refers to stm32l4xx_it.o(i.UsageFault_Handler) for UsageFault_Handler
    startup_stm32l412xx.o(RESET) refers to stm32l4xx_it.o(i.SVC_Handler) for SVC_Handler
    startup_stm32l412xx.o(RESET) refers to stm32l4xx_it.o(i.DebugMon_Handler) for DebugMon_Handler
    startup_stm32l412xx.o(RESET) refers to stm32l4xx_it.o(i.PendSV_Handler) for PendSV_Handler
    startup_stm32l412xx.o(RESET) refers to stm32l4xx_it.o(i.SysTick_Handler) for SysTick_Handler
    startup_stm32l412xx.o(RESET) refers to stm32l4xx_it.o(i.USB_IRQHandler) for USB_IRQHandler
    startup_stm32l412xx.o(.text) refers to system_stm32l4xx.o(i.SystemInit) for SystemInit
    startup_stm32l412xx.o(.text) refers to entry.o(.ARM.Collect$$$$00000000) for __main
    wfsys.o(i.wfDelay_init) refers to wfsys.o(.data) for .data
    wfsys.o(i.wfDelay_us) refers to wfsys.o(.data) for .data
    lcyhash.o(i.GetlcyHashN) refers to lcyhash.o(i.lcyHashCalc) for lcyHashCalc
    lcyhash.o(i.GetlcyHashN) refers to lcyhash.o(.data) for .data
    lcyhash.o(i.GetlcyHashOnce) refers to lcyhash.o(i.lcyHashOnce) for lcyHashOnce
    lcyhash.o(i.GetlcyHashOnce) refers to lcyhash.o(.data) for .data
    lcyhash.o(i.lcyHashCalc) refers to lcyhash.o(i.lcyHashOnce) for lcyHashOnce
    lcyhash.o(i.lcyHashCalc) refers to lcyhash.o(.data) for .data
    lcyhash.o(i.lcyHashInit) refers to lcyhash.o(.data) for .data
    lcyhash.o(i.lcyHashOnce) refers to lcyhash.o(i.sub_half) for sub_half
    lcyhash.o(i.lcyHashOnce) refers to lcyhash.o(i.sub_add) for sub_add
    lcyhash.o(i.lcyHashOnce) refers to lcyhash.o(.data) for .data
    lcyhash.o(i.lcyHashOnce) refers to lcyhash.o(.bss) for .bss
    lcyhash.o(i.lcyHashRead) refers to lcyhash.o(.data) for .data
    lcyhash.o(i.loadTab) refers to lcyhash.o(.data) for .data
    lcyhash.o(i.loadTab) refers to lcyhash.o(.bss) for .bss
    lcyhash.o(i.sub_Mixed_A) refers to lcyhash.o(.bss) for .bss
    lcyhash.o(i.sub_Mixed_B) refers to lcyhash.o(.bss) for .bss
    lcyhash.o(i.sub_Shift_L) refers to lcyhash.o(.bss) for .bss
    lcyhash.o(i.sub_Shift_R) refers to lcyhash.o(.bss) for .bss
    lcyhash.o(i.sub_add) refers to lcyhash.o(.data) for .data
    lcyhash.o(i.sub_add_4B) refers to lcyhash.o(.bss) for .bss
    lcyhash.o(i.sub_cal0) refers to lcyhash.o(i.sub_add_4B) for sub_add_4B
    lcyhash.o(i.sub_cal0) refers to lcyhash.o(.bss) for .bss
    lcyhash.o(i.sub_cal0) refers to lcyhash.o(.data) for .data
    lcyhash.o(i.sub_cal1) refers to lcyhash.o(i.sub_add_4B) for sub_add_4B
    lcyhash.o(i.sub_cal1) refers to lcyhash.o(.data) for .data
    lcyhash.o(i.sub_cal2) refers to lcyhash.o(i.sub_add_4B) for sub_add_4B
    lcyhash.o(i.sub_cal2) refers to lcyhash.o(.bss) for .bss
    lcyhash.o(i.sub_cal2) refers to lcyhash.o(.data) for .data
    lcyhash.o(i.sub_cal3) refers to lcyhash.o(i.sub_add_4B) for sub_add_4B
    lcyhash.o(i.sub_cal3) refers to lcyhash.o(.bss) for .bss
    lcyhash.o(i.sub_cal3) refers to lcyhash.o(.data) for .data
    lcyhash.o(i.sub_cal_L_A) refers to lcyhash.o(i.sub_Shift_L) for sub_Shift_L
    lcyhash.o(i.sub_cal_L_A) refers to lcyhash.o(i.sub_Mixed_A) for sub_Mixed_A
    lcyhash.o(i.sub_cal_L_B) refers to lcyhash.o(i.sub_Shift_L) for sub_Shift_L
    lcyhash.o(i.sub_cal_L_B) refers to lcyhash.o(i.sub_Mixed_B) for sub_Mixed_B
    lcyhash.o(i.sub_cal_R_A) refers to lcyhash.o(i.sub_Shift_R) for sub_Shift_R
    lcyhash.o(i.sub_cal_R_A) refers to lcyhash.o(i.sub_Mixed_A) for sub_Mixed_A
    lcyhash.o(i.sub_cal_R_B) refers to lcyhash.o(i.sub_Shift_R) for sub_Shift_R
    lcyhash.o(i.sub_cal_R_B) refers to lcyhash.o(i.sub_Mixed_B) for sub_Mixed_B
    lcyhash.o(i.sub_half) refers to lcyhash.o(i.loadTab) for loadTab
    lcyhash.o(i.sub_half) refers to lcyhash.o(i.sub_cal0) for sub_cal0
    lcyhash.o(i.sub_half) refers to lcyhash.o(i.sub_cal1) for sub_cal1
    lcyhash.o(i.sub_half) refers to lcyhash.o(i.sub_cal_L_A) for sub_cal_L_A
    lcyhash.o(i.sub_half) refers to lcyhash.o(i.sub_Mixed_A) for sub_Mixed_A
    lcyhash.o(i.sub_half) refers to lcyhash.o(i.sub_cal2) for sub_cal2
    lcyhash.o(i.sub_half) refers to lcyhash.o(i.sub_cal_R_A) for sub_cal_R_A
    lcyhash.o(i.sub_half) refers to lcyhash.o(i.sub_cal_R_B) for sub_cal_R_B
[...]
    i.FLASH_PageErase                        0x0800050c   Section        0  stm32l4xx_hal_flash_ex.o(i.FLASH_PageErase)
    i.FLASH_Program_DoubleWord               0x08000534   Section        0  stm32l4xx_hal_flash.o(i.FLASH_Program_DoubleWord)
    FLASH_Program_DoubleWord                 0x08000535   Thumb Code    22  stm32l4xx_hal_flash.o(i.FLASH_Program_DoubleWord)
    i.FLASH_Program_Fast                     0x08000550   Section        0  stm32l4xx_hal_flash.o(i.FLASH_Program_Fast)
    FLASH_Program_Fast                       0x08000551   Thumb Code    38  stm32l4xx_hal_flash.o(i.FLASH_Program_Fast)
    i.FLASH_WaitForLastOperation             0x0800057c   Section        0  stm32l4xx_hal_flash.o(i.FLASH_WaitForLastOperation)
    i.FixDataBlock                           0x080005f4   Section        0  function.o(i.FixDataBlock)
    i.GetCalcTimes69                         0x08000678   Section        0  function.o(i.GetCalcTimes69)
    i.GetKeyParam                            0x08000708   Section        0  function.o(i.GetKeyParam)
    i.GetKeyState                            0x080008a0   Section        0  function.o(i.GetKeyState)
    i.GetLeftTimeBlock                       0x0800097c   Section        0  function.o(i.GetLeftTimeBlock)
    i.GetVerify_byteXOR                      0x08000ce4   Section        0  verify.o(i.GetVerify_byteXOR)
    i.HAL_Delay                              0x08000cfc   Section        0  stm32l4xx_hal.o(i.HAL_Delay)
    i.HAL_FLASHEx_Erase                      0x08000d20   Section        0  stm32l4xx_hal_flash_ex.o(i.HAL_FLASHEx_Erase)
    i.HAL_FLASHEx_OBGetConfig                0x08000e04   Section        0  stm32l4xx_hal_flash_ex.o(i.HAL_FLASHEx_OBGetConfig)
    i.HAL_FLASHEx_OBProgram                  0x08000e98   Section        0  stm32l4xx_hal_flash_ex.o(i.HAL_FLASHEx_OBProgram)
    i.HAL_FLASH_Lock                         0x08000fb0   Section        0  stm32l4xx_hal_flash.o(i.HAL_FLASH_Lock)
    i.HAL_FLASH_OB_Lock                      0x08000fc4   Section        0  stm32l4xx_hal_flash.o(i.HAL_FLASH_OB_Lock)
    i.HAL_FLASH_OB_Unlock                    0x08000fd8   Section        0  stm32l4xx_hal_flash.o(i.HAL_FLASH_OB_Unlock)
    i.HAL_FLASH_Program                      0x08000ffc   Section        0  stm32l4xx_hal_flash.o(i.HAL_FLASH_Program)
    i.HAL_FLASH_Unlock                       0x080010a8   Section        0  stm32l4xx_hal_flash.o(i.HAL_FLASH_Unlock)
    i.HAL_GPIO_Init                          0x080010d0   Section        0  stm32l4xx_hal_gpio.o(i.HAL_GPIO_Init)
    i.HAL_GPIO_ReadPin                       0x08001256   Section        0  stm32l4xx_hal_gpio.o(i.HAL_GPIO_ReadPin)
    i.HAL_GPIO_TogglePin                     0x08001260   Section        0  stm32l4xx_hal_gpio.o(i.HAL_GPIO_TogglePin)
    i.HAL_GPIO_WritePin                      0x0800126e   Section        0  stm32l4xx_hal_gpio.o(i.HAL_GPIO_WritePin)
    i.HAL_GetTick                            0x08001278   Section        0  stm32l4xx_hal.o(i.HAL_GetTick)
    i.HAL_IncTick                            0x08001284   Section        0  stm32l4xx_hal.o(i.HAL_IncTick)
    i.HAL_Init                               0x08001294   Section        0  stm32l4xx_hal.o(i.HAL_Init)
    i.HAL_InitTick                           0x080012b4   Section        0  stm32l4xx_hal.o(i.HAL_InitTick)
    i.HAL_MspInit                            0x080012f8   Section        0  stm32l4xx_hal_msp.o(i.HAL_MspInit)
    i.HAL_NVIC_EnableIRQ                     0x08001324   Section        0  stm32l4xx_hal_cortex.o(i.HAL_NVIC_EnableIRQ)
    i.HAL_NVIC_SetPriority                   0x08001340   Section        0  stm32l4xx_hal_cortex.o(i.HAL_NVIC_SetPriority)
    i.HAL_NVIC_SetPriorityGrouping           0x08001380   Section        0  stm32l4xx_hal_cortex.o(i.HAL_NVIC_SetPriorityGrouping)
    i.HAL_PCDEx_ActivateLPM                  0x080013a4   Section        0  stm32l4xx_hal_pcd_ex.o(i.HAL_PCDEx_ActivateLPM)
    i.HAL_PCDEx_LPM_Callback                 0x080013c8   Section        0  usbd_conf.o(i.HAL_PCDEx_LPM_Callback)
    i.HAL_PCDEx_PMAConfig                    0x0800140c   Section        0  stm32l4xx_hal_pcd_ex.o(i.HAL_PCDEx_PMAConfig)
    i.HAL_PCD_DataInStageCallback            0x08001440   Section        0  usbd_conf.o(i.HAL_PCD_DataInStageCallback)
    i.HAL_PCD_DataOutStageCallback           0x0800144e   Section        0  usbd_conf.o(i.HAL_PCD_DataOutStageCallback)
    i.HAL_PCD_EP_Close                       0x0800145e   Section        0  stm32l4xx_hal_pcd.o(i.HAL_PCD_EP_Close)
    i.HAL_PCD_EP_ClrStall                    0x080014a6   Section        0  stm32l4xx_hal_pcd.o(i.HAL_PCD_EP_ClrStall)
    i.HAL_PCD_EP_Open                        0x080014fe   Section        0  stm32l4xx_hal_pcd.o(i.HAL_PCD_EP_Open)
    i.HAL_PCD_EP_Receive                     0x0800155a   Section        0  stm32l4xx_hal_pcd.o(i.HAL_PCD_EP_Receive)
    i.HAL_PCD_EP_SetStall                    0x08001588   Section        0  stm32l4xx_hal_pcd.o(i.HAL_PCD_EP_SetStall)
    i.HAL_PCD_EP_Transmit                    0x080015f2   Section        0  stm32l4xx_hal_pcd.o(i.HAL_PCD_EP_Transmit)
    i.HAL_PCD_IRQHandler                     0x0800161c   Section        0  stm32l4xx_hal_pcd.o(i.HAL_PCD_IRQHandler)
    i.HAL_PCD_Init                           0x08001798   Section        0  stm32l4xx_hal_pcd.o(i.HAL_PCD_Init)
    i.HAL_PCD_MspInit                        0x08001878   Section        0  usbd_conf.o(i.HAL_PCD_MspInit)
    i.HAL_PCD_ResetCallback                  0x080018ec   Section        0  usbd_conf.o(i.HAL_PCD_ResetCallback)
    i.HAL_PCD_ResumeCallback                 0x08001914   Section        0  usbd_conf.o(i.HAL_PCD_ResumeCallback)
    i.HAL_PCD_SOFCallback                    0x0800193c   Section        0  usbd_conf.o(i.HAL_PCD_SOFCallback)
    i.HAL_PCD_SetAddress                     0x08001944   Section        0  stm32l4xx_hal_pcd.o(i.HAL_PCD_SetAddress)
    i.HAL_PCD_SetupStageCallback             0x0800196c   Section        0  usbd_conf.o(i.HAL_PCD_SetupStageCallback)
    i.HAL_PCD_Start                          0x0800197a   Section        0  stm32l4xx_hal_pcd.o(i.HAL_PCD_Start)
    i.HAL_PCD_SuspendCallback                0x080019a4   Section        0  usbd_conf.o(i.HAL_PCD_SuspendCallback)
    i.HAL_PWREx_ControlVoltageScaling        0x080019c8   Section        0  stm32l4xx_hal_pwr_ex.o(i.HAL_PWREx_ControlVoltageScaling)
    i.HAL_PWREx_EnableVddUSB                 0x08001a30   Section        0  stm32l4xx_hal_pwr_ex.o(i.HAL_PWREx_EnableVddUSB)
    i.HAL_PWREx_GetVoltageRange              0x08001a40   Section        0  stm32l4xx_hal_pwr_ex.o(i.HAL_PWREx_GetVoltageRange)
    i.HAL_RCCEx_PeriphCLKConfig              0x08001a50   Section        0  stm32l4xx_hal_rcc_ex.o(i.HAL_RCCEx_PeriphCLKConfig)
    i.HAL_RCC_ClockConfig                    0x08001c40   Section        0  stm32l4xx_hal_rcc.o(i.HAL_RCC_ClockConfig)
    i.HAL_RCC_GetSysClockFreq                0x08001d60   Section        0  stm32l4xx_hal_rcc.o(i.HAL_RCC_GetSysClockFreq)
    i.HAL_RCC_OscConfig                      0x08001e04   Section        0  stm32l4xx_hal_rcc.o(i.HAL_RCC_OscConfig)
    i.HAL_SYSTICK_Config                     0x08002384   Section        0  stm32l4xx_hal_cortex.o(i.HAL_SYSTICK_Config)
    i.HardFault_Handler                      0x080023ac   Section        0  stm32l4xx_it.o(i.HardFault_Handler)
    i.HashCalc_N                             0x080023ae   Section        0  function.o(i.HashCalc_N)
    i.IntToUnicode                           0x080023c4   Section        0  usbd_desc.o(i.IntToUnicode)
    IntToUnicode                             0x080023c5   Thumb Code    56  usbd_desc.o(i.IntToUnicode)
    i.MX_GPIO_Init                           0x080023fc   Section        0  gpio.o(i.MX_GPIO_Init)
    i.MX_USB_DEVICE_Init                     0x0800254c   Section        0  usb_device.o(i.MX_USB_DEVICE_Init)
    i.MemManage_Handler                      0x080025a0   Section        0  stm32l4xx_it.o(i.MemManage_Handler)
    i.NMI_Handler                            0x080025a2   Section        0  stm32l4xx_it.o(i.NMI_Handler)
    i.PCD_EP_ISR_Handler                     0x080025a4   Section        0  stm32l4xx_hal_pcd.o(i.PCD_EP_ISR_Handler)
    PCD_EP_ISR_Handler                       0x080025a5   Thumb Code   668  stm32l4xx_hal_pcd.o(i.PCD_EP_ISR_Handler)
    i.PendSV_Handler                         0x08002846   Section        0  stm32l4xx_it.o(i.PendSV_Handler)
    i.RCC_SetFlashLatencyFromMSIRange        0x08002848   Section        0  stm32l4xx_hal_rcc.o(i.RCC_SetFlashLatencyFromMSIRange)
    RCC_SetFlashLatencyFromMSIRange          0x08002849   Thumb Code   116  stm32l4xx_hal_rcc.o(i.RCC_SetFlashLatencyFromMSIRange)
    i.ReverseRom                             0x080028c4   Section        0  function.o(i.ReverseRom)
    i.RomData_ReadByte                       0x080028e0   Section        0  variables.o(i.RomData_ReadByte)
    i.RomData_ReadBytes                      0x080028fc   Section        0  variables.o(i.RomData_ReadBytes)
    i.RomData_WriteByte                      0x08002930   Section        0  variables.o(i.RomData_WriteByte)
    i.RomData_WriteBytes                     0x0800295c   Section        0  variables.o(i.RomData_WriteBytes)
    i.SPIROM_Init                            0x080029a0   Section        0  spirom.o(i.SPIROM_Init)
    i.SPIROM_ReadArray                       0x080029ac   Section        0  spirom.o(i.SPIROM_ReadArray)
    i.SPIROM_ReadByte                        0x08002a3c   Section        0  spirom.o(i.SPIROM_ReadByte)
    i.SPIROM_ReadStatus                      0x08002a88   Section        0  spirom.o(i.SPIROM_ReadStatus)
    i.SPIROM_WriteArray                      0x08002abc   Section        0  spirom.o(i.SPIROM_WriteArray)
    i.SPIROM_WriteByte                       0x08002b44   Section        0  spirom.o(i.SPIROM_WriteByte)
    i.SPIROM_WriteDisable                    0x08002b98   Section        0  spirom.o(i.SPIROM_WriteDisable)
    i.SPIROM_WriteEnable                     0x08002bbc   Section        0  spirom.o(i.SPIROM_WriteEnable)
    i.STMFLASH_Write                         0x08002be0   Section        0  variables.o(i.STMFLASH_Write)
    i.SVC_Handler                            0x08002c38   Section        0  stm32l4xx_it.o(i.SVC_Handler)
    i.SimSPI2_Init                           0x08002c3c   Section        0  simspi.o(i.SimSPI2_Init)
    i.SimSPI2_Proc                           0x08002c4c   Section        0  simspi.o(i.SimSPI2_Proc)
    i.SysTick_Handler                        0x08002cb4   Section        0  stm32l4xx_it.o(i.SysTick_Handler)
    i.SystemClock_Config                     0x08002cb8   Section        0  main.o(i.SystemClock_Config)
    i.SystemInit                             0x08002d2c   Section        0  system_stm32l4xx.o(i.SystemInit)
    i.USBD_CUSTOM_HID_DataIn                 0x08002d70   Section        0  usbd_customhid.o(i.USBD_CUSTOM_HID_DataIn)
    USBD_CUSTOM_HID_DataIn                   0x08002d71   Thumb Code    14  usbd_customhid.o(i.USBD_CUSTOM_HID_DataIn)
    i.USBD_CUSTOM_HID_DataOut                0x08002d7e   Section        0  usbd_customhid.o(i.USBD_CUSTOM_HID_DataOut)
    USBD_CUSTOM_HID_DataOut                  0x08002d7f   Thumb Code    36  usbd_customhid.o(i.USBD_CUSTOM_HID_DataOut)
    i.USBD_CUSTOM_HID_DeInit                 0x08002da2   Section        0  usbd_customhid.o(i.USBD_CUSTOM_HID_DeInit)
    USBD_CUSTOM_HID_DeInit                   0x08002da3   Thumb Code    56  usbd_customhid.o(i.USBD_CUSTOM_HID_DeInit)
    i.USBD_CUSTOM_HID_EP0_RxReady            0x08002dda   Section        0  usbd_customhid.o(i.USBD_CUSTOM_HID_EP0_RxReady)
    USBD_CUSTOM_HID_EP0_RxReady              0x08002ddb   Thumb Code    34  usbd_customhid.o(i.USBD_CUSTOM_HID_EP0_RxReady)
    i.USBD_CUSTOM_HID_GetDeviceQualifierDesc 0x08002dfc   Section        0  usbd_customhid.o(i.USBD_CUSTOM_HID_GetDeviceQualifierDesc)
    USBD_CUSTOM_HID_GetDeviceQualifierDesc   0x08002dfd   Thumb Code     8  usbd_customhid.o(i.USBD_CUSTOM_HID_GetDeviceQualifierDesc)
    i.USBD_CUSTOM_HID_GetFSCfgDesc           0x08002e08   Section        0  usbd_customhid.o(i.USBD_CUSTOM_HID_GetFSCfgDesc)
    USBD_CUSTOM_HID_GetFSCfgDesc             0x08002e09   Thumb Code     8  usbd_customhid.o(i.USBD_CUSTOM_HID_GetFSCfgDesc)
    i.USBD_CUSTOM_HID_GetHSCfgDesc           0x08002e14   Section        0  usbd_customhid.o(i.USBD_CUSTOM_HID_GetHSCfgDesc)
    USBD_CUSTOM_HID_GetHSCfgDesc             0x08002e15   Thumb Code     8  usbd_customhid.o(i.USBD_CUSTOM_HID_GetHSCfgDesc)
    i.USBD_CUSTOM_HID_GetOtherSpeedCfgDesc   0x08002e20   Section        0  usbd_customhid.o(i.USBD_CUSTOM_HID_GetOtherSpeedCfgDesc)
    USBD_CUSTOM_HID_GetOtherSpeedCfgDesc     0x08002e21   Thumb Code     8  usbd_customhid.o(i.USBD_CUSTOM_HID_GetOtherSpeedCfgDesc)
    i.USBD_CUSTOM_HID_Init                   0x08002e2c   Section        0  usbd_customhid.o(i.USBD_CUSTOM_HID_Init)
    USBD_CUSTOM_HID_Init                     0x08002e2d   Thumb Code    84  usbd_customhid.o(i.USBD_CUSTOM_HID_Init)
    i.USBD_CUSTOM_HID_RegisterInterface      0x08002e80   Section        0  usbd_customhid.o(i.USBD_CUSTOM_HID_RegisterInterface)
    i.USBD_CUSTOM_HID_SendReport             0x08002e90   Section        0  usbd_customhid.o(i.USBD_CUSTOM_HID_SendReport)
    i.USBD_CUSTOM_HID_Setup                  0x08002ebc   Section        0  usbd_customhid.o(i.USBD_CUSTOM_HID_Setup)
    USBD_CUSTOM_HID_Setup                    0x08002ebd   Thumb Code   218  usbd_customhid.o(i.USBD_CUSTOM_HID_Setup)
    i.USBD_ClrClassConfig                    0x08002f9c   Section        0  usbd_core.o(i.USBD_ClrClassConfig)
    i.USBD_CtlContinueRx                     0x08002faa   Section        0  usbd_ioreq.o(i.USBD_CtlContinueRx)
    i.USBD_CtlContinueSendData               0x08002fba   Section        0  usbd_ioreq.o(i.USBD_CtlContinueSendData)
    i.USBD_CtlError                          0x08002fca   Section        0  usbd_ctlreq.o(i.USBD_CtlError)
    i.USBD_CtlPrepareRx                      0x08002fe0   Section        0  usbd_ioreq.o(i.USBD_CtlPrepareRx)
    i.USBD_CtlReceiveStatus                  0x08002ffe   Section        0  usbd_ioreq.o(i.USBD_CtlReceiveStatus)
    i.USBD_CtlSendData                       0x08003014   Section        0  usbd_ioreq.o(i.USBD_CtlSendData)
    i.USBD_CtlSendStatus                     0x0800302e   Section        0  usbd_ioreq.o(i.USBD_CtlSendStatus)
    i.USBD_FS_ConfigStrDescriptor            0x08003044   Section        0  usbd_desc.o(i.USBD_FS_ConfigStrDescriptor)
    i.USBD_FS_DeviceDescriptor               0x08003064   Section        0  usbd_desc.o(i.USBD_FS_DeviceDescriptor)
    i.USBD_FS_InterfaceStrDescriptor         0x08003070   Section        0  usbd_desc.o(i.USBD_FS_InterfaceStrDescriptor)
    i.USBD_FS_LangIDStrDescriptor            0x0800308c   Section        0  usbd_desc.o(i.USBD_FS_LangIDStrDescriptor)
    i.USBD_FS_ManufacturerStrDescriptor      0x08003098   Section        0  usbd_desc.o(i.USBD_FS_ManufacturerStrDescriptor)
    i.USBD_FS_ProductStrDescriptor           0x080030b8   Section        0  usbd_desc.o(i.USBD_FS_ProductStrDescriptor)
    i.USBD_FS_SerialStrDescriptor            0x080030ec   Section        0  usbd_desc.o(i.USBD_FS_SerialStrDescriptor)
    i.USBD_FS_USR_BOSDescriptor              0x08003124   Section        0  usbd_desc.o(i.USBD_FS_USR_BOSDescriptor)
    i.USBD_GetDescriptor                     0x08003130   Section        0  usbd_ctlreq.o(i.USBD_GetDescriptor)
    USBD_GetDescriptor                       0x08003131   Thumb Code   254  usbd_ctlreq.o(i.USBD_GetDescriptor)
    i.USBD_GetString                         0x0800322e   Section        0  usbd_ctlreq.o(i.USBD_GetString)
    i.USBD_Init                              0x08003276   Section        0  usbd_core.o(i.USBD_Init)
    i.USBD_LL_ClearStallEP                   0x080032a0   Section        0  usbd_conf.o(i.USBD_LL_ClearStallEP)
    i.USBD_LL_CloseEP                        0x080032c0   Section        0  usbd_conf.o(i.USBD_LL_CloseEP)
    i.USBD_LL_DataInStage                    0x080032e0   Section        0  usbd_core.o(i.USBD_LL_DataInStage)
    i.USBD_LL_DataOutStage                   0x080033a6   Section        0  usbd_core.o(i.USBD_LL_DataOutStage)
    i.USBD_LL_Init                           0x08003428   Section        0  usbd_conf.o(i.USBD_LL_Init)
    i.USBD_LL_IsStallEP                      0x080034a0   Section        0  usbd_conf.o(i.USBD_LL_IsStallEP)
    i.USBD_LL_OpenEP                         0x080034bc   Section        0  usbd_conf.o(i.USBD_LL_OpenEP)
    i.USBD_LL_PrepareReceive                 0x080034e2   Section        0  usbd_conf.o(i.USBD_LL_PrepareReceive)
    i.USBD_LL_Reset                          0x08003502   Section        0  usbd_core.o(i.USBD_LL_Reset)
    i.USBD_LL_Resume                         0x08003552   Section        0  usbd_core.o(i.USBD_LL_Resume)
    i.USBD_LL_SOF                            0x0800355e   Section        0  usbd_core.o(i.USBD_LL_SOF)
    i.USBD_LL_SetSpeed                       0x08003576   Section        0  usbd_core.o(i.USBD_LL_SetSpeed)
    i.USBD_LL_SetUSBAddress                  0x0800357c   Section        0  usbd_conf.o(i.USBD_LL_SetUSBAddress)
    i.USBD_LL_SetupStage                     0x0800359c   Section        0  usbd_core.o(i.USBD_LL_SetupStage)
    i.USBD_LL_StallEP                        0x080035f6   Section        0  usbd_conf.o(i.USBD_LL_StallEP)
    i.USBD_LL_Start                          0x08003616   Section        0  usbd_conf.o(i.USBD_LL_Start)
    i.USBD_LL_Suspend                        0x08003636   Section        0  usbd_core.o(i.USBD_LL_Suspend)
    i.USBD_LL_Transmit                       0x08003648   Section        0  usbd_conf.o(i.USBD_LL_Transmit)
    i.USBD_ParseSetupRequest                 0x08003668   Section        0  usbd_ctlreq.o(i.USBD_ParseSetupRequest)
    i.USBD_RegisterClass                     0x08003690   Section        0  usbd_core.o(i.USBD_RegisterClass)
    i.USBD_SetClassConfig                    0x080036a0   Section        0  usbd_core.o(i.USBD_SetClassConfig)
    i.USBD_SetConfig                         0x080036b8   Section        0  usbd_ctlreq.o(i.USBD_SetConfig)
    USBD_SetConfig                           0x080036b9   Thumb Code   128  usbd_ctlreq.o(i.USBD_SetConfig)
    i.USBD_Start                             0x0800373c   Section        0  usbd_core.o(i.USBD_Start)
    i.USBD_StdDevReq                         0x08003746   Section        0  usbd_ctlreq.o(i.USBD_StdDevReq)
    i.USBD_StdEPReq                          0x08003858   Section        0  usbd_ctlreq.o(i.USBD_StdEPReq)
    i.USBD_StdItfReq                         0x080039a8   Section        0  usbd_ctlreq.o(i.USBD_StdItfReq)
    i.USBD_static_free                       0x080039f6   Section        0  usbd_conf.o(i.USBD_static_free)
    i.USBD_static_malloc                     0x080039f8   Section        0  usbd_conf.o(i.USBD_static_malloc)
    i.USBProc                                0x08003a00   Section        0  usbinteraction.o(i.USBProc)
    i.USB_ActivateEndpoint                   0x08003d06   Section        0  stm32l4xx_ll_usb.o(i.USB_ActivateEndpoint)
    i.USB_CoreInit                           0x08003f66   Section        0  stm32l4xx_ll_usb.o(i.USB_CoreInit)
    i.USB_DeactivateEndpoint                 0x08003f6a   Section        0  stm32l4xx_ll_usb.o(i.USB_DeactivateEndpoint)
    i.USB_DevConnect                         0x08004078   Section        0  stm32l4xx_ll_usb.o(i.USB_DevConnect)
    i.USB_DevDisconnect                      0x08004086   Section        0  stm32l4xx_ll_usb.o(i.USB_DevDisconnect)
    i.USB_DevInit                            0x08004094   Section        0  stm32l4xx_ll_usb.o(i.USB_DevInit)
    i.USB_DisableGlobalInt                   0x080040b2   Section        0  stm32l4xx_ll_usb.o(i.USB_DisableGlobalInt)
    i.USB_EP0_OutStart                       0x080040c2   Section        0  stm32l4xx_ll_usb.o(i.USB_EP0_OutStart)
    i.USB_EPClearStall                       0x080040c6   Section        0  stm32l4xx_ll_usb.o(i.USB_EPClearStall)
    i.USB_EPSetStall                         0x0800413e   Section        0  stm32l4xx_ll_usb.o(i.USB_EPSetStall)
    i.USB_EPStartXfer                        0x08004170   Section        0  stm32l4xx_ll_usb.o(i.USB_EPStartXfer)
    i.USB_EnableGlobalInt                    0x080042f2   Section        0  stm32l4xx_ll_usb.o(i.USB_EnableGlobalInt)
    i.USB_IRQHandler                         0x08004304   Section        0  stm32l4xx_it.o(i.USB_IRQHandler)
    i.USB_ReadInterrupts                     0x08004310   Section        0  stm32l4xx_ll_usb.o(i.USB_ReadInterrupts)
    i.USB_ReadPMA                            0x08004316   Section        0  stm32l4xx_ll_usb.o(i.USB_ReadPMA)
    i.USB_SetCurrentMode                     0x0800433e   Section        0  stm32l4xx_ll_usb.o(i.USB_SetCurrentMode)
    i.USB_SetDevAddress                      0x08004342   Section        0  stm32l4xx_ll_usb.o(i.USB_SetDevAddress)
    i.USB_WritePMA                           0x08004350   Section        0  stm32l4xx_ll_usb.o(i.USB_WritePMA)
    i.UsageFault_Handler                     0x08004376   Section        0  stm32l4xx_it.o(i.UsageFault_Handler)
    i.__NVIC_SetPriority                     0x08004378   Section        0  stm32l4xx_hal_cortex.o(i.__NVIC_SetPriority)
    __NVIC_SetPriority                       0x08004379   Thumb Code    32  stm32l4xx_hal_cortex.o(i.__NVIC_SetPriority)
    i.__NVIC_SystemReset                     0x08004398   Section        0  function.o(i.__NVIC_SystemReset)
    __NVIC_SystemReset                       0x08004399   Thumb Code    26  function.o(i.__NVIC_SystemReset)
    i.__scatterload_copy                     0x080043bc   Section       14  handlers.o(i.__scatterload_copy)
    i.__scatterload_null                     0x080043ca   Section        2  handlers.o(i.__scatterload_null)
    i.__scatterload_zeroinit                 0x080043cc   Section       14  handlers.o(i.__scatterload_zeroinit)
    i.lcyHashCalc                            0x080043dc   Section        0  lcyhash.o(i.lcyHashCalc)
    i.lcyHashInit                            0x0800440c   Section        0  lcyhash.o(i.lcyHashInit)
    i.lcyHashOnce                            0x08004424   Section        0  lcyhash.o(i.lcyHashOnce)
    i.ledFlash                               0x0800446c   Section        0  variables.o(i.ledFlash)
    i.loadTab                                0x08004488   Section        0  lcyhash.o(i.loadTab)
    i.main                                   0x080044e8   Section        0  main.o(i.main)
    i.sub_Mixed_A                            0x08004520   Section        0  lcyhash.o(i.sub_Mixed_A)
    i.sub_Mixed_B                            0x08004568   Section        0  lcyhash.o(i.sub_Mixed_B)
    i.sub_Shift_L                            0x080045b0   Section        0  lcyhash.o(i.sub_Shift_L)
    i.sub_Shift_R                            0x080045f8   Section        0  lcyhash.o(i.sub_Shift_R)
    i.sub_add                                0x08004638   Section        0  lcyhash.o(i.sub_add)
    i.sub_add_4B                             0x080046e8   Section        0  lcyhash.o(i.sub_add_4B)
    i.sub_cal0                               0x0800471c   Section        0  lcyhash.o(i.sub_cal0)
    i.sub_cal1                               0x08004764   Section        0  lcyhash.o(i.sub_cal1)
    i.sub_cal2                               0x08004790   Section        0  lcyhash.o(i.sub_cal2)
    i.sub_cal3                               0x080047dc   Section        0  lcyhash.o(i.sub_cal3)
    i.sub_cal_L_A                            0x08004830   Section        0  lcyhash.o(i.sub_cal_L_A)
    i.sub_cal_R_A                            0x0800483e   Section        0  lcyhash.o(i.sub_cal_R_A)
    i.sub_cal_R_B                            0x0800484c   Section        0  lcyhash.o(i.sub_cal_R_B)
    i.sub_half                               0x0800485a   Section        0  lcyhash.o(i.sub_half)
    i.wfDelay_init                           0x080049e4   Section        0  wfsys.o(i.wfDelay_init)
    i.wfFlash_ReadDoubleWords                0x080049f0   Section        0  variables.o(i.wfFlash_ReadDoubleWords)
    .constdata                               0x08004a0c   Section       17  usbinteraction.o(.constdata)
    .constdata                               0x08004a20   Section       64  system_stm32l4xx.o(.constdata)
    .data                                    0x20000000   Section        4  wfsys.o(.data)
    fac_us                                   0x20000000   Data           4  wfsys.o(.data)
    .data                                    0x20000004   Section       17  lcyhash.o(.data)
    .data                                    0x20000018   Section        4  spirom.o(.data)
    .data                                    0x2000001c   Section        8  variables.o(.data)
    .data                                    0x20000024   Section        4  variables.o(.data)
    .data                                    0x20000028   Section        1  variables.o(.data)
    .data                                    0x20000029   Section        3  variables.o(.data)
    .data                                    0x2000002c   Section        3  variables.o(.data)
    .data                                    0x2000002f   Section        3  variables.o(.data)
    .data                                    0x20000032   Section        1  variables.o(.data)
    .data                                    0x20000033   Section        8  variables.o(.data)
    .data                                    0x2000003b   Section        8  variables.o(.data)
    .data                                    0x20000043   Section        1  variables.o(.data)
    .data                                    0x20000044   Section        4  variables.o(.data)
    .data                                    0x20000048   Section        8  variables.o(.data)
    .data                                    0x20000050   Section        1  variables.o(.data)
    .data                                    0x20000051   Section        1  variables.o(.data)
    .data                                    0x20000054   Section       32  usbd_desc.o(.data)
    .data                                    0x20000074   Section       62  usbd_desc.o(.data)
    .data                                    0x200000b4   Section       34  usbd_custom_hid_if.o(.data)
    CUSTOM_HID_ReportDesc_FS                 0x200000b4   Data          34  usbd_custom_hid_if.o(.data)
    .data                                    0x200000d8   Section       16  usbd_custom_hid_if.o(.data)
    .data                                    0x200000e8   Section       12  stm32l4xx_hal.o(.data)
    .data                                    0x200000f4   Section       32  stm32l4xx_hal_flash.o(.data)
    .data                                    0x20000114   Section        4  system_stm32l4xx.o(.data)
    .data                                    0x20000118   Section        1  usbd_ctlreq.o(.data)
    cfgidx                                   0x20000118   Data           1  usbd_ctlreq.o(.data)
    .data                                    0x2000011c   Section       56  usbd_customhid.o(.data)
    .data                                    0x20000154   Section      154  usbd_customhid.o(.data)
    USBD_CUSTOM_HID_CfgFSDesc                0x20000154   Data          41  usbd_customhid.o(.data)
    USBD_CUSTOM_HID_CfgHSDesc                0x20000180   Data          41  usbd_customhid.o(.data)
    USBD_CUSTOM_HID_OtherSpeedCfgDesc        0x200001ac   Data          41  usbd_customhid.o(.data)
    USBD_CUSTOM_HID_Desc                     0x200001d8   Data           9  usbd_customhid.o(.data)
    USBD_CUSTOM_HID_DeviceQualifierDesc      0x200001e4   Data          10  usbd_customhid.o(.data)
    .bss                                     0x200001f0   Section       16  lcyhash.o(.bss)
    .bss                                     0x20000200   Section       16  variables.o(.bss)
    .bss                                     0x20000210   Section       32  variables.o(.bss)
    .bss                                     0x20000230   Section       64  usbinteraction.o(.bss)
    .bss                                     0x20000270   Section      668  usb_device.o(.bss)
    .bss                                     0x2000050c   Section      716  usbd_conf.o(.bss)
    mem                                      0x2000050c   Data          88  usbd_conf.o(.bss)
    .bss                                     0x200007d8   Section      512  usbd_desc.o(.bss)
    STACK                                    0x200009d8   Section     2048  startup_stm32l412xx.o(STACK)

    Global Symbols

    Symbol Name                              Value     Ov Type        Size  Object(Section)

    BuildAttributes$$THM_ISAv4$E$P$D$K$B$S$7EM$VFPi3$EXTD16$VFPS$VFMA$PE$A:L22UL41UL21$X:L11$S22US41US21$IEEE1$IW$USESV6$~STKCKD$USESV7$~SHL$OSPACE$EBA8$MICROLIB$REQ8$PRES8$EABIv2 0x00000000   Number         0  anon$$obj.o ABSOLUTE
    __ARM_use_no_argv                        0x00000000   Number         0  main.o ABSOLUTE
    __cpp_initialize__aeabi_                  - Undefined Weak Reference
    __cxa_finalize                            - Undefined Weak Reference
    _clock_init                               - Undefined Weak Reference
    _microlib_exit                            - Undefined Weak Reference
    __Vectors_Size                           0x0000018c   Number         0  startup_stm32l412xx.o ABSOLUTE
    __Vectors                                0x08000000   Data           4  startup_stm32l412xx.o(RESET)
    __Vectors_End                            0x0800018c   Data           0  startup_stm32l412xx.o(RESET)
    __main                                   0x0800018d   Thumb Code     0  entry.o(.ARM.Collect$$$$00000000)
    _main_stk                                0x0800018d   Thumb Code     0  entry2.o(.ARM.Collect$$$$00000001)
    _main_scatterload                        0x08000191   Thumb Code     0  entry5.o(.ARM.Collect$$$$00000004)
    __main_after_scatterload                 0x08000195   Thumb Code     0  entry5.o(.ARM.Collect$$$$00000004)
    _main_clock                              0x08000195   Thumb Code     0  entry7b.o(.ARM.Collect$$$$00000008)
    _main_cpp_init                           0x08000195   Thumb Code     0  entry8b.o(.ARM.Collect$$$$0000000A)
    _main_init                               0x08000195   Thumb Code     0  entry9a.o(.ARM.Collect$$$$0000000B)
    __rt_final_cpp                           0x0800019d   Thumb Code     0  entry10a.o(.ARM.Collect$$$$0000000D)
    __rt_final_exit                          0x0800019d   Thumb Code     0  entry11a.o(.ARM.Collect$$$$0000000F)
    Reset_Handler                            0x080001a1   Thumb Code     8  startup_stm32l412xx.o(.text)
    ADC1_2_IRQHandler                        0x080001bb   Thumb Code     0  startup_stm32l412xx.o(.text)
    COMP_IRQHandler                          0x080001bb   Thumb Code     0  startup_stm32l412xx.o(.text)
    CRS_IRQHandler                           0x080001bb   Thumb Code     0  startup_stm32l412xx.o(.text)
    DMA1_Channel1_IRQHandler                 0x080001bb   Thumb Code     0  startup_stm32l412xx.o(.text)
    DMA1_Channel2_IRQHandler                 0x080001bb   Thumb Code     0  startup_stm32l412xx.o(.text)
    DMA1_Channel3_IRQHandler                 0x080001bb   Thumb Code     0  startup_stm32l412xx.o(.text)
    DMA1_Channel4_IRQHandler                 0x080001bb   Thumb Code     0  startup_stm32l412xx.o(.text)
    DMA1_Channel5_IRQHandler                 0x080001bb   Thumb Code     0  startup_stm32l412xx.o(.text)
    DMA1_Channel6_IRQHandler                 0x080001bb   Thumb Code     0  startup_stm32l412xx.o(.text)
    DMA1_Channel7_IRQHandler                 0x080001bb   Thumb Code     0  startup_stm32l412xx.o(.text)
    DMA2_Channel1_IRQHandler                 0x080001bb   Thumb Code     0  startup_stm32l412xx.o(.text)
    DMA2_Channel2_IRQHandler                 0x080001bb   Thumb Code     0  startup_stm32l412xx.o(.text)
    DMA2_Channel3_IRQHandler                 0x080001bb   Thumb Code     0  startup_stm32l412xx.o(.text)
    DMA2_Channel4_IRQHandler                 0x080001bb   Thumb Code     0  startup_stm32l412xx.o(.text)
    DMA2_Channel5_IRQHandler                 0x080001bb   Thumb Code     0  startup_stm32l412xx.o(.text)
    DMA2_Channel6_IRQHandler                 0x080001bb   Thumb Code     0  startup_stm32l412xx.o(.text)
    DMA2_Channel7_IRQHandler                 0x080001bb   Thumb Code     0  startup_stm32l412xx.o(.text)
    EXTI0_IRQHandler                         0x080001bb   Thumb Code     0  startup_stm32l412xx.o(.text)
    EXTI15_10_IRQHandler                     0x080001bb   Thumb Code     0  startup_stm32l412xx.o(.text)
    EXTI1_IRQHandler                         0x080001bb   Thumb Code     0  startup_stm32l412xx.o(.text)
    EXTI2_IRQHandler                         0x080001bb   Thumb Code     0  startup_stm32l412xx.o(.text)
    EXTI3_IRQHandler                         0x080001bb   Thumb Code     0  startup_stm32l412xx.o(.text)
    EXTI4_IRQHandler                         0x080001bb   Thumb Code     0  startup_stm32l412xx.o(.text)
    EXTI9_5_IRQHandler                       0x080001bb   Thumb Code     0  startup_stm32l412xx.o(.text)
    FLASH_IRQHandler                         0x080001bb   Thumb Code     0  startup_stm32l412xx.o(.text)
    FPU_IRQHandler                           0x080001bb   Thumb Code     0  startup_stm32l412xx.o(.text)
    I2C1_ER_IRQHandler                       0x080001bb   Thumb Code     0  startup_stm32l412xx.o(.text)
    I2C1_EV_IRQHandler                       0x080001bb   Thumb Code     0  startup_stm32l412xx.o(.text)
    I2C2_ER_IRQHandler                       0x080001bb   Thumb Code     0  startup_stm32l412xx.o(.text)
    I2C2_EV_IRQHandler                       0x080001bb   Thumb Code     0  startup_stm32l412xx.o(.text)
    I2C3_ER_IRQHandler                       0x080001bb   Thumb Code     0  startup_stm32l412xx.o(.text)
    I2C3_EV_IRQHandler                       0x080001bb   Thumb Code     0  startup_stm32l412xx.o(.text)
    LPTIM1_IRQHandler                        0x080001bb   Thumb Code     0  startup_stm32l412xx.o(.text)
    LPTIM2_IRQHandler                        0x080001bb   Thumb Code     0  startup_stm32l412xx.o(.text)
    LPUART1_IRQHandler                       0x080001bb   Thumb Code     0  startup_stm32l412xx.o(.text)
    PVD_PVM_IRQHandler                       0x080001bb   Thumb Code     0  startup_stm32l412xx.o(.text)
    QUADSPI_IRQHandler                       0x080001bb   Thumb Code     0  startup_stm32l412xx.o(.text)
    RCC_IRQHandler                           0x080001bb   Thumb Code     0  startup_stm32l412xx.o(.text)
    RNG_IRQHandler                           0x080001bb   Thumb Code     0  startup_stm32l412xx.o(.text)
    RTC_Alarm_IRQHandler                     0x080001bb   Thumb Code     0  startup_stm32l412xx.o(.text)
    RTC_WKUP_IRQHandler                      0x080001bb   Thumb Code     0  startup_stm32l412xx.o(.text)
    SPI1_IRQHandler                          0x080001bb   Thumb Code     0  startup_stm32l412xx.o(.text)
    SPI2_IRQHandler                          0x080001bb   Thumb Code     0  startup_stm32l412xx.o(.text)
    TAMP_STAMP_IRQHandler                    0x080001bb   Thumb Code     0  startup_stm32l412xx.o(.text)
    TIM1_BRK_TIM15_IRQHandler                0x080001bb   Thumb Code     0  startup_stm32l412xx.o(.text)
    TIM1_CC_IRQHandler                       0x080001bb   Thumb Code     0  startup_stm32l412xx.o(.text)
    TIM1_TRG_COM_IRQHandler                  0x080001bb   Thumb Code     0  startup_stm32l412xx.o(.text)
    TIM1_UP_TIM16_IRQHandler                 0x080001bb   Thumb Code     0  startup_stm32l412xx.o(.text)
    TIM2_IRQHandler                          0x080001bb   Thumb Code     0  startup_stm32l412xx.o(.text)
    TIM6_IRQHandler                          0x080001bb   Thumb Code     0  startup_stm32l412xx.o(.text)
    TSC_IRQHandler                           0x080001bb   Thumb Code     0  startup_stm32l412xx.o(.text)
    USART1_IRQHandler                        0x080001bb   Thumb Code     0  startup_stm32l412xx.o(.text)
    USART2_IRQHandler                        0x080001bb   Thumb Code     0  startup_stm32l412xx.o(.text)
    USART3_IRQHandler                        0x080001bb   Thumb Code     0  startup_stm32l412xx.o(.text)
    WWDG_IRQHandler                          0x080001bb   Thumb Code     0  startup_stm32l412xx.o(.text)
    __aeabi_memcpy                           0x080001c5   Thumb Code    36  memcpya.o(.text)
    __aeabi_memcpy4                          0x080001c5   Thumb Code     0  memcpya.o(.text)
    __aeabi_memcpy8                          0x080001c5   Thumb Code     0  memcpya.o(.text)
    __aeabi_memset                           0x080001e9   Thumb Code    14  memseta.o(.text)
    __aeabi_memset4                          0x080001e9   Thumb Code     0  memseta.o(.text)
    __aeabi_memset8                          0x080001e9   Thumb Code     0  memseta.o(.text)
    __aeabi_memclr                           0x080001f7   Thumb Code     4  memseta.o(.text)
    __aeabi_memclr4                          0x080001f7   Thumb Code     0  memseta.o(.text)
    __aeabi_memclr8                          0x080001f7   Thumb Code     0  memseta.o(.text)
    _memset$wrapper                          0x080001fb   Thumb Code    18  memseta.o(.text)
    __scatterload                            0x0800020d   Thumb Code    28  init.o(.text)
    __scatterload_rt2                        0x0800020d   Thumb Code     0  init.o(.text)
    __decompress                             0x08000231   Thumb Code     0  __dczerorl2.o(.text)
    __decompress1                            0x08000231   Thumb Code    86  __dczerorl2.o(.text)
    BreakMyBlock                             0x08000287   Thumb Code    30  function.o(i.BreakMyBlock)
    BusFault_Handler                         0x080002a5   Thumb Code     2  stm32l4xx_it.o(i.BusFault_Handler)
    ChangeKeyState                           0x080002c5   Thumb Code    24  function.o(i.ChangeKeyState)
    ChangeRFState                            0x080002dd   Thumb Code    24  function.o(i.ChangeRFState)
    CheckDataBlockVerify                     0x080002f5   Thumb Code    60  function.o(i.CheckDataBlockVerify)
    DebugMon_Handler                         0x08000339   Thumb Code     2  stm32l4xx_it.o(i.DebugMon_Handler)
    Error_Handler                            0x0800033b   Thumb Code     2  main.o(i.Error_Handler)
    FLASH_FlushCaches                        0x0800033d   Thumb Code    76  stm32l4xx_hal_flash_ex.o(i.FLASH_FlushCaches)
    FLASH_PageErase                          0x0800050d   Thumb Code    34  stm32l4xx_hal_flash_ex.o(i.FLASH_PageErase)
    FLASH_WaitForLastOperation               0x0800057d   Thumb Code   108  stm32l4xx_hal_flash.o(i.FLASH_WaitForLastOperation)
    FixDataBlock                             0x080005f5   Thumb Code   118  function.o(i.FixDataBlock)
    GetCalcTimes69                           0x08000679   Thumb Code   130  function.o(i.GetCalcTimes69)
    GetKeyParam                              0x08000709   Thumb Code   348  function.o(i.GetKeyParam)
    GetKeyState                              0x080008a1   Thumb Code   208  function.o(i.GetKeyState)
    GetLeftTimeBlock                         0x0800097d   Thumb Code   830  function.o(i.GetLeftTimeBlock)
    GetVerify_byteXOR                        0x08000ce5   Thumb Code    24  verify.o(i.GetVerify_byteXOR)
    HAL_Delay                                0x08000cfd   Thumb Code    32  stm32l4xx_hal.o(i.HAL_Delay)
    HAL_FLASHEx_Erase                        0x08000d21   Thumb Code   210  stm32l4xx_hal_flash_ex.o(i.HAL_FLASHEx_Erase)
    HAL_FLASHEx_OBGetConfig                  0x08000e05   Thumb Code   142  stm32l4xx_hal_flash_ex.o(i.HAL_FLASHEx_OBGetConfig)
    HAL_FLASHEx_OBProgram                    0x08000e99   Thumb Code   262  stm32l4xx_hal_flash_ex.o(i.HAL_FLASHEx_OBProgram)
    HAL_FLASH_Lock                           0x08000fb1   Thumb Code    14  stm32l4xx_hal_flash.o(i.HAL_FLASH_Lock)
    HAL_FLASH_OB_Lock                        0x08000fc5   Thumb Code    14  stm32l4xx_hal_flash.o(i.HAL_FLASH_OB_Lock)
    HAL_FLASH_OB_Unlock                      0x08000fd9   Thumb Code    24  stm32l4xx_hal_flash.o(i.HAL_FLASH_OB_Unlock)
    HAL_FLASH_Program                        0x08000ffd   Thumb Code   156  stm32l4xx_hal_flash.o(i.HAL_FLASH_Program)
    HAL_FLASH_Unlock                         0x080010a9   Thumb Code    28  stm32l4xx_hal_flash.o(i.HAL_FLASH_Unlock)
    HAL_GPIO_Init                            0x080010d1   Thumb Code   358  stm32l4xx_hal_gpio.o(i.HAL_GPIO_Init)
    HAL_GPIO_ReadPin                         0x08001257   Thumb Code    10  stm32l4xx_hal_gpio.o(i.HAL_GPIO_ReadPin)
    HAL_GPIO_TogglePin                       0x08001261   Thumb Code    14  stm32l4xx_hal_gpio.o(i.HAL_GPIO_TogglePin)
    HAL_GPIO_WritePin                        0x0800126f   Thumb Code    10  stm32l4xx_hal_gpio.o(i.HAL_GPIO_WritePin)
    HAL_GetTick                              0x08001279   Thumb Code     6  stm32l4xx_hal.o(i.HAL_GetTick)
    HAL_IncTick                              0x08001285   Thumb Code    12  stm32l4xx_hal.o(i.HAL_IncTick)
    HAL_Init                                 0x08001295   Thumb Code    30  stm32l4xx_hal.o(i.HAL_Init)
    HAL_InitTick                             0x080012b5   Thumb Code    58  stm32l4xx_hal.o(i.HAL_InitTick)
    HAL_MspInit                              0x080012f9   Thumb Code    38  stm32l4xx_hal_msp.o(i.HAL_MspInit)
    HAL_NVIC_EnableIRQ                       0x08001325   Thumb Code    26  stm32l4xx_hal_cortex.o(i.HAL_NVIC_EnableIRQ)
    HAL_NVIC_SetPriority                     0x08001341   Thumb Code    60  stm32l4xx_hal_cortex.o(i.HAL_NVIC_SetPriority)
    HAL_NVIC_SetPriorityGrouping             0x08001381   Thumb Code    26  stm32l4xx_hal_cortex.o(i.HAL_NVIC_SetPriorityGrouping)
    HAL_PCDEx_ActivateLPM                    0x080013a5   Thumb Code    36  stm32l4xx_hal_pcd_ex.o(i.HAL_PCDEx_ActivateLPM)
    HAL_PCDEx_LPM_Callback                   0x080013c9   Thumb Code    64  usbd_conf.o(i.HAL_PCDEx_LPM_Callback)
    HAL_PCDEx_PMAConfig                      0x0800140d   Thumb Code    52  stm32l4xx_hal_pcd_ex.o(i.HAL_PCDEx_PMAConfig)
    HAL_PCD_DataInStageCallback              0x08001441   Thumb Code    14  usbd_conf.o(i.HAL_PCD_DataInStageCallback)
    HAL_PCD_DataOutStageCallback             0x0800144f   Thumb Code    16  usbd_conf.o(i.HAL_PCD_DataOutStageCallback)
    HAL_PCD_EP_Close                         0x0800145f   Thumb Code    72  stm32l4xx_hal_pcd.o(i.HAL_PCD_EP_Close)
    HAL_PCD_EP_ClrStall                      0x080014a7   Thumb Code    88  stm32l4xx_hal_pcd.o(i.HAL_PCD_EP_ClrStall)
    HAL_PCD_EP_Open                          0x080014ff   Thumb Code    92  stm32l4xx_hal_pcd.o(i.HAL_PCD_EP_Open)
    HAL_PCD_EP_Receive                       0x0800155b   Thumb Code    46  stm32l4xx_hal_pcd.o(i.HAL_PCD_EP_Receive)
    HAL_PCD_EP_SetStall                      0x08001589   Thumb Code   106  stm32l4xx_hal_pcd.o(i.HAL_PCD_EP_SetStall)
    HAL_PCD_EP_Transmit                      0x080015f3   Thumb Code    42  stm32l4xx_hal_pcd.o(i.HAL_PCD_EP_Transmit)
    HAL_PCD_IRQHandler                       0x0800161d   Thumb Code   380  stm32l4xx_hal_pcd.o(i.HAL_PCD_IRQHandler)
    HAL_PCD_Init                             0x08001799   Thumb Code   222  stm32l4xx_hal_pcd.o(i.HAL_PCD_Init)
    HAL_PCD_MspInit                          0x08001879   Thumb Code   108  usbd_conf.o(i.HAL_PCD_MspInit)
    HAL_PCD_ResetCallback                    0x080018ed   Thumb Code    38  usbd_conf.o(i.HAL_PCD_ResetCallback)
    HAL_PCD_ResumeCallback                   0x08001915   Thumb Code    34  usbd_conf.o(i.HAL_PCD_ResumeCallback)
    HAL_PCD_SOFCallback                      0x0800193d   Thumb Code     8  usbd_conf.o(i.HAL_PCD_SOFCallback)
    HAL_PCD_SetAddress                       0x08001945   Thumb Code    40  stm32l4xx_hal_pcd.o(i.HAL_PCD_SetAddress)
    HAL_PCD_SetupStageCallback               0x0800196d   Thumb Code    14  usbd_conf.o(i.HAL_PCD_SetupStageCallback)
    HAL_PCD_Start                            0x0800197b   Thumb Code    42  stm32l4xx_hal_pcd.o(i.HAL_PCD_Start)
    HAL_PCD_SuspendCallback                  0x080019a5   Thumb Code    30  usbd_conf.o(i.HAL_PCD_SuspendCallback)
    HAL_PWREx_ControlVoltageScaling          0x080019c9   Thumb Code    90  stm32l4xx_hal_pwr_ex.o(i.HAL_PWREx_ControlVoltageScaling)
    HAL_PWREx_EnableVddUSB                   0x08001a31   Thumb Code    12  stm32l4xx_hal_pwr_ex.o(i.HAL_PWREx_EnableVddUSB)
    HAL_PWREx_GetVoltageRange                0x08001a41   Thumb Code    10  stm32l4xx_hal_pwr_ex.o(i.HAL_PWREx_GetVoltageRange)
    HAL_RCCEx_PeriphCLKConfig                0x08001a51   Thumb Code   486  stm32l4xx_hal_rcc_ex.o(i.HAL_RCCEx_PeriphCLKConfig)
    HAL_RCC_ClockConfig                      0x08001c41   Thumb Code   266  stm32l4xx_hal_rcc.o(i.HAL_RCC_ClockConfig)
    HAL_RCC_GetSysClockFreq                  0x08001d61   Thumb Code   150  stm32l4xx_hal_rcc.o(i.HAL_RCC_GetSysClockFreq)
    HAL_RCC_OscConfig                        0x08001e05   Thumb Code  1404  stm32l4xx_hal_rcc.o(i.HAL_RCC_OscConfig)
    HAL_SYSTICK_Config                       0x08002385   Thumb Code    40  stm32l4xx_hal_cortex.o(i.HAL_SYSTICK_Config)
    HardFault_Handler                        0x080023ad   Thumb Code     2  stm32l4xx_it.o(i.HardFault_Handler)
    HashCalc_N                               0x080023af   Thumb Code    22  function.o(i.HashCalc_N)
    MX_GPIO_Init                             0x080023fd   Thumb Code   320  gpio.o(i.MX_GPIO_Init)
    MX_USB_DEVICE_Init                       0x0800254d   Thumb Code    66  usb_device.o(i.MX_USB_DEVICE_Init)
    MemManage_Handler                        0x080025a1   Thumb Code     2  stm32l4xx_it.o(i.MemManage_Handler)
    NMI_Handler                              0x080025a3   Thumb Code     2  stm32l4xx_it.o(i.NMI_Handler)
    PendSV_Handler                           0x08002847   Thumb Code     2  stm32l4xx_it.o(i.PendSV_Handler)
    ReverseRom                               0x080028c5   Thumb Code    28  function.o(i.ReverseRom)
    RomData_ReadByte                         0x080028e1   Thumb Code    22  variables.o(i.RomData_ReadByte)
    RomData_ReadBytes                        0x080028fd   Thumb Code    46  variables.o(i.RomData_ReadBytes)
    RomData_WriteByte                        0x08002931   Thumb Code    34  variables.o(i.RomData_WriteByte)
    RomData_WriteBytes                       0x0800295d   Thumb Code    60  variables.o(i.RomData_WriteBytes)
    SPIROM_Init                              0x080029a1   Thumb Code    12  spirom.o(i.SPIROM_Init)
    SPIROM_ReadArray                         0x080029ad   Thumb Code   140  spirom.o(i.SPIROM_ReadArray)
    SPIROM_ReadByte                          0x08002a3d   Thumb Code    72  spirom.o(i.SPIROM_ReadByte)
    SPIROM_ReadStatus                        0x08002a89   Thumb Code    46  spirom.o(i.SPIROM_ReadStatus)
    SPIROM_WriteArray                        0x08002abd   Thumb Code   132  spirom.o(i.SPIROM_WriteArray)
    SPIROM_WriteByte                         0x08002b45   Thumb Code    78  spirom.o(i.SPIROM_WriteByte)
    SPIROM_WriteDisable                      0x08002b99   Thumb Code    36  spirom.o(i.SPIROM_WriteDisable)
    SPIROM_WriteEnable                       0x08002bbd   Thumb Code    36  spirom.o(i.SPIROM_WriteEnable)
    STMFLASH_Write                           0x08002be1   Thumb Code    84  variables.o(i.STMFLASH_Write)
    SVC_Handler                              0x08002c39   Thumb Code     2  stm32l4xx_it.o(i.SVC_Handler)
    SimSPI2_Init                             0x08002c3d   Thumb Code    10  simspi.o(i.SimSPI2_Init)
    SimSPI2_Proc                             0x08002c4d   Thumb Code   100  simspi.o(i.SimSPI2_Proc)
    SysTick_Handler                          0x08002cb5   Thumb Code     4  stm32l4xx_it.o(i.SysTick_Handler)
    SystemClock_Config                       0x08002cb9   Thumb Code   116  main.o(i.SystemClock_Config)
    SystemInit                               0x08002d2d   Thumb Code    56  system_stm32l4xx.o(i.SystemInit)
    USBD_CUSTOM_HID_RegisterInterface        0x08002e81   Thumb Code    16  usbd_customhid.o(i.USBD_CUSTOM_HID_RegisterInterface)
    USBD_CUSTOM_HID_SendReport               0x08002e91   Thumb Code    44  usbd_customhid.o(i.USBD_CUSTOM_HID_SendReport)
    USBD_ClrClassConfig                      0x08002f9d   Thumb Code    14  usbd_core.o(i.USBD_ClrClassConfig)
    USBD_CtlContinueRx                       0x08002fab   Thumb Code    16  usbd_ioreq.o(i.USBD_CtlContinueRx)
    USBD_CtlContinueSendData                 0x08002fbb   Thumb Code    16  usbd_ioreq.o(i.USBD_CtlContinueSendData)
    USBD_CtlError                            0x08002fcb   Thumb Code    22  usbd_ctlreq.o(i.USBD_CtlError)
    USBD_CtlPrepareRx                        0x08002fe1   Thumb Code    30  usbd_ioreq.o(i.USBD_CtlPrepareRx)
    USBD_CtlReceiveStatus                    0x08002fff   Thumb Code    22  usbd_ioreq.o(i.USBD_CtlReceiveStatus)
    USBD_CtlSendData                         0x08003015   Thumb Code    26  usbd_ioreq.o(i.USBD_CtlSendData)
    USBD_CtlSendStatus                       0x0800302f   Thumb Code    22  usbd_ioreq.o(i.USBD_CtlSendStatus)
    USBD_FS_ConfigStrDescriptor              0x08003045   Thumb Code    16  usbd_desc.o(i.USBD_FS_ConfigStrDescriptor)
    USBD_FS_DeviceDescriptor                 0x08003065   Thumb Code     8  usbd_desc.o(i.USBD_FS_DeviceDescriptor)
    USBD_FS_InterfaceStrDescriptor           0x08003071   Thumb Code    16  usbd_desc.o(i.USBD_FS_InterfaceStrDescriptor)
    USBD_FS_LangIDStrDescriptor              0x0800308d   Thumb Code     8  usbd_desc.o(i.USBD_FS_LangIDStrDescriptor)
    USBD_FS_ManufacturerStrDescriptor        0x08003099   Thumb Code    16  usbd_desc.o(i.USBD_FS_ManufacturerStrDescriptor)
    USBD_FS_ProductStrDescriptor             0x080030b9   Thumb Code    16  usbd_desc.o(i.USBD_FS_ProductStrDescriptor)
    USBD_FS_SerialStrDescriptor              0x080030ed   Thumb Code    48  usbd_desc.o(i.USBD_FS_SerialStrDescriptor)
    USBD_FS_USR_BOSDescriptor                0x08003125   Thumb Code     8  usbd_desc.o(i.USBD_FS_USR_BOSDescriptor)
    USBD_GetString                           0x0800322f   Thumb Code    72  usbd_ctlreq.o(i.USBD_GetString)
    USBD_Init                                0x08003277   Thumb Code    42  usbd_core.o(i.USBD_Init)
    USBD_LL_ClearStallEP                     0x080032a1   Thumb Code    32  usbd_conf.o(i.USBD_LL_ClearStallEP)
    USBD_LL_CloseEP                          0x080032c1   Thumb Code    32  usbd_conf.o(i.USBD_LL_CloseEP)
    USBD_LL_DataInStage                      0x080032e1   Thumb Code   198  usbd_core.o(i.USBD_LL_DataInStage)
    USBD_LL_DataOutStage                     0x080033a7   Thumb Code   130  usbd_core.o(i.USBD_LL_DataOutStage)
    USBD_LL_Init                             0x08003429   Thumb Code   112  usbd_conf.o(i.USBD_LL_Init)
    USBD_LL_IsStallEP                        0x080034a1   Thumb Code    28  usbd_conf.o(i.USBD_LL_IsStallEP)
    USBD_LL_OpenEP                           0x080034bd   Thumb Code    38  usbd_conf.o(i.USBD_LL_OpenEP)
    USBD_LL_PrepareReceive                   0x080034e3   Thumb Code    32  usbd_conf.o(i.USBD_LL_PrepareReceive)
    USBD_LL_Reset                            0x08003503   Thumb Code    80  usbd_core.o(i.USBD_LL_Reset)
    USBD_LL_Resume                           0x08003553   Thumb Code    12  usbd_core.o(i.USBD_LL_Resume)
    USBD_LL_SOF                              0x0800355f   Thumb Code    24  usbd_core.o(i.USBD_LL_SOF)
    USBD_LL_SetSpeed                         0x08003577   Thumb Code     6  usbd_core.o(i.USBD_LL_SetSpeed)
    USBD_LL_SetUSBAddress                    0x0800357d   Thumb Code    32  usbd_conf.o(i.USBD_LL_SetUSBAddress)
    USBD_LL_SetupStage                       0x0800359d   Thumb Code    90  usbd_core.o(i.USBD_LL_SetupStage)
    USBD_LL_StallEP                          0x080035f7   Thumb Code    32  usbd_conf.o(i.USBD_LL_StallEP)
    USBD_LL_Start                            0x08003617   Thumb Code    32  usbd_conf.o(i.USBD_LL_Start)
    USBD_LL_Suspend                          0x08003637   Thumb Code    18  usbd_core.o(i.USBD_LL_Suspend)
    USBD_LL_Transmit                         0x08003649   Thumb Code    32  usbd_conf.o(i.USBD_LL_Transmit)
    USBD_ParseSetupRequest                   0x08003669   Thumb Code    40  usbd_ctlreq.o(i.USBD_ParseSetupRequest)
    USBD_RegisterClass                       0x08003691   Thumb Code    16  usbd_core.o(i.USBD_RegisterClass)
    USBD_SetClassConfig                      0x080036a1   Thumb Code    22  usbd_core.o(i.USBD_SetClassConfig)
    USBD_Start                               0x0800373d   Thumb Code    10  usbd_core.o(i.USBD_Start)
    USBD_StdDevReq                           0x08003747   Thumb Code   274  usbd_ctlreq.o(i.USBD_StdDevReq)
    USBD_StdEPReq                            0x08003859   Thumb Code   336  usbd_ctlreq.o(i.USBD_StdEPReq)
    USBD_StdItfReq                           0x080039a9   Thumb Code    78  usbd_ctlreq.o(i.USBD_StdItfReq)
    USBD_static_free                         0x080039f7   Thumb Code     2  usbd_conf.o(i.USBD_static_free)
    USBD_static_malloc                       0x080039f9   Thumb Code     4  usbd_conf.o(i.USBD_static_malloc)
    USBProc                                  0x08003a01   Thumb Code   728  usbinteraction.o(i.USBProc)
    USB_ActivateEndpoint                     0x08003d07   Thumb Code   608  stm32l4xx_ll_usb.o(i.USB_ActivateEndpoint)
    USB_CoreInit                             0x08003f67   Thumb Code     4  stm32l4xx_ll_usb.o(i.USB_CoreInit)
    USB_DeactivateEndpoint                   0x08003f6b   Thumb Code   270  stm32l4xx_ll_usb.o(i.USB_DeactivateEndpoint)
    USB_DevConnect                           0x08004079   Thumb Code    14  stm32l4xx_ll_usb.o(i.USB_DevConnect)
    USB_DevDisconnect                        0x08004087   Thumb Code    14  stm32l4xx_ll_usb.o(i.USB_DevDisconnect)
    USB_DevInit                              0x08004095   Thumb Code    30  stm32l4xx_ll_usb.o(i.USB_DevInit)
    USB_DisableGlobalInt                     0x080040b3   Thumb Code    16  stm32l4xx_ll_usb.o(i.USB_DisableGlobalInt)
    USB_EP0_OutStart                         0x080040c3   Thumb Code     4  stm32l4xx_ll_usb.o(i.USB_EP0_OutStart)
    USB_EPClearStall                         0x080040c7   Thumb Code   120  stm32l4xx_ll_usb.o(i.USB_EPClearStall)
    USB_EPSetStall                           0x0800413f   Thumb Code    50  stm32l4xx_ll_usb.o(i.USB_EPSetStall)
    USB_EPStartXfer                          0x08004171   Thumb Code   386  stm32l4xx_ll_usb.o(i.USB_EPStartXfer)
    USB_EnableGlobalInt                      0x080042f3   Thumb Code    16  stm32l4xx_ll_usb.o(i.USB_EnableGlobalInt)
    USB_IRQHandler                           0x08004305   Thumb Code     6  stm32l4xx_it.o(i.USB_IRQHandler)
    USB_ReadInterrupts                       0x08004311   Thumb Code     6  stm32l4xx_ll_usb.o(i.USB_ReadInterrupts)
    USB_ReadPMA                              0x08004317   Thumb Code    40  stm32l4xx_ll_usb.o(i.USB_ReadPMA)
    USB_SetCurrentMode                       0x0800433f   Thumb Code     4  stm32l4xx_ll_usb.o(i.USB_SetCurrentMode)
    USB_SetDevAddress                        0x08004343   Thumb Code    12  stm32l4xx_ll_usb.o(i.USB_SetDevAddress)
    USB_WritePMA                             0x08004351   Thumb Code    38  stm32l4xx_ll_usb.o(i.USB_WritePMA)
    UsageFault_Handler                       0x08004377   Thumb Code     2  stm32l4xx_it.o(i.UsageFault_Handler)
    __scatterload_copy                       0x080043bd   Thumb Code    14  handlers.o(i.__scatterload_copy)
    __scatterload_null                       0x080043cb   Thumb Code     2  handlers.o(i.__scatterload_null)
    __scatterload_zeroinit                   0x080043cd   Thumb Code    14  handlers.o(i.__scatterload_zeroinit)
    lcyHashCalc                              0x080043dd   Thumb Code    44  lcyhash.o(i.lcyHashCalc)
    lcyHashInit                              0x0800440d   Thumb Code    18  lcyhash.o(i.lcyHashInit)
    lcyHashOnce                              0x08004425   Thumb Code    64  lcyhash.o(i.lcyHashOnce)
    ledFlash                                 0x0800446d   Thumb Code    24  variables.o(i.ledFlash)
    loadTab                                  0x08004489   Thumb Code    54  lcyhash.o(i.loadTab)
    main                                     0x080044e9   Thumb Code    52  main.o(i.main)
    sub_Mixed_A                              0x08004521   Thumb Code    52  lcyhash.o(i.sub_Mixed_A)
    sub_Mixed_B                              0x08004569   Thumb Code    52  lcyhash.o(i.sub_Mixed_B)
    sub_Shift_L                              0x080045b1   Thumb Code    66  lcyhash.o(i.sub_Shift_L)
    sub_Shift_R                              0x080045f9   Thumb Code    60  lcyhash.o(i.sub_Shift_R)
    sub_add                                  0x08004639   Thumb Code   164  lcyhash.o(i.sub_add)
    sub_add_4B                               0x080046e9   Thumb Code    46  lcyhash.o(i.sub_add_4B)
    sub_cal0                                 0x0800471d   Thumb Code    60  lcyhash.o(i.sub_cal0)
    sub_cal1                                 0x08004765   Thumb Code    38  lcyhash.o(i.sub_cal1)
    sub_cal2                                 0x08004791   Thumb Code    64  lcyhash.o(i.sub_cal2)
    sub_cal3                                 0x080047dd   Thumb Code    66  lcyhash.o(i.sub_cal3)
    sub_cal_L_A                              0x08004831   Thumb Code    14  lcyhash.o(i.sub_cal_L_A)
    sub_cal_R_A                              0x0800483f   Thumb Code    14  lcyhash.o(i.sub_cal_R_A)
    sub_cal_R_B                              0x0800484d   Thumb Code    14  lcyhash.o(i.sub_cal_R_B)
    sub_half                                 0x0800485b   Thumb Code   392  lcyhash.o(i.sub_half)
    wfDelay_init                             0x080049e5   Thumb Code     6  wfsys.o(i.wfDelay_init)
    wfFlash_ReadDoubleWords                  0x080049f1   Thumb Code    22  variables.o(i.wfFlash_ReadDoubleWords)
    pp                                       0x08004a0c   Data           8  usbinteraction.o(.constdata)
    UnRPD                                    0x08004a14   Data           9  usbinteraction.o(.constdata)
    AHBPrescTable                            0x08004a20   Data          16  system_stm32l4xx.o(.constdata)
    MSIRangeTable                            0x08004a30   Data          48  system_stm32l4xx.o(.constdata)
    Region$$Table$$Base                      0x08004a60   Number         0  anon$$obj.o(Region$$Table)
    Region$$Table$$Limit                     0x08004a80   Number         0  anon$$obj.o(Region$$Table)
    F_calsel                                 0x20000004   Data           1  lcyhash.o(.data)
    lcyHashIn                                0x20000005   Data           8  lcyhash.o(.data)
    lcyHashOut                               0x2000000d   Data           8  lcyhash.o(.data)
    SPIROM_Status                            0x20000018   Data           4  spirom.o(.data)
    gFlags                                   0x2000001c   Data           4  variables.o(.data)
    EEPSWAddr                                0x20000020   Data           4  variables.o(.data)
    RomStateFlags                            0x20000024   Data           4  variables.o(.data)
    ButtonTimes                              0x20000028   Data           1  variables.o(.data)
    LeftTimesAddr                            0x20000029   Data           3  variables.o(.data)
    OtherLeftTimesAddr                       0x2000002c   Data           3  variables.o(.data)
    LeftTimes                                0x2000002f   Data           3  variables.o(.data)
    LeftTimes69Addr                          0x20000032   Data           1  variables.o(.data)
    curHash                                  0x20000033   Data           8  variables.o(.data)
    EISHash                                  0x2000003b   Data           8  variables.o(.data)
    LeftTimes69                              0x20000043   Data           1  variables.o(.data)
    SSID                                     0x20000044   Data           4  variables.o(.data)
    PSW                                      0x20000048   Data           8  variables.o(.data)
    EE00                                     0x20000050   Data           1  variables.o(.data)
    EE9e                                     0x20000051   Data           1  variables.o(.data)
    FS_Desc                                  0x20000054   Data          32  usbd_desc.o(.data)
    USBD_LangIDDesc                          0x20000074   Data           4  usbd_desc.o(.data)
    USBD_FS_DeviceDesc                       0x20000078   Data          18  usbd_desc.o(.data)
    USBD_FS_BOSDesc                          0x2000008c   Data          12  usbd_desc.o(.data)
    USBD_StringSerial                        0x20000098   Data          26  usbd_desc.o(.data)
    USBD_CustomHID_fops_FS                   0x200000d8   Data          16  usbd_custom_hid_if.o(.data)
    uwTickPrio                               0x200000e8   Data           4  stm32l4xx_hal.o(.data)
    uwTickFreq                               0x200000ec   Data           4  stm32l4xx_hal.o(.data)
    uwTick                                   0x200000f0   Data           4  stm32l4xx_hal.o(.data)
    pFlash                                   0x200000f4   Data          32  stm32l4xx_hal_flash.o(.data)
    SystemCoreClock                          0x20000114   Data           4  system_stm32l4xx.o(.data)
    USBD_CUSTOM_HID                          0x2000011c   Data          56  usbd_customhid.o(.data)
    Ht                                       0x200001f0   Data          16  lcyhash.o(.bss)
    RomDatas                                 0x20000200   Data          16  variables.o(.bss)
    EEPSWOriginal                            0x20000210   Data          16  variables.o(.bss)
    EEPSW                                    0x20000220   Data          16  variables.o(.bss)
    usbTxBuf                                 0x20000230   Data          64  usbinteraction.o(.bss)
    hUsbDeviceFS                             0x20000270   Data         668  usb_device.o(.bss)
    hpcd_USB_FS                              0x20000564   Data         628  usbd_conf.o(.bss)
    USBD_StrDesc                             0x200007d8   Data         512  usbd_desc.o(.bss)
    __initial_sp                             0x200011d8   Data           0  startup_stm32l412xx.o(STACK)



==============================================================================

Memory Map of the image

  Image Entry point : 0x0800018d

  Load Region LR_IROM1 (Base: 0x08000000, Size: 0x00004c70, Max: 0x00020000, ABSOLUTE, COMPRESSED[0x00004b4c])

    Execution Region ER_IROM1 (Base: 0x08000000, Size: 0x00004a80, Max: 0x00020000, ABSOLUTE)

    Base Addr    Size         Type   Attr      Idx    E Section Name        Object

    0x08000000   0x0000018c   Data   RO            3    RESET               startup_stm32l412xx.o
    0x0800018c   0x00000000   Code   RO         4224  * .ARM.Collect$$$$00000000  mc_w.l(entry.o)
    0x0800018c   0x00000004   Code   RO         4233    .ARM.Collect$$$$00000001  mc_w.l(entry2.o)
    0x08000190   0x00000004   Code   RO         4236    .ARM.Collect$$$$00000004  mc_w.l(entry5.o)
    0x08000194   0x00000000   Code   RO         4238    .ARM.Collect$$$$00000008  mc_w.l(entry7b.o)
    0x08000194   0x00000000   Code   RO         4240    .ARM.Collect$$$$0000000A  mc_w.l(entry8b.o)
    0x08000194   0x00000008   Code   RO         4241    .ARM.Collect$$$$0000000B  mc_w.l(entry9a.o)
    0x0800019c   0x00000000   Code   RO         4243    .ARM.Collect$$$$0000000D  mc_w.l(entry10a.o)
    0x0800019c   0x00000000   Code   RO         4245    .ARM.Collect$$$$0000000F  mc_w.l(entry11a.o)
    0x0800019c   0x00000004   Code   RO         4234    .ARM.Collect$$$$00002712  mc_w.l(entry2.o)
    0x080001a0   0x00000024   Code   RO            4    .text               startup_stm32l412xx.o
    0x080001c4   0x00000024   Code   RO         4227    .text               mc_w.l(memcpya.o)
    0x080001e8   0x00000024   Code   RO         4229    .text               mc_w.l(memseta.o)
    0x0800020c   0x00000024   Code   RO         4247    .text               mc_w.l(init.o)
    0x08000230   0x00000056   Code   RO         4257    .text               mc_w.l(__dczerorl2.o)
    0x08000286   0x0000001e   Code   RO          738    i.BreakMyBlock      function.o
    0x080002a4   0x00000002   Code   RO         1299    i.BusFault_Handler  stm32l4xx_it.o
    0x080002a6   0x00000004   Code   RO         1255    i.CUSTOM_HID_DeInit_FS  usbd_custom_hid_if.o
    0x080002aa   0x00000004   Code   RO         1256    i.CUSTOM_HID_Init_FS  usbd_custom_hid_if.o
    0x080002ae   0x00000002   PAD
    0x080002b0   0x00000014   Code   RO         1257    i.CUSTOM_HID_OutEvent_FS  usbd_custom_hid_if.o
    0x080002c4   0x00000018   Code   RO          739    i.ChangeKeyState    function.o
    0x080002dc   0x00000018   Code   RO          740    i.ChangeRFState     function.o
    0x080002f4   0x00000044   Code   RO          741    i.CheckDataBlockVerify  function.o
    0x08000338   0x00000002   Code   RO         1300    i.DebugMon_Handler  stm32l4xx_it.o
    0x0800033a   0x00000002   Code   RO          858    i.Error_Handler     main.o
    0x0800033c   0x00000054   Code   RO         3000    i.FLASH_FlushCaches  stm32l4xx_hal_flash_ex.o
    0x08000390   0x0000001c   Code   RO         3001    i.FLASH_MassErase   stm32l4xx_hal_flash_ex.o
    0x080003ac   0x00000068   Code   RO         3002    i.FLASH_OB_PCROPConfig  stm32l4xx_hal_flash_ex.o
    0x08000414   0x000000f8   Code   RO         3003    i.FLASH_OB_UserConfig  stm32l4xx_hal_flash_ex.o
    0x0800050c   0x00000028   Code   RO         3004    i.FLASH_PageErase   stm32l4xx_hal_flash_ex.o
    0x08000534   0x0000001c   Code   RO         2891    i.FLASH_Program_DoubleWord  stm32l4xx_hal_flash.o
    0x08000550   0x0000002c   Code   RO         2892    i.FLASH_Program_Fast  stm32l4xx_hal_flash.o
    0x0800057c   0x00000078   Code   RO         2893    i.FLASH_WaitForLastOperation  stm32l4xx_hal_flash.o
    0x080005f4   0x00000084   Code   RO          742    i.FixDataBlock      function.o
    0x08000678   0x00000090   Code   RO          743    i.GetCalcTimes69    function.o
    0x08000708   0x00000196   Code   RO          745    i.GetKeyParam       function.o
    0x0800089e   0x00000002   PAD
    0x080008a0   0x000000dc   Code   RO          746    i.GetKeyState       function.o
    0x0800097c   0x00000368   Code   RO          748    i.GetLeftTimeBlock  function.o
    0x08000ce4   0x00000018   Code   RO          433    i.GetVerify_byteXOR  verify.o
    0x08000cfc   0x00000024   Code   RO         1926    i.HAL_Delay         stm32l4xx_hal.o
    0x08000d20   0x000000e2   Code   RO         3005    i.HAL_FLASHEx_Erase  stm32l4xx_hal_flash_ex.o
    0x08000e02   0x00000002   PAD
    0x08000e04   0x00000094   Code   RO         3007    i.HAL_FLASHEx_OBGetConfig  stm32l4xx_hal_flash_ex.o
    0x08000e98   0x00000116   Code   RO         3008    i.HAL_FLASHEx_OBProgram  stm32l4xx_hal_flash_ex.o
    0x08000fae   0x00000002   PAD
    0x08000fb0   0x00000014   Code   RO         2897    i.HAL_FLASH_Lock    stm32l4xx_hal_flash.o
    0x08000fc4   0x00000014   Code   RO         2899    i.HAL_FLASH_OB_Lock  stm32l4xx_hal_flash.o
    0x08000fd8   0x00000024   Code   RO         2900    i.HAL_FLASH_OB_Unlock  stm32l4xx_hal_flash.o
    0x08000ffc   0x000000aa   Code   RO         2902    i.HAL_FLASH_Program  stm32l4xx_hal_flash.o
    0x080010a6   0x00000002   PAD
    0x080010a8   0x00000028   Code   RO         2904    i.HAL_FLASH_Unlock  stm32l4xx_hal_flash.o
    0x080010d0   0x00000186   Code   RO         3102    i.HAL_GPIO_Init     stm32l4xx_hal_gpio.o
    0x08001256   0x0000000a   Code   RO         3104    i.HAL_GPIO_ReadPin  stm32l4xx_hal_gpio.o
    0x08001260   0x0000000e   Code   RO         3105    i.HAL_GPIO_TogglePin  stm32l4xx_hal_gpio.o
    0x0800126e   0x0000000a   Code   RO         3106    i.HAL_GPIO_WritePin  stm32l4xx_hal_gpio.o
    0x08001278   0x0000000c   Code   RO         1930    i.HAL_GetTick       stm32l4xx_hal.o
    0x08001284   0x00000010   Code   RO         1936    i.HAL_IncTick       stm32l4xx_hal.o
    0x08001294   0x0000001e   Code   RO         1937    i.HAL_Init          stm32l4xx_hal.o
    0x080012b2   0x00000002   PAD
    0x080012b4   0x00000044   Code   RO         1938    i.HAL_InitTick      stm32l4xx_hal.o
    0x080012f8   0x0000002c   Code   RO         1381    i.HAL_MspInit       stm32l4xx_hal_msp.o
    0x08001324   0x0000001a   Code   RO         3637    i.HAL_NVIC_EnableIRQ  stm32l4xx_hal_cortex.o
    0x0800133e   0x00000002   PAD
    0x08001340   0x00000040   Code   RO         3643    i.HAL_NVIC_SetPriority  stm32l4xx_hal_cortex.o
    0x08001380   0x00000024   Code   RO         3644    i.HAL_NVIC_SetPriorityGrouping  stm32l4xx_hal_cortex.o
    0x080013a4   0x00000024   Code   RO         1621    i.HAL_PCDEx_ActivateLPM  stm32l4xx_hal_pcd_ex.o
    0x080013c8   0x00000044   Code   RO          956    i.HAL_PCDEx_LPM_Callback  usbd_conf.o
    0x0800140c   0x00000034   Code   RO         1627    i.HAL_PCDEx_PMAConfig  stm32l4xx_hal_pcd_ex.o
    0x08001440   0x0000000e   Code   RO          958    i.HAL_PCD_DataInStageCallback  usbd_conf.o
    0x0800144e   0x00000010   Code   RO          959    i.HAL_PCD_DataOutStageCallback  usbd_conf.o
    0x0800145e   0x00000048   Code   RO         1414    i.HAL_PCD_EP_Close  stm32l4xx_hal_pcd.o
    0x080014a6   0x00000058   Code   RO         1415    i.HAL_PCD_EP_ClrStall  stm32l4xx_hal_pcd.o
    0x080014fe   0x0000005c   Code   RO         1418    i.HAL_PCD_EP_Open   stm32l4xx_hal_pcd.o
    0x0800155a   0x0000002e   Code   RO         1419    i.HAL_PCD_EP_Receive  stm32l4xx_hal_pcd.o
    0x08001588   0x0000006a   Code   RO         1420    i.HAL_PCD_EP_SetStall  stm32l4xx_hal_pcd.o
    0x080015f2   0x0000002a   Code   RO         1421    i.HAL_PCD_EP_Transmit  stm32l4xx_hal_pcd.o
    0x0800161c   0x0000017c   Code   RO         1423    i.HAL_PCD_IRQHandler  stm32l4xx_hal_pcd.o
    0x08001798   0x000000de   Code   RO         1426    i.HAL_PCD_Init      stm32l4xx_hal_pcd.o
    0x08001876   0x00000002   PAD
    0x08001878   0x00000074   Code   RO          964    i.HAL_PCD_MspInit   usbd_conf.o
    0x080018ec   0x00000026   Code   RO          965    i.HAL_PCD_ResetCallback  usbd_conf.o
    0x08001912   0x00000002   PAD
    0x08001914   0x00000028   Code   RO          966    i.HAL_PCD_ResumeCallback  usbd_conf.o
    0x0800193c   0x00000008   Code   RO          967    i.HAL_PCD_SOFCallback  usbd_conf.o
    0x08001944   0x00000028   Code   RO         1432    i.HAL_PCD_SetAddress  stm32l4xx_hal_pcd.o
    0x0800196c   0x0000000e   Code   RO          968    i.HAL_PCD_SetupStageCallback  usbd_conf.o
    0x0800197a   0x0000002a   Code   RO         1434    i.HAL_PCD_Start     stm32l4xx_hal_pcd.o
    0x080019a4   0x00000024   Code   RO          969    i.HAL_PCD_SuspendCallback  usbd_conf.o
    0x080019c8   0x00000068   Code   RO         3393    i.HAL_PWREx_ControlVoltageScaling  stm32l4xx_hal_pwr_ex.o
    0x08001a30   0x00000010   Code   RO         3419    i.HAL_PWREx_EnableVddUSB  stm32l4xx_hal_pwr_ex.o
    0x08001a40   0x00000010   Code   RO         3424    i.HAL_PWREx_GetVoltageRange  stm32l4xx_hal_pwr_ex.o
    0x08001a50   0x000001f0   Code   RO         2755    i.HAL_RCCEx_PeriphCLKConfig  stm32l4xx_hal_rcc_ex.o
    0x08001c40   0x00000120   Code   RO         2635    i.HAL_RCC_ClockConfig  stm32l4xx_hal_rcc.o
    0x08001d60   0x000000a4   Code   RO         2643    i.HAL_RCC_GetSysClockFreq  stm32l4xx_hal_rcc.o
    0x08001e04   0x00000580   Code   RO         2646    i.HAL_RCC_OscConfig  stm32l4xx_hal_rcc.o
    0x08002384   0x00000028   Code   RO         3648    i.HAL_SYSTICK_Config  stm32l4xx_hal_cortex.o
    0x080023ac   0x00000002   Code   RO         1301    i.HardFault_Handler  stm32l4xx_it.o
    0x080023ae   0x00000016   Code   RO          749    i.HashCalc_N        function.o
    0x080023c4   0x00000038   Code   RO         1163    i.IntToUnicode      usbd_desc.o
    0x080023fc   0x00000150   Code   RO          897    i.MX_GPIO_Init      gpio.o
    0x0800254c   0x00000054   Code   RO          921    i.MX_USB_DEVICE_Init  usb_device.o
    0x080025a0   0x00000002   Code   RO         1302    i.MemManage_Handler  stm32l4xx_it.o
    0x080025a2   0x00000002   Code   RO         1303    i.NMI_Handler       stm32l4xx_it.o
    0x080025a4   0x000002a2   Code   RO         1437    i.PCD_EP_ISR_Handler  stm32l4xx_hal_pcd.o
    0x08002846   0x00000002   Code   RO         1304    i.PendSV_Handler    stm32l4xx_it.o
    0x08002848   0x0000007c   Code   RO         2647    i.RCC_SetFlashLatencyFromMSIRange  stm32l4xx_hal_rcc.o
    0x080028c4   0x0000001c   Code   RO          750    i.ReverseRom        function.o
    0x080028e0   0x0000001c   Code   RO          539    i.RomData_ReadByte  variables.o
    0x080028fc   0x00000034   Code   RO          540    i.RomData_ReadBytes  variables.o
    0x08002930   0x0000002c   Code   RO          541    i.RomData_WriteByte  variables.o
    0x0800295c   0x00000044   Code   RO          542    i.RomData_WriteBytes  variables.o
    0x080029a0   0x0000000c   Code   RO          354    i.SPIROM_Init       spirom.o
    0x080029ac   0x00000090   Code   RO          355    i.SPIROM_ReadArray  spirom.o
    0x08002a3c   0x0000004c   Code   RO          356    i.SPIROM_ReadByte   spirom.o
    0x08002a88   0x00000034   Code   RO          357    i.SPIROM_ReadStatus  spirom.o
    0x08002abc   0x00000088   Code   RO          358    i.SPIROM_WriteArray  spirom.o
    0x08002b44   0x00000054   Code   RO          359    i.SPIROM_WriteByte  spirom.o
    0x08002b98   0x00000024   Code   RO          360    i.SPIROM_WriteDisable  spirom.o
    0x08002bbc   0x00000024   Code   RO          361    i.SPIROM_WriteEnable  spirom.o
    0x08002be0   0x00000058   Code   RO          543    i.STMFLASH_Write    variables.o
    0x08002c38   0x00000002   Code   RO         1305    i.SVC_Handler       stm32l4xx_it.o
    0x08002c3a   0x00000002   PAD
    0x08002c3c   0x00000010   Code   RO          302    i.SimSPI2_Init      simspi.o
    0x08002c4c   0x00000068   Code   RO          303    i.SimSPI2_Proc      simspi.o
    0x08002cb4   0x00000004   Code   RO         1306    i.SysTick_Handler   stm32l4xx_it.o
    0x08002cb8   0x00000074   Code   RO          859    i.SystemClock_Config  main.o
    0x08002d2c   0x00000044   Code   RO         3840    i.SystemInit        system_stm32l4xx.o
    0x08002d70   0x0000000e   Code   RO         4140    i.USBD_CUSTOM_HID_DataIn  usbd_customhid.o
    0x08002d7e   0x00000024   Code   RO         4141    i.USBD_CUSTOM_HID_DataOut  usbd_customhid.o
    0x08002da2   0x00000038   Code   RO         4142    i.USBD_CUSTOM_HID_DeInit  usbd_customhid.o
    0x08002dda   0x00000022   Code   RO         4143    i.USBD_CUSTOM_HID_EP0_RxReady  usbd_customhid.o
    0x08002dfc   0x0000000c   Code   RO         4144    i.USBD_CUSTOM_HID_GetDeviceQualifierDesc  usbd_customhid.o
    0x08002e08   0x0000000c   Code   RO         4145    i.USBD_CUSTOM_HID_GetFSCfgDesc  usbd_customhid.o
    0x08002e14   0x0000000c   Code   RO         4146    i.USBD_CUSTOM_HID_GetHSCfgDesc  usbd_customhid.o
    0x08002e20   0x0000000c   Code   RO         4147    i.USBD_CUSTOM_HID_GetOtherSpeedCfgDesc  usbd_customhid.o
    0x08002e2c   0x00000054   Code   RO         4148    i.USBD_CUSTOM_HID_Init  usbd_customhid.o
    0x08002e80   0x00000010   Code   RO         4149    i.USBD_CUSTOM_HID_RegisterInterface  usbd_customhid.o
    0x08002e90   0x0000002c   Code   RO         4150    i.USBD_CUSTOM_HID_SendReport  usbd_customhid.o
    0x08002ebc   0x000000e0   Code   RO         4151    i.USBD_CUSTOM_HID_Setup  usbd_customhid.o
    0x08002f9c   0x0000000e   Code   RO         3877    i.USBD_ClrClassConfig  usbd_core.o
    0x08002faa   0x00000010   Code   RO         4080    i.USBD_CtlContinueRx  usbd_ioreq.o
    0x08002fba   0x00000010   Code   RO         4081    i.USBD_CtlContinueSendData  usbd_ioreq.o
    0x08002fca   0x00000016   Code   RO         4015    i.USBD_CtlError     usbd_ctlreq.o
    0x08002fe0   0x0000001e   Code   RO         4082    i.USBD_CtlPrepareRx  usbd_ioreq.o
    0x08002ffe   0x00000016   Code   RO         4083    i.USBD_CtlReceiveStatus  usbd_ioreq.o
    0x08003014   0x0000001a   Code   RO         4084    i.USBD_CtlSendData  usbd_ioreq.o
    0x0800302e   0x00000016   Code   RO         4085    i.USBD_CtlSendStatus  usbd_ioreq.o
    0x08003044   0x00000020   Code   RO         1164    i.USBD_FS_ConfigStrDescriptor  usbd_desc.o
    0x08003064   0x0000000c   Code   RO         1165    i.USBD_FS_DeviceDescriptor  usbd_desc.o
    0x08003070   0x0000001c   Code   RO         1166    i.USBD_FS_InterfaceStrDescriptor  usbd_desc.o
    0x0800308c   0x0000000c   Code   RO         1167    i.USBD_FS_LangIDStrDescriptor  usbd_desc.o
    0x08003098   0x00000020   Code   RO         1168    i.USBD_FS_ManufacturerStrDescriptor  usbd_desc.o
    0x080030b8   0x00000034   Code   RO         1169    i.USBD_FS_ProductStrDescriptor  usbd_desc.o
    0x080030ec   0x00000038   Code   RO         1170    i.USBD_FS_SerialStrDescriptor  usbd_desc.o
    0x08003124   0x0000000c   Code   RO         1171    i.USBD_FS_USR_BOSDescriptor  usbd_desc.o
    0x08003130   0x000000fe   Code   RO         4016    i.USBD_GetDescriptor  usbd_ctlreq.o
    0x0800322e   0x00000048   Code   RO         4017    i.USBD_GetString    usbd_ctlreq.o
    0x08003276   0x0000002a   Code   RO         3879    i.USBD_Init         usbd_core.o
    0x080032a0   0x00000020   Code   RO          970    i.USBD_LL_ClearStallEP  usbd_conf.o
    0x080032c0   0x00000020   Code   RO          971    i.USBD_LL_CloseEP   usbd_conf.o
    0x080032e0   0x000000c6   Code   RO         3880    i.USBD_LL_DataInStage  usbd_core.o
    0x080033a6   0x00000082   Code   RO         3881    i.USBD_LL_DataOutStage  usbd_core.o
    0x08003428   0x00000078   Code   RO          976    i.USBD_LL_Init      usbd_conf.o
    0x080034a0   0x0000001c   Code   RO          977    i.USBD_LL_IsStallEP  usbd_conf.o
    0x080034bc   0x00000026   Code   RO          978    i.USBD_LL_OpenEP    usbd_conf.o
    0x080034e2   0x00000020   Code   RO          979    i.USBD_LL_PrepareReceive  usbd_conf.o
    0x08003502   0x00000050   Code   RO         3886    i.USBD_LL_Reset     usbd_core.o
    0x08003552   0x0000000c   Code   RO         3887    i.USBD_LL_Resume    usbd_core.o
    0x0800355e   0x00000018   Code   RO         3888    i.USBD_LL_SOF       usbd_core.o
    0x08003576   0x00000006   Code   RO         3889    i.USBD_LL_SetSpeed  usbd_core.o
    0x0800357c   0x00000020   Code   RO          980    i.USBD_LL_SetUSBAddress  usbd_conf.o
    0x0800359c   0x0000005a   Code   RO         3890    i.USBD_LL_SetupStage  usbd_core.o
    0x080035f6   0x00000020   Code   RO          981    i.USBD_LL_StallEP   usbd_conf.o
    0x08003616   0x00000020   Code   RO          982    i.USBD_LL_Start     usbd_conf.o
    0x08003636   0x00000012   Code   RO         3891    i.USBD_LL_Suspend   usbd_core.o
    0x08003648   0x00000020   Code   RO          984    i.USBD_LL_Transmit  usbd_conf.o
    0x08003668   0x00000028   Code   RO         4018    i.USBD_ParseSetupRequest  usbd_ctlreq.o
    0x08003690   0x00000010   Code   RO         3892    i.USBD_RegisterClass  usbd_core.o
    0x080036a0   0x00000016   Code   RO         3894    i.USBD_SetClassConfig  usbd_core.o
    0x080036b6   0x00000002   PAD
    0x080036b8   0x00000084   Code   RO         4019    i.USBD_SetConfig    usbd_ctlreq.o
    0x0800373c   0x0000000a   Code   RO         3895    i.USBD_Start        usbd_core.o
    0x08003746   0x00000112   Code   RO         4020    i.USBD_StdDevReq    usbd_ctlreq.o
    0x08003858   0x00000150   Code   RO         4021    i.USBD_StdEPReq     usbd_ctlreq.o
    0x080039a8   0x0000004e   Code   RO         4022    i.USBD_StdItfReq    usbd_ctlreq.o
    0x080039f6   0x00000002   Code   RO          985    i.USBD_static_free  usbd_conf.o
    0x080039f8   0x00000008   Code   RO          986    i.USBD_static_malloc  usbd_conf.o
    0x08003a00   0x00000306   Code   RO          666    i.USBProc           usbinteraction.o
    0x08003d06   0x00000260   Code   RO         1686    i.USB_ActivateEndpoint  stm32l4xx_ll_usb.o
    0x08003f66   0x00000004   Code   RO         1689    i.USB_CoreInit      stm32l4xx_ll_usb.o
    0x08003f6a   0x0000010e   Code   RO         1691    i.USB_DeactivateEndpoint  stm32l4xx_ll_usb.o
    0x08004078   0x0000000e   Code   RO         1692    i.USB_DevConnect    stm32l4xx_ll_usb.o
    0x08004086   0x0000000e   Code   RO         1693    i.USB_DevDisconnect  stm32l4xx_ll_usb.o
    0x08004094   0x0000001e   Code   RO         1694    i.USB_DevInit       stm32l4xx_ll_usb.o
    0x080040b2   0x00000010   Code   RO         1695    i.USB_DisableGlobalInt  stm32l4xx_ll_usb.o
    0x080040c2   0x00000004   Code   RO         1696    i.USB_EP0_OutStart  stm32l4xx_ll_usb.o
    0x080040c6   0x00000078   Code   RO         1697    i.USB_EPClearStall  stm32l4xx_ll_usb.o
    0x0800413e   0x00000032   Code   RO         1698    i.USB_EPSetStall    stm32l4xx_ll_usb.o
    0x08004170   0x00000182   Code   RO         1699    i.USB_EPStartXfer   stm32l4xx_ll_usb.o
    0x080042f2   0x00000010   Code   RO         1700    i.USB_EnableGlobalInt  stm32l4xx_ll_usb.o
    0x08004302   0x00000002   PAD
    0x08004304   0x0000000c   Code   RO         1307    i.USB_IRQHandler    stm32l4xx_it.o
    0x08004310   0x00000006   Code   RO         1707    i.USB_ReadInterrupts  stm32l4xx_ll_usb.o
    0x08004316   0x00000028   Code   RO         1708    i.USB_ReadPMA       stm32l4xx_ll_usb.o
    0x0800433e   0x00000004   Code   RO         1710    i.USB_SetCurrentMode  stm32l4xx_ll_usb.o
    0x08004342   0x0000000c   Code   RO         1711    i.USB_SetDevAddress  stm32l4xx_ll_usb.o
    0x0800434e   0x00000002   PAD
    0x08004350   0x00000026   Code   RO         1714    i.USB_WritePMA      stm32l4xx_ll_usb.o
    0x08004376   0x00000002   Code   RO         1308    i.UsageFault_Handler  stm32l4xx_it.o
    0x08004378   0x00000020   Code   RO         3650    i.__NVIC_SetPriority  stm32l4xx_hal_cortex.o
    0x08004398   0x00000024   Code   RO          753    i.__NVIC_SystemReset  function.o
    0x080043bc   0x0000000e   Code   RO         4251    i.__scatterload_copy  mc_w.l(handlers.o)
    0x080043ca   0x00000002   Code   RO         4252    i.__scatterload_null  mc_w.l(handlers.o)
    0x080043cc   0x0000000e   Code   RO         4253    i.__scatterload_zeroinit  mc_w.l(handlers.o)
    0x080043da   0x00000002   PAD
    0x080043dc   0x00000030   Code   RO          160    i.lcyHashCalc       lcyhash.o
    0x0800440c   0x00000018   Code   RO          161    i.lcyHashInit       lcyhash.o
    0x08004424   0x00000048   Code   RO          162    i.lcyHashOnce       lcyhash.o
    0x0800446c   0x0000001c   Code   RO          544    i.ledFlash          variables.o
    0x08004488   0x00000060   Code   RO          164    i.loadTab           lcyhash.o
    0x080044e8   0x00000038   Code   RO          860    i.main              main.o
    0x08004520   0x00000048   Code   RO          165    i.sub_Mixed_A       lcyhash.o
    0x08004568   0x00000048   Code   RO          166    i.sub_Mixed_B       lcyhash.o
    0x080045b0   0x00000048   Code   RO          167    i.sub_Shift_L       lcyhash.o
    0x080045f8   0x00000040   Code   RO          168    i.sub_Shift_R       lcyhash.o
    0x08004638   0x000000b0   Code   RO          169    i.sub_add           lcyhash.o
    0x080046e8   0x00000034   Code   RO          170    i.sub_add_4B        lcyhash.o
    0x0800471c   0x00000048   Code   RO          171    i.sub_cal0          lcyhash.o
    0x08004764   0x0000002c   Code   RO          172    i.sub_cal1          lcyhash.o
    0x08004790   0x0000004c   Code   RO          173    i.sub_cal2          lcyhash.o
    0x080047dc   0x00000054   Code   RO          174    i.sub_cal3          lcyhash.o
    0x08004830   0x0000000e   Code   RO          175    i.sub_cal_L_A       lcyhash.o
    0x0800483e   0x0000000e   Code   RO          177    i.sub_cal_R_A       lcyhash.o
    0x0800484c   0x0000000e   Code   RO          178    i.sub_cal_R_B       lcyhash.o
    0x0800485a   0x00000188   Code   RO          179    i.sub_half          lcyhash.o
    0x080049e2   0x00000002   PAD
    0x080049e4   0x0000000c   Code   RO           13    i.wfDelay_init      wfsys.o
    0x080049f0   0x0000001c   Code   RO          545    i.wfFlash_ReadDoubleWords  variables.o
    0x08004a0c   0x00000011   Data   RO          668    .constdata          usbinteraction.o
    0x08004a1d   0x00000003   PAD
    0x08004a20   0x00000040   Data   RO         3841    .constdata          system_stm32l4xx.o
    0x08004a60   0x00000020   Data   RO         4249    Region$$Table       anon$$obj.o


    Execution Region RW_IRAM1 (Base: 0x20000000, Size: 0x000011d8, Max: 0x0000a000, ABSOLUTE, COMPRESSED[0x000000cc])

    Base Addr    Size         Type   Attr      Idx    E Section Name        Object

    0x20000000   0x00000004   Data   RW           16    .data               wfsys.o
    0x20000004   0x00000011   Data   RW          181    .data               lcyhash.o
    0x20000015   0x00000003   PAD
    0x20000018   0x00000004   Data   RW          362    .data               spirom.o
    0x2000001c   0x00000008   Data   RW          554    .data               variables.o
    0x20000024   0x00000004   Data   RW          555    .data               variables.o
    0x20000028   0x00000001   Data   RW          559    .data               variables.o
    0x20000029   0x00000003   Data   RW          560    .data               variables.o
    0x2000002c   0x00000003   Data   RW          561    .data               variables.o
    0x2000002f   0x00000003   Data   RW          562    .data               variables.o
    0x20000032   0x00000001   Data   RW          563    .data               variables.o
    0x20000033   0x00000008   Data   RW          564    .data               variables.o
    0x2000003b   0x00000008   Data   RW          565    .data               variables.o
    0x20000043   0x00000001   Data   RW          566    .data               variables.o
    0x20000044   0x00000004   Data   RW          567    .data               variables.o
    0x20000048   0x00000008   Data   RW          568    .data               variables.o
    0x20000050   0x00000001   Data   RW          569    .data               variables.o
    0x20000051   0x00000001   Data   RW          570    .data               variables.o
    0x20000052   0x00000002   PAD
    0x20000054   0x00000020   Data   RW         1173    .data               usbd_desc.o
    0x20000074   0x0000003e   Data   RW         1174    .data               usbd_desc.o
    0x200000b2   0x00000002   PAD
    0x200000b4   0x00000022   Data   RW         1258    .data               usbd_custom_hid_if.o
    0x200000d6   0x00000002   PAD
    0x200000d8   0x00000010   Data   RW         1259    .data               usbd_custom_hid_if.o
    0x200000e8   0x0000000c   Data   RW         1949    .data               stm32l4xx_hal.o
    0x200000f4   0x00000020   Data   RW         2905    .data               stm32l4xx_hal_flash.o
    0x20000114   0x00000004   Data   RW         3843    .data               system_stm32l4xx.o
    0x20000118   0x00000001   Data   RW         4023    .data               usbd_ctlreq.o
    0x20000119   0x00000003   PAD
    0x2000011c   0x00000038   Data   RW         4152    .data               usbd_customhid.o
    0x20000154   0x0000009a   Data   RW         4153    .data               usbd_customhid.o
    0x200001ee   0x00000002   PAD
    0x200001f0   0x00000010   Zero   RW          180    .bss                lcyhash.o
    0x20000200   0x00000010   Zero   RW          546    .bss                variables.o
    0x20000210   0x00000020   Zero   RW          550    .bss                variables.o
    0x20000230   0x00000040   Zero   RW          667    .bss                usbinteraction.o
    0x20000270   0x0000029c   Zero   RW          922    .bss                usb_device.o
    0x2000050c   0x000002cc   Zero   RW          987    .bss                usbd_conf.o
    0x200007d8   0x00000200   Zero   RW         1172    .bss                usbd_desc.o
    0x200009d8   0x00000800   Zero   RW            1    STACK               startup_stm32l412xx.o


==============================================================================

Image component sizes


      Code (inc. data)   RO Data    RW Data    ZI Data      Debug   Object Name

      2006        136          0          0          0      39461   function.o
       336         16          0          0          0       1095   gpio.o
      1458        176          0         17         16      13027   lcyhash.o
       174          4          0          0          0       2136   main.o
       120         10          0          0          0       1198   simspi.o
       576         24          0          4          0       6421   spirom.o
        36          8        396          0       2048        852   startup_stm32l412xx.o
       162         24          0         12          0       4417   stm32l4xx_hal.o
       198         14          0          0          0      34103   stm32l4xx_hal_cortex.o
       478         68          0         32          0      24012   stm32l4xx_hal_flash.o
      1156         56          0          0          0       8060   stm32l4xx_hal_flash_ex.o
       424         26          0          0          0       3820   stm32l4xx_hal_gpio.o
        44          6          0          0          0        878   stm32l4xx_hal_msp.o
      1804          0          0          0          0      10477   stm32l4xx_hal_pcd.o
        88          0          0          0          0       2020   stm32l4xx_hal_pcd_ex.o
       136         24          0          0          0       1987   stm32l4xx_hal_pwr_ex.o
      1984         68          0          0          0       5962   stm32l4xx_hal_rcc.o
       496         10          0          0          0       1884   stm32l4xx_hal_rcc_ex.o
        32          6          0          0          0       4755   stm32l4xx_it.o
      1632          0          0          0          0      15609   stm32l4xx_ll_usb.o
        68         12         64          4          0       1281   system_stm32l4xx.o
        84         18          0          0        668        816   usb_device.o
       770         36          0          0        716      14339   usbd_conf.o
       662          0          0          0          0      10191   usbd_core.o
      1208         20          0          1          0       8348   usbd_ctlreq.o
        28          4          0         50          0       2256   usbd_custom_hid_if.o
       556         32          0        210          0      11547   usbd_customhid.o
       292        100          0         94        512       6777   usbd_desc.o
       132          0          0          0          0       4680   usbd_ioreq.o
       774         40         17          0         64      11673   usbinteraction.o
       336         44          0         54         48       8980   variables.o
        24          0          0          0          0       1008   verify.o
        12          6          0          4          0     471272   wfsys.o

    ----------------------------------------------------------------------
     18314        988        512        496       4072     735342   Object Totals
         0          0         32          0          0          0   (incl. Generated)
        28          0          3         14          0          0   (incl. Padding)

    ----------------------------------------------------------------------

      Code (inc. data)   RO Data    RW Data    ZI Data      Debug   Library Member Name

        86          0          0          0          0          0   __dczerorl2.o
         0          0          0          0          0          0   entry.o
         0          0          0          0          0          0   entry10a.o
         0          0          0          0          0          0   entry11a.o
         8          4          0          0          0          0   entry2.o
         4          0          0          0          0          0   entry5.o
         0          0          0          0          0          0   entry7b.o
         0          0          0          0          0          0   entry8b.o
         8          4          0          0          0          0   entry9a.o
        30          0          0          0          0          0   handlers.o
        36          8          0          0          0         68   init.o
        36          0          0          0          0         68   memcpya.o
        36          0          0          0          0        108   memseta.o

    ----------------------------------------------------------------------
       246         16          0          0          0        244   Library Totals
         2          0          0          0          0          0   (incl. Padding)

    ----------------------------------------------------------------------

      Code (inc. data)   RO Data    RW Data    ZI Data      Debug   Library Name

       244         16          0          0          0        244   mc_w.l

    ----------------------------------------------------------------------
       246         16          0          0          0        244   Library Totals

    ----------------------------------------------------------------------

==============================================================================


      Code (inc. data)   RO Data    RW Data    ZI Data      Debug   

     18560       1004        512        496       4072     715918   Grand Totals
     18560       1004        512        204       4072     715918   ELF Image Totals (compressed)
     18560       1004        512        204          0          0   ROM Totals

==============================================================================

    Total RO  Size (Code + RO Data)                19072 (  18.63kB)
    Total RW  Size (RW Data + ZI Data)              4568 (   4.46kB)
    Total ROM Size (Code + RO Data + RW Data)      19276 (  18.82kB)

==============================================================================

